
   WARN  Metadata found in doc-comment for method Tests\Unit\Jobs\AnonymizeIpJobTest::it_anonymizes_old_ip_hashes(). Metadata in doc-comments is deprecated and will no longer be supported in PHPUnit 12. Update your test code to use attributes instead.

   WARN  Metadata found in doc-comment for method Tests\Unit\Jobs\AnonymizeIpJobTest::it_respects_custom_retention_days(). Metadata in doc-comments is deprecated and will no longer be supported in PHPUnit 12. Update your test code to use attributes instead.

   WARN  Metadata found in doc-comment for method Tests\Unit\Jobs\AnonymizeIpJobTest::it_handles_null_ip_hashes(). Metadata in doc-comments is deprecated and will no longer be supported in PHPUnit 12. Update your test code to use attributes instead.

   WARN  Metadata found in doc-comment for method Tests\Unit\Jobs\AnonymizeIpJobTest::it_processes_in_chunks(). Metadata in doc-comments is deprecated and will no longer be supported in PHPUnit 12. Update your test code to use attributes instead.

   WARN  Metadata found in doc-comment for method Tests\Unit\Jobs\AnonymizeIpJobTest::it_handles_empty_click_table(). Metadata in doc-comments is deprecated and will no longer be supported in PHPUnit 12. Update your test code to use attributes instead.

   WARN  Metadata found in doc-comment for method Tests\Unit\Jobs\AnonymizeIpJobTest::it_only_anonymizes_clicks_older_than_cutoff(). Metadata in doc-comments is deprecated and will no longer be supported in PHPUnit 12. Update your test code to use attributes instead.

   WARN  Metadata found in doc-comment for method Tests\Unit\Jobs\DeleteOldClicksJobTest::it_deletes_old_clicks_based_on_default_retention(). Metadata in doc-comments is deprecated and will no longer be supported in PHPUnit 12. Update your test code to use attributes instead.

   WARN  Metadata found in doc-comment for method Tests\Unit\Jobs\DeleteOldClicksJobTest::it_respects_custom_retention_days_from_settings(). Metadata in doc-comments is deprecated and will no longer be supported in PHPUnit 12. Update your test code to use attributes instead.

   WARN  Metadata found in doc-comment for method Tests\Unit\Jobs\DeleteOldClicksJobTest::it_handles_zero_retention_days(). Metadata in doc-comments is deprecated and will no longer be supported in PHPUnit 12. Update your test code to use attributes instead.

   WARN  Metadata found in doc-comment for method Tests\Unit\Jobs\DeleteOldClicksJobTest::it_handles_negative_retention_days(). Metadata in doc-comments is deprecated and will no longer be supported in PHPUnit 12. Update your test code to use attributes instead.

   WARN  Metadata found in doc-comment for method Tests\Unit\Jobs\DeleteOldClicksJobTest::it_processes_in_chunks(). Metadata in doc-comments is deprecated and will no longer be supported in PHPUnit 12. Update your test code to use attributes instead.

   WARN  Metadata found in doc-comment for method Tests\Unit\Jobs\DeleteOldClicksJobTest::it_handles_empty_click_table(). Metadata in doc-comments is deprecated and will no longer be supported in PHPUnit 12. Update your test code to use attributes instead.

   WARN  Metadata found in doc-comment for method Tests\Unit\Jobs\DeleteOldClicksJobTest::it_only_deletes_clicks_older_than_cutoff(). Metadata in doc-comments is deprecated and will no longer be supported in PHPUnit 12. Update your test code to use attributes instead.

   WARN  Metadata found in doc-comment for method Tests\Unit\Jobs\DeleteOldClicksJobTest::it_handles_missing_setting_key(). Metadata in doc-comments is deprecated and will no longer be supported in PHPUnit 12. Update your test code to use attributes instead.

   WARN  Metadata found in doc-comment for method Tests\Unit\Jobs\DeleteOldClicksJobTest::it_handles_string_retention_days(). Metadata in doc-comments is deprecated and will no longer be supported in PHPUnit 12. Update your test code to use attributes instead.

   WARN  Metadata found in doc-comment for method Tests\Unit\Jobs\FetchOgTagsJobTest::it_fetches_og_tags_successfully(). Metadata in doc-comments is deprecated and will no longer be supported in PHPUnit 12. Update your test code to use attributes instead.

   WARN  Metadata found in doc-comment for method Tests\Unit\Jobs\FetchOgTagsJobTest::it_handles_missing_link_gracefully(). Metadata in doc-comments is deprecated and will no longer be supported in PHPUnit 12. Update your test code to use attributes instead.

   WARN  Metadata found in doc-comment for method Tests\Unit\Jobs\FetchOgTagsJobTest::it_skips_if_og_tags_already_exist(). Metadata in doc-comments is deprecated and will no longer be supported in PHPUnit 12. Update your test code to use attributes instead.

   WARN  Metadata found in doc-comment for method Tests\Unit\Jobs\FetchOgTagsJobTest::it_handles_http_failure(). Metadata in doc-comments is deprecated and will no longer be supported in PHPUnit 12. Update your test code to use attributes instead.

   WARN  Metadata found in doc-comment for method Tests\Unit\Jobs\FetchOgTagsJobTest::it_handles_timeout(). Metadata in doc-comments is deprecated and will no longer be supported in PHPUnit 12. Update your test code to use attributes instead.

   WARN  Metadata found in doc-comment for method Tests\Unit\Jobs\FetchOgTagsJobTest::it_extracts_meta_tags_with_different_formats(). Metadata in doc-comments is deprecated and will no longer be supported in PHPUnit 12. Update your test code to use attributes instead.

   WARN  Metadata found in doc-comment for method Tests\Unit\Jobs\FetchOgTagsJobTest::it_falls_back_to_title_tag(). Metadata in doc-comments is deprecated and will no longer be supported in PHPUnit 12. Update your test code to use attributes instead.

   WARN  Metadata found in doc-comment for method Tests\Unit\Jobs\FetchOgTagsJobTest::it_truncates_long_content(). Metadata in doc-comments is deprecated and will no longer be supported in PHPUnit 12. Update your test code to use attributes instead.

   WARN  Metadata found in doc-comment for method Tests\Unit\Jobs\FetchOgTagsJobTest::it_strips_html_tags_from_content(). Metadata in doc-comments is deprecated and will no longer be supported in PHPUnit 12. Update your test code to use attributes instead.

   WARN  Metadata found in doc-comment for method Tests\Unit\Jobs\FetchOgTagsJobTest::it_handles_twitter_image_fallback(). Metadata in doc-comments is deprecated and will no longer be supported in PHPUnit 12. Update your test code to use attributes instead.

   WARN  Metadata found in doc-comment for method Tests\Unit\Jobs\FetchOgTagsJobTest::it_only_updates_empty_fields(). Metadata in doc-comments is deprecated and will no longer be supported in PHPUnit 12. Update your test code to use attributes instead.

   WARN  Metadata found in doc-comment for method Tests\Unit\Jobs\FetchOgTagsJobTest::it_handles_malformed_html(). Metadata in doc-comments is deprecated and will no longer be supported in PHPUnit 12. Update your test code to use attributes instead.

   WARN  Metadata found in doc-comment for method Tests\Unit\Jobs\LogClickJobTest::it_logs_click_successfully(). Metadata in doc-comments is deprecated and will no longer be supported in PHPUnit 12. Update your test code to use attributes instead.

   WARN  Metadata found in doc-comment for method Tests\Unit\Jobs\LogClickJobTest::it_records_to_analytics_summary(). Metadata in doc-comments is deprecated and will no longer be supported in PHPUnit 12. Update your test code to use attributes instead.

   WARN  Metadata found in doc-comment for method Tests\Unit\Jobs\LogClickJobTest::it_skips_affiliate_processing_when_feature_disabled(). Metadata in doc-comments is deprecated and will no longer be supported in PHPUnit 12. Update your test code to use attributes instead.

   WARN  Metadata found in doc-comment for method Tests\Unit\Jobs\LogClickJobTest::it_processes_affiliate_visit_when_enabled(). Metadata in doc-comments is deprecated and will no longer be supported in PHPUnit 12. Update your test code to use attributes instead.

   WARN  Metadata found in doc-comment for method Tests\Unit\Jobs\LogClickJobTest::it_handles_missing_link_gracefully(). Metadata in doc-comments is deprecated and will no longer be supported in PHPUnit 12. Update your test code to use attributes instead.

   WARN  Metadata found in doc-comment for method Tests\Unit\Jobs\LogClickJobTest::it_handles_inactive_affiliate(). Metadata in doc-comments is deprecated and will no longer be supported in PHPUnit 12. Update your test code to use attributes instead.

   WARN  Metadata found in doc-comment for method Tests\Unit\Jobs\LogClickJobTest::it_handles_missing_ip_hash(). Metadata in doc-comments is deprecated and will no longer be supported in PHPUnit 12. Update your test code to use attributes instead.

   WARN  Metadata found in doc-comment for method Tests\Unit\Jobs\LogClickJobTest::it_handles_country_not_in_tier(). Metadata in doc-comments is deprecated and will no longer be supported in PHPUnit 12. Update your test code to use attributes instead.

   WARN  Metadata found in doc-comment for method Tests\Unit\Jobs\LogClickJobTest::it_prevents_duplicate_ip_visits(). Metadata in doc-comments is deprecated and will no longer be supported in PHPUnit 12. Update your test code to use attributes instead.

   WARN  Metadata found in doc-comment for method Tests\Unit\Jobs\LogClickJobTest::it_handles_missing_country_code(). Metadata in doc-comments is deprecated and will no longer be supported in PHPUnit 12. Update your test code to use attributes instead.

   WARN  Metadata found in doc-comment for method Tests\Unit\Jobs\SyncAffiliateEarningsJobTest::it_syncs_all_active_affiliates(). Metadata in doc-comments is deprecated and will no longer be supported in PHPUnit 12. Update your test code to use attributes instead.

   WARN  Metadata found in doc-comment for method Tests\Unit\Jobs\SyncAffiliateEarningsJobTest::it_syncs_specific_affiliate(). Metadata in doc-comments is deprecated and will no longer be supported in PHPUnit 12. Update your test code to use attributes instead.

   WARN  Metadata found in doc-comment for method Tests\Unit\Jobs\SyncAffiliateEarningsJobTest::it_handles_inactive_affiliates(). Metadata in doc-comments is deprecated and will no longer be supported in PHPUnit 12. Update your test code to use attributes instead.

   WARN  Metadata found in doc-comment for method Tests\Unit\Jobs\SyncAffiliateEarningsJobTest::it_handles_visits_without_tier(). Metadata in doc-comments is deprecated and will no longer be supported in PHPUnit 12. Update your test code to use attributes instead.

   WARN  Metadata found in doc-comment for method Tests\Unit\Jobs\SyncAffiliateEarningsJobTest::it_handles_inactive_tiers(). Metadata in doc-comments is deprecated and will no longer be supported in PHPUnit 12. Update your test code to use attributes instead.

   WARN  Metadata found in doc-comment for method Tests\Unit\Jobs\SyncAffiliateEarningsJobTest::it_handles_paid_earnings_correctly(). Metadata in doc-comments is deprecated and will no longer be supported in PHPUnit 12. Update your test code to use attributes instead.

   WARN  Metadata found in doc-comment for method Tests\Unit\Jobs\SyncAffiliateEarningsJobTest::it_handles_multiple_tiers_for_same_affiliate(). Metadata in doc-comments is deprecated and will no longer be supported in PHPUnit 12. Update your test code to use attributes instead.

   WARN  Metadata found in doc-comment for method Tests\Unit\Jobs\SyncAffiliateEarningsJobTest::it_handles_missing_affiliate_gracefully(). Metadata in doc-comments is deprecated and will no longer be supported in PHPUnit 12. Update your test code to use attributes instead.

   WARN  Metadata found in doc-comment for method Tests\Unit\Jobs\SyncAffiliateEarningsJobTest::it_handles_no_visits(). Metadata in doc-comments is deprecated and will no longer be supported in PHPUnit 12. Update your test code to use attributes instead.

   WARN  Metadata found in doc-comment for method Tests\Unit\Jobs\SyncAffiliateEarningsJobTest::it_rounds_earnings_correctly(). Metadata in doc-comments is deprecated and will no longer be supported in PHPUnit 12. Update your test code to use attributes instead.

   WARN  Metadata found in doc-comment for method Tests\Unit\Jobs\SyncReferralCommissionsJobTest::it_processes_referral_commissions_for_active_referrers(). Metadata in doc-comments is deprecated and will no longer be supported in PHPUnit 12. Update your test code to use attributes instead.

   WARN  Metadata found in doc-comment for method Tests\Unit\Jobs\SyncReferralCommissionsJobTest::it_uses_configured_commission_rate(). Metadata in doc-comments is deprecated and will no longer be supported in PHPUnit 12. Update your test code to use attributes instead.

   WARN  Metadata found in doc-comment for method Tests\Unit\Jobs\SyncReferralCommissionsJobTest::it_skips_inactive_referrers(). Metadata in doc-comments is deprecated and will no longer be supported in PHPUnit 12. Update your test code to use attributes instead.

   WARN  Metadata found in doc-comment for method Tests\Unit\Jobs\SyncReferralCommissionsJobTest::it_skips_inactive_referrals(). Metadata in doc-comments is deprecated and will no longer be supported in PHPUnit 12. Update your test code to use attributes instead.

   WARN  Metadata found in doc-comment for method Tests\Unit\Jobs\SyncReferralCommissionsJobTest::it_handles_zero_referral_earnings(). Metadata in doc-comments is deprecated and will no longer be supported in PHPUnit 12. Update your test code to use attributes instead.

   WARN  Metadata found in doc-comment for method Tests\Unit\Jobs\SyncReferralCommissionsJobTest::it_handles_invalid_commission_rate(). Metadata in doc-comments is deprecated and will no longer be supported in PHPUnit 12. Update your test code to use attributes instead.

   WARN  Metadata found in doc-comment for method Tests\Unit\Jobs\SyncReferralCommissionsJobTest::it_accumulates_referral_earnings(). Metadata in doc-comments is deprecated and will no longer be supported in PHPUnit 12. Update your test code to use attributes instead.

   WARN  Metadata found in doc-comment for method Tests\Unit\Jobs\SyncReferralCommissionsJobTest::it_handles_default_date_when_not_provided(). Metadata in doc-comments is deprecated and will no longer be supported in PHPUnit 12. Update your test code to use attributes instead.

   WARN  Metadata found in doc-comment for method Tests\Unit\Jobs\SyncReferralCommissionsJobTest::it_does_not_duplicate_commissions_for_same_date(). Metadata in doc-comments is deprecated and will no longer be supported in PHPUnit 12. Update your test code to use attributes instead.

   WARN  Metadata found in doc-comment for method Tests\Unit\Models\AdTest::it_casts_attributes_correctly(). Metadata in doc-comments is deprecated and will no longer be supported in PHPUnit 12. Update your test code to use attributes instead.

   WARN  Metadata found in doc-comment for method Tests\Unit\Models\AdTest::it_clears_cache_on_creation(). Metadata in doc-comments is deprecated and will no longer be supported in PHPUnit 12. Update your test code to use attributes instead.

   WARN  Metadata found in doc-comment for method Tests\Unit\Models\AdTest::it_clears_cache_on_update(). Metadata in doc-comments is deprecated and will no longer be supported in PHPUnit 12. Update your test code to use attributes instead.

   WARN  Metadata found in doc-comment for method Tests\Unit\Models\AdTest::it_clears_cache_on_deletion(). Metadata in doc-comments is deprecated and will no longer be supported in PHPUnit 12. Update your test code to use attributes instead.

   WARN  Metadata found in doc-comment for method Tests\Unit\Models\AdTest::it_gets_cached_active_ads(). Metadata in doc-comments is deprecated and will no longer be supported in PHPUnit 12. Update your test code to use attributes instead.

   WARN  Metadata found in doc-comment for method Tests\Unit\Models\AdTest::it_gets_cached_ad_for_placement(). Metadata in doc-comments is deprecated and will no longer be supported in PHPUnit 12. Update your test code to use attributes instead.

   WARN  Metadata found in doc-comment for method Tests\Unit\Models\AdTest::it_returns_random_ad_for_placement_with_multiple_options(). Metadata in doc-comments is deprecated and will no longer be supported in PHPUnit 12. Update your test code to use attributes instead.

   WARN  Metadata found in doc-comment for method Tests\Unit\Models\AdTest::it_filters_active_ads(). Metadata in doc-comments is deprecated and will no longer be supported in PHPUnit 12. Update your test code to use attributes instead.

   WARN  Metadata found in doc-comment for method Tests\Unit\Models\AdTest::it_filters_banner_ads(). Metadata in doc-comments is deprecated and will no longer be supported in PHPUnit 12. Update your test code to use attributes instead.

   WARN  Metadata found in doc-comment for method Tests\Unit\Models\AdTest::it_filters_interstitial_ads(). Metadata in doc-comments is deprecated and will no longer be supported in PHPUnit 12. Update your test code to use attributes instead.

   WARN  Metadata found in doc-comment for method Tests\Unit\Models\AdTest::it_filters_ads_by_country(). Metadata in doc-comments is deprecated and will no longer be supported in PHPUnit 12. Update your test code to use attributes instead.

   WARN  Metadata found in doc-comment for method Tests\Unit\Models\AdTest::it_filters_ads_by_placement(). Metadata in doc-comments is deprecated and will no longer be supported in PHPUnit 12. Update your test code to use attributes instead.

   WARN  Metadata found in doc-comment for method Tests\Unit\Models\AdTest::it_filters_redirect_ads(). Metadata in doc-comments is deprecated and will no longer be supported in PHPUnit 12. Update your test code to use attributes instead.

   WARN  Metadata found in doc-comment for method Tests\Unit\Models\AdTest::it_filters_header_ads(). Metadata in doc-comments is deprecated and will no longer be supported in PHPUnit 12. Update your test code to use attributes instead.

   WARN  Metadata found in doc-comment for method Tests\Unit\Models\AdTest::it_filters_footer_ads(). Metadata in doc-comments is deprecated and will no longer be supported in PHPUnit 12. Update your test code to use attributes instead.

   WARN  Metadata found in doc-comment for method Tests\Unit\Models\AdTest::it_filters_sidebar_ads(). Metadata in doc-comments is deprecated and will no longer be supported in PHPUnit 12. Update your test code to use attributes instead.

   WARN  Metadata found in doc-comment for method Tests\Unit\Models\AdTest::it_filters_left_side_ads(). Metadata in doc-comments is deprecated and will no longer be supported in PHPUnit 12. Update your test code to use attributes instead.

   WARN  Metadata found in doc-comment for method Tests\Unit\Models\AdTest::it_filters_right_side_ads(). Metadata in doc-comments is deprecated and will no longer be supported in PHPUnit 12. Update your test code to use attributes instead.

   WARN  Metadata found in doc-comment for method Tests\Unit\Models\AdTest::it_filters_before_counter_ads(). Metadata in doc-comments is deprecated and will no longer be supported in PHPUnit 12. Update your test code to use attributes instead.

   WARN  Metadata found in doc-comment for method Tests\Unit\Models\AdTest::it_filters_under_counter_ads(). Metadata in doc-comments is deprecated and will no longer be supported in PHPUnit 12. Update your test code to use attributes instead.

   WARN  Metadata found in doc-comment for method Tests\Unit\Models\AdTest::it_filters_above_button_ads(). Metadata in doc-comments is deprecated and will no longer be supported in PHPUnit 12. Update your test code to use attributes instead.

   WARN  Metadata found in doc-comment for method Tests\Unit\Models\AdTest::it_filters_under_button_ads(). Metadata in doc-comments is deprecated and will no longer be supported in PHPUnit 12. Update your test code to use attributes instead.

   WARN  Metadata found in doc-comment for method Tests\Unit\Models\AdTest::it_filters_popup_ads(). Metadata in doc-comments is deprecated and will no longer be supported in PHPUnit 12. Update your test code to use attributes instead.

   WARN  Metadata found in doc-comment for method Tests\Unit\Models\AdTest::it_handles_fillable_fields(). Metadata in doc-comments is deprecated and will no longer be supported in PHPUnit 12. Update your test code to use attributes instead.

   WARN  Metadata found in doc-comment for method Tests\Unit\Models\AdTest::it_handles_empty_target_countries(). Metadata in doc-comments is deprecated and will no longer be supported in PHPUnit 12. Update your test code to use attributes instead.

   WARN  Metadata found in doc-comment for method Tests\Unit\Models\AdTest::it_combines_multiple_scopes(). Metadata in doc-comments is deprecated and will no longer be supported in PHPUnit 12. Update your test code to use attributes instead.

   WARN  Metadata found in doc-comment for method Tests\Unit\Models\AdTest::it_handles_null_target_countries_in_country_filter(). Metadata in doc-comments is deprecated and will no longer be supported in PHPUnit 12. Update your test code to use attributes instead.

   WARN  Metadata found in doc-comment for method Tests\Unit\Models\AffiliateReferralTest::it_can_get_total_earnings_including_referrals(). Metadata in doc-comments is deprecated and will no longer be supported in PHPUnit 12. Update your test code to use attributes instead.

   WARN  Metadata found in doc-comment for method Tests\Unit\Models\AffiliateReferralTest::it_can_get_total_pending_earnings_including_referrals(). Metadata in doc-comments is deprecated and will no longer be supported in PHPUnit 12. Update your test code to use attributes instead.

   WARN  Metadata found in doc-comment for method Tests\Unit\Models\AffiliateReferralTest::it_can_check_payout_eligibility_with_referrals(). Metadata in doc-comments is deprecated and will no longer be supported in PHPUnit 12. Update your test code to use attributes instead.

   WARN  Metadata found in doc-comment for method Tests\Unit\Models\AffiliateReferralTest::it_can_count_referred_affiliates(). Metadata in doc-comments is deprecated and will no longer be supported in PHPUnit 12. Update your test code to use attributes instead.

   WARN  Metadata found in doc-comment for method Tests\Unit\Models\AffiliateReferralTest::it_only_counts_active_referred_affiliates(). Metadata in doc-comments is deprecated and will no longer be supported in PHPUnit 12. Update your test code to use attributes instead.

   WARN  Metadata found in doc-comment for method Tests\Unit\Models\AffiliateReferralTest::it_has_referred_users_relationship(). Metadata in doc-comments is deprecated and will no longer be supported in PHPUnit 12. Update your test code to use attributes instead.

   WARN  Metadata found in doc-comment for method Tests\Unit\Models\AffiliateReferralTest::it_has_referral_commissions_as_referrer_relationship(). Metadata in doc-comments is deprecated and will no longer be supported in PHPUnit 12. Update your test code to use attributes instead.

   WARN  Metadata found in doc-comment for method Tests\Unit\Models\AffiliateReferralTest::it_has_referral_commissions_as_referral_relationship(). Metadata in doc-comments is deprecated and will no longer be supported in PHPUnit 12. Update your test code to use attributes instead.

   WARN  Metadata found in doc-comment for method Tests\Unit\Models\AffiliateReferralTest::referral_earnings_are_cast_to_decimal(). Metadata in doc-comments is deprecated and will no longer be supported in PHPUnit 12. Update your test code to use attributes instead.

   WARN  Metadata found in doc-comment for method Tests\Unit\Models\AffiliateReferralTest::referral_fields_are_mass_assignable(). Metadata in doc-comments is deprecated and will no longer be supported in PHPUnit 12. Update your test code to use attributes instead.

   WARN  Metadata found in doc-comment for method Tests\Unit\Models\ClickTest::it_belongs_to_link(). Metadata in doc-comments is deprecated and will no longer be supported in PHPUnit 12. Update your test code to use attributes instead.

   WARN  Metadata found in doc-comment for method Tests\Unit\Models\ClickTest::it_filters_clicks_by_link(). Metadata in doc-comments is deprecated and will no longer be supported in PHPUnit 12. Update your test code to use attributes instead.

   WARN  Metadata found in doc-comment for method Tests\Unit\Models\ClickTest::it_filters_clicks_by_period(). Metadata in doc-comments is deprecated and will no longer be supported in PHPUnit 12. Update your test code to use attributes instead.

   WARN  Metadata found in doc-comment for method Tests\Unit\Models\ClickTest::it_filters_clicks_by_country(). Metadata in doc-comments is deprecated and will no longer be supported in PHPUnit 12. Update your test code to use attributes instead.

   WARN  Metadata found in doc-comment for method Tests\Unit\Models\ClickTest::it_filters_clicks_by_device_type(). Metadata in doc-comments is deprecated and will no longer be supported in PHPUnit 12. Update your test code to use attributes instead.

   WARN  Metadata found in doc-comment for method Tests\Unit\Models\ClickTest::it_filters_clicks_by_referrer_domain(). Metadata in doc-comments is deprecated and will no longer be supported in PHPUnit 12. Update your test code to use attributes instead.

   WARN  Metadata found in doc-comment for method Tests\Unit\Models\ClickTest::it_handles_null_referrer_in_with_referrer_scope(). Metadata in doc-comments is deprecated and will no longer be supported in PHPUnit 12. Update your test code to use attributes instead.

   WARN  Metadata found in doc-comment for method Tests\Unit\Models\ClickTest::it_casts_created_at_to_datetime(). Metadata in doc-comments is deprecated and will no longer be supported in PHPUnit 12. Update your test code to use attributes instead.

   WARN  Metadata found in doc-comment for method Tests\Unit\Models\ClickTest::it_handles_fillable_fields(). Metadata in doc-comments is deprecated and will no longer be supported in PHPUnit 12. Update your test code to use attributes instead.

   WARN  Metadata found in doc-comment for method Tests\Unit\Models\ClickTest::it_combines_multiple_scopes(). Metadata in doc-comments is deprecated and will no longer be supported in PHPUnit 12. Update your test code to use attributes instead.

   WARN  Metadata found in doc-comment for method Tests\Unit\Models\ClickTest::it_handles_empty_results_in_scopes(). Metadata in doc-comments is deprecated and will no longer be supported in PHPUnit 12. Update your test code to use attributes instead.

   WARN  Metadata found in doc-comment for method Tests\Unit\Models\ClickTest::it_preserves_timestamps(). Metadata in doc-comments is deprecated and will no longer be supported in PHPUnit 12. Update your test code to use attributes instead.

   WARN  Metadata found in doc-comment for method Tests\Unit\Models\ClickTest::it_handles_case_insensitive_country_codes(). Metadata in doc-comments is deprecated and will no longer be supported in PHPUnit 12. Update your test code to use attributes instead.

   WARN  Metadata found in doc-comment for method Tests\Unit\Models\ClickTest::it_handles_case_insensitive_device_types(). Metadata in doc-comments is deprecated and will no longer be supported in PHPUnit 12. Update your test code to use attributes instead.

   WARN  Metadata found in doc-comment for method Tests\Unit\Models\LinkTest::it_uses_soft_deletes(). Metadata in doc-comments is deprecated and will no longer be supported in PHPUnit 12. Update your test code to use attributes instead.

   WARN  Metadata found in doc-comment for method Tests\Unit\Models\LinkTest::it_hashes_destination_url_on_save(). Metadata in doc-comments is deprecated and will no longer be supported in PHPUnit 12. Update your test code to use attributes instead.

   WARN  Metadata found in doc-comment for method Tests\Unit\Models\LinkTest::it_updates_hash_when_url_changes(). Metadata in doc-comments is deprecated and will no longer be supported in PHPUnit 12. Update your test code to use attributes instead.

   WARN  Metadata found in doc-comment for method Tests\Unit\Models\LinkTest::it_hashes_password_for_private_links(). Metadata in doc-comments is deprecated and will no longer be supported in PHPUnit 12. Update your test code to use attributes instead.

   WARN  Metadata found in doc-comment for method Tests\Unit\Models\LinkTest::it_removes_password_for_public_links(). Metadata in doc-comments is deprecated and will no longer be supported in PHPUnit 12. Update your test code to use attributes instead.

   WARN  Metadata found in doc-comment for method Tests\Unit\Models\LinkTest::it_does_not_rehash_password_if_unchanged(). Metadata in doc-comments is deprecated and will no longer be supported in PHPUnit 12. Update your test code to use attributes instead.

   WARN  Metadata found in doc-comment for method Tests\Unit\Models\LinkTest::it_belongs_to_user(). Metadata in doc-comments is deprecated and will no longer be supported in PHPUnit 12. Update your test code to use attributes instead.

   WARN  Metadata found in doc-comment for method Tests\Unit\Models\LinkTest::it_belongs_to_domain(). Metadata in doc-comments is deprecated and will no longer be supported in PHPUnit 12. Update your test code to use attributes instead.

   WARN  Metadata found in doc-comment for method Tests\Unit\Models\LinkTest::it_has_many_clicks(). Metadata in doc-comments is deprecated and will no longer be supported in PHPUnit 12. Update your test code to use attributes instead.

   WARN  Metadata found in doc-comment for method Tests\Unit\Models\LinkTest::it_generates_short_url_with_default_domain(). Metadata in doc-comments is deprecated and will no longer be supported in PHPUnit 12. Update your test code to use attributes instead.

   WARN  Metadata found in doc-comment for method Tests\Unit\Models\LinkTest::it_generates_short_url_with_custom_domain(). Metadata in doc-comments is deprecated and will no longer be supported in PHPUnit 12. Update your test code to use attributes instead.

   WARN  Metadata found in doc-comment for method Tests\Unit\Models\LinkTest::it_generates_short_url_with_custom_alias(). Metadata in doc-comments is deprecated and will no longer be supported in PHPUnit 12. Update your test code to use attributes instead.

   WARN  Metadata found in doc-comment for method Tests\Unit\Models\LinkTest::it_adds_https_to_domain_without_protocol(). Metadata in doc-comments is deprecated and will no longer be supported in PHPUnit 12. Update your test code to use attributes instead.

   WARN  Metadata found in doc-comment for method Tests\Unit\Models\LinkTest::it_trims_trailing_slash_from_domain(). Metadata in doc-comments is deprecated and will no longer be supported in PHPUnit 12. Update your test code to use attributes instead.

   WARN  Metadata found in doc-comment for method Tests\Unit\Models\LinkTest::it_filters_active_links(). Metadata in doc-comments is deprecated and will no longer be supported in PHPUnit 12. Update your test code to use attributes instead.

   WARN  Metadata found in doc-comment for method Tests\Unit\Models\LinkTest::it_filters_links_by_user(). Metadata in doc-comments is deprecated and will no longer be supported in PHPUnit 12. Update your test code to use attributes instead.

   WARN  Metadata found in doc-comment for method Tests\Unit\Models\LinkTest::it_increments_clicks_count(). Metadata in doc-comments is deprecated and will no longer be supported in PHPUnit 12. Update your test code to use attributes instead.

   WARN  Metadata found in doc-comment for method Tests\Unit\Models\LinkTest::it_casts_attributes_correctly(). Metadata in doc-comments is deprecated and will no longer be supported in PHPUnit 12. Update your test code to use attributes instead.

   WARN  Metadata found in doc-comment for method Tests\Unit\Models\LinkTest::it_handles_expiration_in_active_scope(). Metadata in doc-comments is deprecated and will no longer be supported in PHPUnit 12. Update your test code to use attributes instead.

   WARN  Metadata found in doc-comment for method Tests\Unit\Models\LinkTest::it_handles_fillable_fields(). Metadata in doc-comments is deprecated and will no longer be supported in PHPUnit 12. Update your test code to use attributes instead.

   WARN  Metadata found in doc-comment for method Tests\Unit\Models\ReferralCommissionTest::it_can_create_referral_commission(). Metadata in doc-comments is deprecated and will no longer be supported in PHPUnit 12. Update your test code to use attributes instead.

   WARN  Metadata found in doc-comment for method Tests\Unit\Models\ReferralCommissionTest::it_has_referrer_relationship(). Metadata in doc-comments is deprecated and will no longer be supported in PHPUnit 12. Update your test code to use attributes instead.

   WARN  Metadata found in doc-comment for method Tests\Unit\Models\ReferralCommissionTest::it_has_referral_relationship(). Metadata in doc-comments is deprecated and will no longer be supported in PHPUnit 12. Update your test code to use attributes instead.

   WARN  Metadata found in doc-comment for method Tests\Unit\Models\ReferralCommissionTest::it_can_scope_by_date_range(). Metadata in doc-comments is deprecated and will no longer be supported in PHPUnit 12. Update your test code to use attributes instead.

   WARN  Metadata found in doc-comment for method Tests\Unit\Models\ReferralCommissionTest::it_can_scope_by_referrer(). Metadata in doc-comments is deprecated and will no longer be supported in PHPUnit 12. Update your test code to use attributes instead.

   WARN  Metadata found in doc-comment for method Tests\Unit\Models\ReferralCommissionTest::it_can_scope_by_referral(). Metadata in doc-comments is deprecated and will no longer be supported in PHPUnit 12. Update your test code to use attributes instead.

   WARN  Metadata found in doc-comment for method Tests\Unit\Models\ReferralCommissionTest::monetary_fields_are_cast_to_decimal(). Metadata in doc-comments is deprecated and will no longer be supported in PHPUnit 12. Update your test code to use attributes instead.

   WARN  Metadata found in doc-comment for method Tests\Unit\Models\ReferralCommissionTest::commission_date_is_cast_to_date(). Metadata in doc-comments is deprecated and will no longer be supported in PHPUnit 12. Update your test code to use attributes instead.

   WARN  Metadata found in doc-comment for method Tests\Unit\Models\ReferralCommissionTest::all_fields_are_mass_assignable(). Metadata in doc-comments is deprecated and will no longer be supported in PHPUnit 12. Update your test code to use attributes instead.

   WARN  Metadata found in doc-comment for method Tests\Unit\Models\UserReferralTest::it_has_referred_by_relationship(). Metadata in doc-comments is deprecated and will no longer be supported in PHPUnit 12. Update your test code to use attributes instead.

   WARN  Metadata found in doc-comment for method Tests\Unit\Models\UserReferralTest::referred_by_relationship_returns_null_when_no_referrer(). Metadata in doc-comments is deprecated and will no longer be supported in PHPUnit 12. Update your test code to use attributes instead.

   WARN  Metadata found in doc-comment for method Tests\Unit\Models\UserReferralTest::it_has_referred_users_relationship(). Metadata in doc-comments is deprecated and will no longer be supported in PHPUnit 12. Update your test code to use attributes instead.

   WARN  Metadata found in doc-comment for method Tests\Unit\Models\UserReferralTest::referred_users_relationship_returns_empty_when_no_referrals(). Metadata in doc-comments is deprecated and will no longer be supported in PHPUnit 12. Update your test code to use attributes instead.

   WARN  Metadata found in doc-comment for method Tests\Unit\Models\UserReferralTest::it_can_have_multiple_referred_users(). Metadata in doc-comments is deprecated and will no longer be supported in PHPUnit 12. Update your test code to use attributes instead.

   WARN  Metadata found in doc-comment for method Tests\Unit\Models\UserReferralTest::referred_by_affiliate_id_is_mass_assignable(). Metadata in doc-comments is deprecated and will no longer be supported in PHPUnit 12. Update your test code to use attributes instead.

   WARN  Metadata found in doc-comment for method Tests\Unit\Models\UserReferralTest::it_can_check_if_user_was_referred(). Metadata in doc-comments is deprecated and will no longer be supported in PHPUnit 12. Update your test code to use attributes instead.

   WARN  Metadata found in doc-comment for method Tests\Unit\Models\UserReferralTest::it_can_get_referral_chain_depth(). Metadata in doc-comments is deprecated and will no longer be supported in PHPUnit 12. Update your test code to use attributes instead.

   WARN  Metadata found in doc-comment for method Tests\Unit\Models\UserReferralTest::it_handles_null_referred_by_affiliate_id_gracefully(). Metadata in doc-comments is deprecated and will no longer be supported in PHPUnit 12. Update your test code to use attributes instead.

   WARN  Metadata found in doc-comment for method Tests\Unit\Models\UserTest::it_has_many_links(). Metadata in doc-comments is deprecated and will no longer be supported in PHPUnit 12. Update your test code to use attributes instead.

   WARN  Metadata found in doc-comment for method Tests\Unit\Models\UserTest::it_has_one_affiliate(). Metadata in doc-comments is deprecated and will no longer be supported in PHPUnit 12. Update your test code to use attributes instead.

   WARN  Metadata found in doc-comment for method Tests\Unit\Models\UserTest::it_can_have_no_affiliate(). Metadata in doc-comments is deprecated and will no longer be supported in PHPUnit 12. Update your test code to use attributes instead.

   WARN  Metadata found in doc-comment for method Tests\Unit\Models\UserTest::it_has_many_social_accounts(). Metadata in doc-comments is deprecated and will no longer be supported in PHPUnit 12. Update your test code to use attributes instead.

   WARN  Metadata found in doc-comment for method Tests\Unit\Models\UserTest::it_has_many_reviewed_reports(). Metadata in doc-comments is deprecated and will no longer be supported in PHPUnit 12. Update your test code to use attributes instead.

   WARN  Metadata found in doc-comment for method Tests\Unit\Models\UserTest::it_identifies_admin_users(). Metadata in doc-comments is deprecated and will no longer be supported in PHPUnit 12. Update your test code to use attributes instead.

   WARN  Metadata found in doc-comment for method Tests\Unit\Models\UserTest::it_assigns_valid_roles(). Metadata in doc-comments is deprecated and will no longer be supported in PHPUnit 12. Update your test code to use attributes instead.

   WARN  Metadata found in doc-comment for method Tests\Unit\Models\UserTest::it_rejects_invalid_roles(). Metadata in doc-comments is deprecated and will no longer be supported in PHPUnit 12. Update your test code to use attributes instead.

   WARN  Metadata found in doc-comment for method Tests\Unit\Models\UserTest::it_checks_user_roles(). Metadata in doc-comments is deprecated and will no longer be supported in PHPUnit 12. Update your test code to use attributes instead.

   WARN  Metadata found in doc-comment for method Tests\Unit\Models\UserTest::it_casts_email_verified_at_to_datetime(). Metadata in doc-comments is deprecated and will no longer be supported in PHPUnit 12. Update your test code to use attributes instead.

   WARN  Metadata found in doc-comment for method Tests\Unit\Models\UserTest::it_hashes_password_automatically(). Metadata in doc-comments is deprecated and will no longer be supported in PHPUnit 12. Update your test code to use attributes instead.

   WARN  Metadata found in doc-comment for method Tests\Unit\Models\UserTest::it_handles_fillable_fields(). Metadata in doc-comments is deprecated and will no longer be supported in PHPUnit 12. Update your test code to use attributes instead.

   WARN  Metadata found in doc-comment for method Tests\Unit\Models\UserTest::it_hides_sensitive_attributes(). Metadata in doc-comments is deprecated and will no longer be supported in PHPUnit 12. Update your test code to use attributes instead.

   WARN  Metadata found in doc-comment for method Tests\Unit\Models\UserTest::it_uses_notifications(). Metadata in doc-comments is deprecated and will no longer be supported in PHPUnit 12. Update your test code to use attributes instead.

   WARN  Metadata found in doc-comment for method Tests\Unit\Models\UserTest::it_handles_default_role(). Metadata in doc-comments is deprecated and will no longer be supported in PHPUnit 12. Update your test code to use attributes instead.

   WARN  Metadata found in doc-comment for method Tests\Unit\Models\UserTest::it_can_be_created_without_avatar(). Metadata in doc-comments is deprecated and will no longer be supported in PHPUnit 12. Update your test code to use attributes instead.

   WARN  Metadata found in doc-comment for method Tests\Unit\Models\UserTest::it_preserves_email_case(). Metadata in doc-comments is deprecated and will no longer be supported in PHPUnit 12. Update your test code to use attributes instead.

   WARN  Metadata found in doc-comment for method Tests\Unit\Models\UserTest::it_handles_null_email_verified_at(). Metadata in doc-comments is deprecated and will no longer be supported in PHPUnit 12. Update your test code to use attributes instead.

   WARN  Metadata found in doc-comment for method Tests\Unit\Models\UserTest::it_updates_role_correctly(). Metadata in doc-comments is deprecated and will no longer be supported in PHPUnit 12. Update your test code to use attributes instead.

   WARN  Metadata found in doc-comment for method Tests\Unit\Models\UserTest::it_handles_role_assignment_with_existing_role(). Metadata in doc-comments is deprecated and will no longer be supported in PHPUnit 12. Update your test code to use attributes instead.

   WARN  Metadata found in doc-comment for method Tests\Unit\Models\UserTest::it_authenticates_with_correct_password(). Metadata in doc-comments is deprecated and will no longer be supported in PHPUnit 12. Update your test code to use attributes instead.

   WARN  Metadata found in doc-comment for method Tests\Unit\Models\UserTest::it_does_not_authenticate_with_wrong_password(). Metadata in doc-comments is deprecated and will no longer be supported in PHPUnit 12. Update your test code to use attributes instead.

   WARN  Metadata found in doc-comment for method Tests\Unit\Services\CaptchaServiceTest::it_returns_false_when_settings_table_not_exists(). Metadata in doc-comments is deprecated and will no longer be supported in PHPUnit 12. Update your test code to use attributes instead.

   WARN  Metadata found in doc-comment for method Tests\Unit\Services\CaptchaServiceTest::it_returns_false_when_captcha_disabled(). Metadata in doc-comments is deprecated and will no longer be supported in PHPUnit 12. Update your test code to use attributes instead.

   WARN  Metadata found in doc-comment for method Tests\Unit\Services\CaptchaServiceTest::it_returns_true_when_captcha_enabled(). Metadata in doc-comments is deprecated and will no longer be supported in PHPUnit 12. Update your test code to use attributes instead.

   WARN  Metadata found in doc-comment for method Tests\Unit\Services\CaptchaServiceTest::it_returns_default_site_key_when_not_set(). Metadata in doc-comments is deprecated and will no longer be supported in PHPUnit 12. Update your test code to use attributes instead.

   WARN  Metadata found in doc-comment for method Tests\Unit\Services\CaptchaServiceTest::it_returns_configured_site_key(). Metadata in doc-comments is deprecated and will no longer be supported in PHPUnit 12. Update your test code to use attributes instead.

   WARN  Metadata found in doc-comment for method Tests\Unit\Services\CaptchaServiceTest::it_returns_true_when_captcha_disabled_during_verification(). Metadata in doc-comments is deprecated and will no longer be supported in PHPUnit 12. Update your test code to use attributes instead.

   WARN  Metadata found in doc-comment for method Tests\Unit\Services\CaptchaServiceTest::it_returns_false_when_token_empty(). Metadata in doc-comments is deprecated and will no longer be supported in PHPUnit 12. Update your test code to use attributes instead.

   WARN  Metadata found in doc-comment for method Tests\Unit\Services\CaptchaServiceTest::it_returns_true_when_secret_key_missing(). Metadata in doc-comments is deprecated and will no longer be supported in PHPUnit 12. Update your test code to use attributes instead.

   WARN  Metadata found in doc-comment for method Tests\Unit\Services\CaptchaServiceTest::it_verifies_valid_token(). Metadata in doc-comments is deprecated and will no longer be supported in PHPUnit 12. Update your test code to use attributes instead.

   WARN  Metadata found in doc-comment for method Tests\Unit\Services\CaptchaServiceTest::it_rejects_invalid_token(). Metadata in doc-comments is deprecated and will no longer be supported in PHPUnit 12. Update your test code to use attributes instead.

   WARN  Metadata found in doc-comment for method Tests\Unit\Services\CaptchaServiceTest::it_handles_http_timeout(). Metadata in doc-comments is deprecated and will no longer be supported in PHPUnit 12. Update your test code to use attributes instead.

   WARN  Metadata found in doc-comment for method Tests\Unit\Services\CaptchaServiceTest::it_handles_http_error(). Metadata in doc-comments is deprecated and will no longer be supported in PHPUnit 12. Update your test code to use attributes instead.

   WARN  Metadata found in doc-comment for method Tests\Unit\Services\CaptchaServiceTest::it_sends_correct_request_data(). Metadata in doc-comments is deprecated and will no longer be supported in PHPUnit 12. Update your test code to use attributes instead.

   WARN  Metadata found in doc-comment for method Tests\Unit\Services\CaptchaServiceTest::it_handles_malformed_response(). Metadata in doc-comments is deprecated and will no longer be supported in PHPUnit 12. Update your test code to use attributes instead.

   WARN  Metadata found in doc-comment for method Tests\Unit\Services\CaptchaServiceTest::it_handles_missing_success_field(). Metadata in doc-comments is deprecated and will no longer be supported in PHPUnit 12. Update your test code to use attributes instead.

   WARN  Metadata found in doc-comment for method Tests\Unit\Services\CaptchaServiceTest::it_caches_settings_table_existence_check(). Metadata in doc-comments is deprecated and will no longer be supported in PHPUnit 12. Update your test code to use attributes instead.

   WARN  Metadata found in doc-comment for method Tests\Unit\Services\CaptchaServiceTest::it_handles_boolean_string_values(). Metadata in doc-comments is deprecated and will no longer be supported in PHPUnit 12. Update your test code to use attributes instead.

   WARN  Metadata found in doc-comment for method Tests\Unit\Services\CaptchaServiceTest::it_logs_verification_errors(). Metadata in doc-comments is deprecated and will no longer be supported in PHPUnit 12. Update your test code to use attributes instead.

   WARN  Metadata found in doc-comment for method Tests\Unit\Services\CaptchaServiceTest::it_handles_empty_secret_key(). Metadata in doc-comments is deprecated and will no longer be supported in PHPUnit 12. Update your test code to use attributes instead.

   WARN  Metadata found in doc-comment for method Tests\Unit\Services\IndexNowServiceTest::it_returns_enabled_status(). Metadata in doc-comments is deprecated and will no longer be supported in PHPUnit 12. Update your test code to use attributes instead.

   WARN  Metadata found in doc-comment for method Tests\Unit\Services\IndexNowServiceTest::it_returns_host_from_config(). Metadata in doc-comments is deprecated and will no longer be supported in PHPUnit 12. Update your test code to use attributes instead.

   WARN  Metadata found in doc-comment for method Tests\Unit\Services\IndexNowServiceTest::it_submits_url_to_bing(). Metadata in doc-comments is deprecated and will no longer be supported in PHPUnit 12. Update your test code to use attributes instead.

   WARN  Metadata found in doc-comment for method Tests\Unit\Services\IndexNowServiceTest::it_submits_url_to_yandex(). Metadata in doc-comments is deprecated and will no longer be supported in PHPUnit 12. Update your test code to use attributes instead.

   WARN  Metadata found in doc-comment for method Tests\Unit\Services\IndexNowServiceTest::it_submits_url_to_custom_host(). Metadata in doc-comments is deprecated and will no longer be supported in PHPUnit 12. Update your test code to use attributes instead.

   WARN  Metadata found in doc-comment for method Tests\Unit\Services\IndexNowServiceTest::it_returns_false_when_disabled(). Metadata in doc-comments is deprecated and will no longer be supported in PHPUnit 12. Update your test code to use attributes instead.

   WARN  Metadata found in doc-comment for method Tests\Unit\Services\IndexNowServiceTest::it_handles_http_success(). Metadata in doc-comments is deprecated and will no longer be supported in PHPUnit 12. Update your test code to use attributes instead.

   WARN  Metadata found in doc-comment for method Tests\Unit\Services\IndexNowServiceTest::it_handles_http_accepted(). Metadata in doc-comments is deprecated and will no longer be supported in PHPUnit 12. Update your test code to use attributes instead.

   WARN  Metadata found in doc-comment for method Tests\Unit\Services\IndexNowServiceTest::it_handles_http_error(). Metadata in doc-comments is deprecated and will no longer be supported in PHPUnit 12. Update your test code to use attributes instead.

   WARN  Metadata found in doc-comment for method Tests\Unit\Services\IndexNowServiceTest::it_handles_http_timeout(). Metadata in doc-comments is deprecated and will no longer be supported in PHPUnit 12. Update your test code to use attributes instead.

   WARN  Metadata found in doc-comment for method Tests\Unit\Services\IndexNowServiceTest::it_submits_batch_urls(). Metadata in doc-comments is deprecated and will no longer be supported in PHPUnit 12. Update your test code to use attributes instead.

   WARN  Metadata found in doc-comment for method Tests\Unit\Services\IndexNowServiceTest::it_handles_batch_with_failures(). Metadata in doc-comments is deprecated and will no longer be supported in PHPUnit 12. Update your test code to use attributes instead.

   WARN  Metadata found in doc-comment for method Tests\Unit\Services\IndexNowServiceTest::it_submits_to_all_hosts(). Metadata in doc-comments is deprecated and will no longer be supported in PHPUnit 12. Update your test code to use attributes instead.

   WARN  Metadata found in doc-comment for method Tests\Unit\Services\IndexNowServiceTest::it_generates_correct_key(). Metadata in doc-comments is deprecated and will no longer be supported in PHPUnit 12. Update your test code to use attributes instead.

   WARN  Metadata found in doc-comment for method Tests\Unit\Services\IndexNowServiceTest::it_handles_empty_key(). Metadata in doc-comments is deprecated and will no longer be supported in PHPUnit 12. Update your test code to use attributes instead.

   WARN  Metadata found in doc-comment for method Tests\Unit\Services\IndexNowServiceTest::it_builds_correct_payload(). Metadata in doc-comments is deprecated and will no longer be supported in PHPUnit 12. Update your test code to use attributes instead.

   WARN  Metadata found in doc-comment for method Tests\Unit\Services\IndexNowServiceTest::it_adds_rate_limiting_delay(). Metadata in doc-comments is deprecated and will no longer be supported in PHPUnit 12. Update your test code to use attributes instead.

   WARN  Metadata found in doc-comment for method Tests\Unit\Services\IndexNowServiceTest::it_handles_missing_host_gracefully(). Metadata in doc-comments is deprecated and will no longer be supported in PHPUnit 12. Update your test code to use attributes instead.

   WARN  Metadata found in doc-comment for method Tests\Unit\Services\ShortCodeServiceTest::it_generates_unique_short_codes(). Metadata in doc-comments is deprecated and will no longer be supported in PHPUnit 12. Update your test code to use attributes instead.

   WARN  Metadata found in doc-comment for method Tests\Unit\Services\ShortCodeServiceTest::it_generates_codes_of_default_length(). Metadata in doc-comments is deprecated and will no longer be supported in PHPUnit 12. Update your test code to use attributes instead.

   WARN  Metadata found in doc-comment for method Tests\Unit\Services\ShortCodeServiceTest::it_generates_codes_of_custom_length(). Metadata in doc-comments is deprecated and will no longer be supported in PHPUnit 12. Update your test code to use attributes instead.

   WARN  Metadata found in doc-comment for method Tests\Unit\Services\ShortCodeServiceTest::it_uses_valid_characters_only(). Metadata in doc-comments is deprecated and will no longer be supported in PHPUnit 12. Update your test code to use attributes instead.

   WARN  Metadata found in doc-comment for method Tests\Unit\Services\ShortCodeServiceTest::it_avoids_existing_short_codes(). Metadata in doc-comments is deprecated and will no longer be supported in PHPUnit 12. Update your test code to use attributes instead.

   WARN  Metadata found in doc-comment for method Tests\Unit\Services\ShortCodeServiceTest::it_avoids_existing_custom_aliases(). Metadata in doc-comments is deprecated and will no longer be supported in PHPUnit 12. Update your test code to use attributes instead.

   WARN  Metadata found in doc-comment for method Tests\Unit\Services\ShortCodeServiceTest::it_increases_length_on_collision_persistence(). Metadata in doc-comments is deprecated and will no longer be supported in PHPUnit 12. Update your test code to use attributes instead.

   WARN  Metadata found in doc-comment for method Tests\Unit\Services\ShortCodeServiceTest::it_generates_different_codes_on_multiple_calls(). Metadata in doc-comments is deprecated and will no longer be supported in PHPUnit 12. Update your test code to use attributes instead.

   WARN  Metadata found in doc-comment for method Tests\Unit\Services\ShortCodeServiceTest::it_handles_high_collision_scenario(). Metadata in doc-comments is deprecated and will no longer be supported in PHPUnit 12. Update your test code to use attributes instead.

   WARN  Metadata found in doc-comment for method Tests\Unit\Services\ShortCodeServiceTest::it_generates_codes_with_mixed_case(). Metadata in doc-comments is deprecated and will no longer be supported in PHPUnit 12. Update your test code to use attributes instead.

   WARN  Metadata found in doc-comment for method Tests\Unit\Services\ShortCodeServiceTest::it_handles_minimum_length(). Metadata in doc-comments is deprecated and will no longer be supported in PHPUnit 12. Update your test code to use attributes instead.

   WARN  Metadata found in doc-comment for method Tests\Unit\Services\ShortCodeServiceTest::it_handles_maximum_length(). Metadata in doc-comments is deprecated and will no longer be supported in PHPUnit 12. Update your test code to use attributes instead.

   WARN  Metadata found in doc-comment for method Tests\Unit\Services\ShortCodeServiceTest::it_uses_secure_random_generation(). Metadata in doc-comments is deprecated and will no longer be supported in PHPUnit 12. Update your test code to use attributes instead.

   WARN  Metadata found in doc-comment for method Tests\Unit\Services\ShortCodeServiceTest::it_handles_edge_case_with_zero_length(). Metadata in doc-comments is deprecated and will no longer be supported in PHPUnit 12. Update your test code to use attributes instead.

   WARN  Metadata found in doc-comment for method Tests\Unit\Services\ShortCodeServiceTest::it_verifies_existence_check_uses_both_fields(). Metadata in doc-comments is deprecated and will no longer be supported in PHPUnit 12. Update your test code to use attributes instead.

   WARN  Metadata found in doc-comment for method Tests\Unit\Services\UrlValidationServiceTest::it_validates_valid_http_urls(). Metadata in doc-comments is deprecated and will no longer be supported in PHPUnit 12. Update your test code to use attributes instead.

   WARN  Metadata found in doc-comment for method Tests\Unit\Services\UrlValidationServiceTest::it_rejects_invalid_urls(). Metadata in doc-comments is deprecated and will no longer be supported in PHPUnit 12. Update your test code to use attributes instead.

   WARN  Metadata found in doc-comment for method Tests\Unit\Services\UrlValidationServiceTest::it_rejects_suspicious_patterns(). Metadata in doc-comments is deprecated and will no longer be supported in PHPUnit 12. Update your test code to use attributes instead.

   WARN  Metadata found in doc-comment for method Tests\Unit\Services\UrlValidationServiceTest::it_sanitizes_urls(). Metadata in doc-comments is deprecated and will no longer be supported in PHPUnit 12. Update your test code to use attributes instead.

   WARN  Metadata found in doc-comment for method Tests\Unit\Services\UrlValidationServiceTest::it_provides_specific_validation_errors(). Metadata in doc-comments is deprecated and will no longer be supported in PHPUnit 12. Update your test code to use attributes instead.

   WARN  Metadata found in doc-comment for method Tests\Unit\Services\UrlValidationServiceTest::it_returns_null_for_valid_urls(). Metadata in doc-comments is deprecated and will no longer be supported in PHPUnit 12. Update your test code to use attributes instead.

   WARN  Metadata found in doc-comment for method Tests\Unit\Services\UrlValidationServiceTest::it_blocks_private_ip_ranges(). Metadata in doc-comments is deprecated and will no longer be supported in PHPUnit 12. Update your test code to use attributes instead.

   WARN  Metadata found in doc-comment for method Tests\Unit\Services\UrlValidationServiceTest::it_blocks_loopback_addresses(). Metadata in doc-comments is deprecated and will no longer be supported in PHPUnit 12. Update your test code to use attributes instead.

   WARN  Metadata found in doc-comment for method Tests\Unit\Services\UrlValidationServiceTest::it_allows_public_ip_addresses(). Metadata in doc-comments is deprecated and will no longer be supported in PHPUnit 12. Update your test code to use attributes instead.

   WARN  Metadata found in doc-comment for method Tests\Unit\Services\UrlValidationServiceTest::it_handles_case_insensitive_protocols(). Metadata in doc-comments is deprecated and will no longer be supported in PHPUnit 12. Update your test code to use attributes instead.

   WARN  Metadata found in doc-comment for method Tests\Unit\Services\UrlValidationServiceTest::it_rejects_case_insensitive_suspicious_patterns(). Metadata in doc-comments is deprecated and will no longer be supported in PHPUnit 12. Update your test code to use attributes instead.

   WARN  Metadata found in doc-comment for method Tests\Unit\Services\UrlValidationServiceTest::it_handles_unicode_domains(). Metadata in doc-comments is deprecated and will no longer be supported in PHPUnit 12. Update your test code to use attributes instead.

   WARN  Metadata found in doc-comment for method Tests\Unit\Services\UrlValidationServiceTest::it_handles_malformed_urls_gracefully(). Metadata in doc-comments is deprecated and will no longer be supported in PHPUnit 12. Update your test code to use attributes instead.

   WARN  Metadata found in doc-comment for method Tests\Unit\Services\UrlValidationServiceTest::it_allows_port_numbers(). Metadata in doc-comments is deprecated and will no longer be supported in PHPUnit 12. Update your test code to use attributes instead.

   WARN  Metadata found in doc-comment for method Tests\Unit\Services\UrlValidationServiceTest::it_handles_auth_credentials(). Metadata in doc-comments is deprecated and will no longer be supported in PHPUnit 12. Update your test code to use attributes instead.

   WARN  Metadata found in doc-comment for method Tests\Unit\Services\XmlPingServiceTest::it_returns_enabled_status(). Metadata in doc-comments is deprecated and will no longer be supported in PHPUnit 12. Update your test code to use attributes instead.

   WARN  Metadata found in doc-comment for method Tests\Unit\Services\XmlPingServiceTest::it_returns_disabled_results_when_service_disabled(). Metadata in doc-comments is deprecated and will no longer be supported in PHPUnit 12. Update your test code to use attributes instead.

   WARN  Metadata found in doc-comment for method Tests\Unit\Services\XmlPingServiceTest::it_pings_google(). Metadata in doc-comments is deprecated and will no longer be supported in PHPUnit 12. Update your test code to use attributes instead.

   WARN  Metadata found in doc-comment for method Tests\Unit\Services\XmlPingServiceTest::it_pings_bing(). Metadata in doc-comments is deprecated and will no longer be supported in PHPUnit 12. Update your test code to use attributes instead.

   WARN  Metadata found in doc-comment for method Tests\Unit\Services\XmlPingServiceTest::it_pings_yandex(). Metadata in doc-comments is deprecated and will no longer be supported in PHPUnit 12. Update your test code to use attributes instead.

   WARN  Metadata found in doc-comment for method Tests\Unit\Services\XmlPingServiceTest::it_pings_yahoo(). Metadata in doc-comments is deprecated and will no longer be supported in PHPUnit 12. Update your test code to use attributes instead.

   WARN  Metadata found in doc-comment for method Tests\Unit\Services\XmlPingServiceTest::it_pings_duckduckgo(). Metadata in doc-comments is deprecated and will no longer be supported in PHPUnit 12. Update your test code to use attributes instead.

   WARN  Metadata found in doc-comment for method Tests\Unit\Services\XmlPingServiceTest::it_pings_baidu(). Metadata in doc-comments is deprecated and will no longer be supported in PHPUnit 12. Update your test code to use attributes instead.

   WARN  Metadata found in doc-comment for method Tests\Unit\Services\XmlPingServiceTest::it_handles_naver_service(). Metadata in doc-comments is deprecated and will no longer be supported in PHPUnit 12. Update your test code to use attributes instead.

   WARN  Metadata found in doc-comment for method Tests\Unit\Services\XmlPingServiceTest::it_handles_unknown_service(). Metadata in doc-comments is deprecated and will no longer be supported in PHPUnit 12. Update your test code to use attributes instead.

   WARN  Metadata found in doc-comment for method Tests\Unit\Services\XmlPingServiceTest::it_handles_http_success(). Metadata in doc-comments is deprecated and will no longer be supported in PHPUnit 12. Update your test code to use attributes instead.

   WARN  Metadata found in doc-comment for method Tests\Unit\Services\XmlPingServiceTest::it_handles_http_failure(). Metadata in doc-comments is deprecated and will no longer be supported in PHPUnit 12. Update your test code to use attributes instead.

   WARN  Metadata found in doc-comment for method Tests\Unit\Services\XmlPingServiceTest::it_handles_http_timeout(). Metadata in doc-comments is deprecated and will no longer be supported in PHPUnit 12. Update your test code to use attributes instead.

   WARN  Metadata found in doc-comment for method Tests\Unit\Services\XmlPingServiceTest::it_pings_multiple_services(). Metadata in doc-comments is deprecated and will no longer be supported in PHPUnit 12. Update your test code to use attributes instead.

   WARN  Metadata found in doc-comment for method Tests\Unit\Services\XmlPingServiceTest::it_respects_configured_services(). Metadata in doc-comments is deprecated and will no longer be supported in PHPUnit 12. Update your test code to use attributes instead.

   WARN  Metadata found in doc-comment for method Tests\Unit\Services\XmlPingServiceTest::it_handles_default_services_when_none_configured(). Metadata in doc-comments is deprecated and will no longer be supported in PHPUnit 12. Update your test code to use attributes instead.

   WARN  Metadata found in doc-comment for method Tests\Unit\Services\XmlPingServiceTest::it_gets_sitemap_url(). Metadata in doc-comments is deprecated and will no longer be supported in PHPUnit 12. Update your test code to use attributes instead.

   WARN  Metadata found in doc-comment for method Tests\Unit\Services\XmlPingServiceTest::it_pings_sitemap(). Metadata in doc-comments is deprecated and will no longer be supported in PHPUnit 12. Update your test code to use attributes instead.

   WARN  Metadata found in doc-comment for method Tests\Unit\Services\XmlPingServiceTest::it_url_encodes_sitemap_url(). Metadata in doc-comments is deprecated and will no longer be supported in PHPUnit 12. Update your test code to use attributes instead.

   WARN  Metadata found in doc-comment for method Tests\Unit\Services\XmlPingServiceTest::it_handles_special_characters_in_url(). Metadata in doc-comments is deprecated and will no longer be supported in PHPUnit 12. Update your test code to use attributes instead.

   WARN  Metadata found in doc-comment for method Tests\Unit\Services\XmlPingServiceTest::it_handles_timeout_configuration(). Metadata in doc-comments is deprecated and will no longer be supported in PHPUnit 12. Update your test code to use attributes instead.

   WARN  Metadata found in doc-comment for method Tests\Unit\Services\XmlPingServiceTest::it_logs_ping_results(). Metadata in doc-comments is deprecated and will no longer be supported in PHPUnit 12. Update your test code to use attributes instead.

   WARN  Metadata found in doc-comment for method Tests\Feature\AffiliateDashboardReferralTest::it_displays_referral_earnings_on_dashboard(). Metadata in doc-comments is deprecated and will no longer be supported in PHPUnit 12. Update your test code to use attributes instead.

   WARN  Metadata found in doc-comment for method Tests\Feature\AffiliateDashboardReferralTest::it_displays_referred_users_count(). Metadata in doc-comments is deprecated and will no longer be supported in PHPUnit 12. Update your test code to use attributes instead.

   WARN  Metadata found in doc-comment for method Tests\Feature\AffiliateDashboardReferralTest::it_displays_total_earnings_including_referrals(). Metadata in doc-comments is deprecated and will no longer be supported in PHPUnit 12. Update your test code to use attributes instead.

   WARN  Metadata found in doc-comment for method Tests\Feature\AffiliateDashboardReferralTest::it_displays_total_pending_including_referrals(). Metadata in doc-comments is deprecated and will no longer be supported in PHPUnit 12. Update your test code to use attributes instead.

   WARN  Metadata found in doc-comment for method Tests\Feature\AffiliateDashboardReferralTest::it_shows_referral_code_in_dashboard(). Metadata in doc-comments is deprecated and will no longer be supported in PHPUnit 12. Update your test code to use attributes instead.

   WARN  Metadata found in doc-comment for method Tests\Feature\AffiliateDashboardReferralTest::it_handles_affiliate_without_referrals(). Metadata in doc-comments is deprecated and will no longer be supported in PHPUnit 12. Update your test code to use attributes instead.

   WARN  Metadata found in doc-comment for method Tests\Feature\AffiliateDashboardReferralTest::it_requires_authentication_for_dashboard(). Metadata in doc-comments is deprecated and will no longer be supported in PHPUnit 12. Update your test code to use attributes instead.

   WARN  Metadata found in doc-comment for method Tests\Feature\AffiliateDashboardReferralTest::it_requires_affiliate_account_for_dashboard(). Metadata in doc-comments is deprecated and will no longer be supported in PHPUnit 12. Update your test code to use attributes instead.

   WARN  Metadata found in doc-comment for method Tests\Feature\AffiliateDashboardReferralTest::it_displays_payout_eligibility_with_referrals(). Metadata in doc-comments is deprecated and will no longer be supported in PHPUnit 12. Update your test code to use attributes instead.

   WARN  Metadata found in doc-comment for method Tests\Feature\AffiliateDashboardReferralTest::it_displays_multiple_referred_users(). Metadata in doc-comments is deprecated and will no longer be supported in PHPUnit 12. Update your test code to use attributes instead.

   WARN  Metadata found in doc-comment for method Tests\Feature\AffiliateDashboardReferralTest::it_only_counts_active_referred_affiliates(). Metadata in doc-comments is deprecated and will no longer be supported in PHPUnit 12. Update your test code to use attributes instead.

   WARN  Metadata found in doc-comment for method Tests\Feature\AffiliateDashboardReferralTest::it_passes_payout_methods_to_dashboard(). Metadata in doc-comments is deprecated and will no longer be supported in PHPUnit 12. Update your test code to use attributes instead.

   WARN  Metadata found in doc-comment for method Tests\Feature\AffiliateDashboardReferralTest::it_passes_minimum_payout_to_dashboard(). Metadata in doc-comments is deprecated and will no longer be supported in PHPUnit 12. Update your test code to use attributes instead.

   WARN  Metadata found in doc-comment for method Tests\Feature\Api\AffiliateControllerTest::can_get_affiliate_info_when_not_enrolled(). Metadata in doc-comments is deprecated and will no longer be supported in PHPUnit 12. Update your test code to use attributes instead.

   WARN  Metadata found in doc-comment for method Tests\Feature\Api\AffiliateControllerTest::can_enroll_in_affiliate_program(). Metadata in doc-comments is deprecated and will no longer be supported in PHPUnit 12. Update your test code to use attributes instead.

   WARN  Metadata found in doc-comment for method Tests\Feature\Api\AffiliateControllerTest::cannot_enroll_twice(). Metadata in doc-comments is deprecated and will no longer be supported in PHPUnit 12. Update your test code to use attributes instead.

   WARN  Metadata found in doc-comment for method Tests\Feature\Api\AffiliateControllerTest::can_get_affiliate_info_when_enrolled(). Metadata in doc-comments is deprecated and will no longer be supported in PHPUnit 12. Update your test code to use attributes instead.

   WARN  Metadata found in doc-comment for method Tests\Feature\Api\AffiliateControllerTest::can_get_tiers(). Metadata in doc-comments is deprecated and will no longer be supported in PHPUnit 12. Update your test code to use attributes instead.

   WARN  Metadata found in doc-comment for method Tests\Feature\Api\AffiliateControllerTest::can_request_payout(). Metadata in doc-comments is deprecated and will no longer be supported in PHPUnit 12. Update your test code to use attributes instead.

   WARN  Metadata found in doc-comment for method Tests\Feature\Api\AffiliateControllerTest::cannot_request_payout_when_not_enrolled(). Metadata in doc-comments is deprecated and will no longer be supported in PHPUnit 12. Update your test code to use attributes instead.

   WARN  Metadata found in doc-comment for method Tests\Feature\Api\AffiliateControllerTest::cannot_request_payout_below_minimum(). Metadata in doc-comments is deprecated and will no longer be supported in PHPUnit 12. Update your test code to use attributes instead.

   WARN  Metadata found in doc-comment for method Tests\Feature\Api\AffiliateControllerTest::cannot_request_payout_when_pending_exists(). Metadata in doc-comments is deprecated and will no longer be supported in PHPUnit 12. Update your test code to use attributes instead.

   WARN  Metadata found in doc-comment for method Tests\Feature\Api\AffiliateControllerTest::can_get_payout_history(). Metadata in doc-comments is deprecated and will no longer be supported in PHPUnit 12. Update your test code to use attributes instead.

   WARN  Metadata found in doc-comment for method Tests\Feature\Api\AffiliateControllerTest::cannot_get_payout_history_when_not_enrolled(). Metadata in doc-comments is deprecated and will no longer be supported in PHPUnit 12. Update your test code to use attributes instead.

   WARN  Metadata found in doc-comment for method Tests\Feature\Api\AffiliateControllerTest::returns_403_when_affiliate_disabled(). Metadata in doc-comments is deprecated and will no longer be supported in PHPUnit 12. Update your test code to use attributes instead.

   WARN  Metadata found in doc-comment for method Tests\Feature\Api\AffiliateControllerTest::requires_authentication(). Metadata in doc-comments is deprecated and will no longer be supported in PHPUnit 12. Update your test code to use attributes instead.

   WARN  Metadata found in doc-comment for method Tests\Feature\Api\AnalyticsControllerTest::can_get_analytics_for_link(). Metadata in doc-comments is deprecated and will no longer be supported in PHPUnit 12. Update your test code to use attributes instead.

   WARN  Metadata found in doc-comment for method Tests\Feature\Api\AnalyticsControllerTest::analytics_can_be_accessed_by_short_code(). Metadata in doc-comments is deprecated and will no longer be supported in PHPUnit 12. Update your test code to use attributes instead.

   WARN  Metadata found in doc-comment for method Tests\Feature\Api\AnalyticsControllerTest::nonexistent_link_returns_404(). Metadata in doc-comments is deprecated and will no longer be supported in PHPUnit 12. Update your test code to use attributes instead.

   WARN  Metadata found in doc-comment for method Tests\Feature\Api\AnalyticsControllerTest::cannot_access_analytics_for_other_users_link(). Metadata in doc-comments is deprecated and will no longer be supported in PHPUnit 12. Update your test code to use attributes instead.

   WARN  Metadata found in doc-comment for method Tests\Feature\Api\AnalyticsControllerTest::summary_includes_correct_click_counts(). Metadata in doc-comments is deprecated and will no longer be supported in PHPUnit 12. Update your test code to use attributes instead.

   WARN  Metadata found in doc-comment for method Tests\Feature\Api\AnalyticsControllerTest::unique_visitors_is_calculated_correctly(). Metadata in doc-comments is deprecated and will no longer be supported in PHPUnit 12. Update your test code to use attributes instead.

   WARN  Metadata found in doc-comment for method Tests\Feature\Api\AnalyticsControllerTest::period_filter_works_for_today(). Metadata in doc-comments is deprecated and will no longer be supported in PHPUnit 12. Update your test code to use attributes instead.

   WARN  Metadata found in doc-comment for method Tests\Feature\Api\AnalyticsControllerTest::period_filter_works_for_week(). Metadata in doc-comments is deprecated and will no longer be supported in PHPUnit 12. Update your test code to use attributes instead.

   WARN  Metadata found in doc-comment for method Tests\Feature\Api\AnalyticsControllerTest::period_filter_works_for_month(). Metadata in doc-comments is deprecated and will no longer be supported in PHPUnit 12. Update your test code to use attributes instead.

   WARN  Metadata found in doc-comment for method Tests\Feature\Api\AnalyticsControllerTest::invalid_period_returns_validation_error(). Metadata in doc-comments is deprecated and will no longer be supported in PHPUnit 12. Update your test code to use attributes instead.

   WARN  Metadata found in doc-comment for method Tests\Feature\Api\AnalyticsControllerTest::geography_is_grouped_by_country(). Metadata in doc-comments is deprecated and will no longer be supported in PHPUnit 12. Update your test code to use attributes instead.

   WARN  Metadata found in doc-comment for method Tests\Feature\Api\AnalyticsControllerTest::referrers_show_direct_for_null(). Metadata in doc-comments is deprecated and will no longer be supported in PHPUnit 12. Update your test code to use attributes instead.

   WARN  Metadata found in doc-comment for method Tests\Feature\Api\AnalyticsControllerTest::devices_are_categorized(). Metadata in doc-comments is deprecated and will no longer be supported in PHPUnit 12. Update your test code to use attributes instead.

   WARN  Metadata found in doc-comment for method Tests\Feature\Api\AnalyticsControllerTest::browsers_are_limited_to_top_6(). Metadata in doc-comments is deprecated and will no longer be supported in PHPUnit 12. Update your test code to use attributes instead.

   WARN  Metadata found in doc-comment for method Tests\Feature\Api\AnalyticsControllerTest::daily_clicks_returns_time_series(). Metadata in doc-comments is deprecated and will no longer be supported in PHPUnit 12. Update your test code to use attributes instead.

   WARN  Metadata found in doc-comment for method Tests\Feature\Api\AuthenticationTest::health_endpoint_returns_ok(). Metadata in doc-comments is deprecated and will no longer be supported in PHPUnit 12. Update your test code to use attributes instead.

   WARN  Metadata found in doc-comment for method Tests\Feature\Api\AuthenticationTest::api_info_endpoint_returns_documentation(). Metadata in doc-comments is deprecated and will no longer be supported in PHPUnit 12. Update your test code to use attributes instead.

   WARN  Metadata found in doc-comment for method Tests\Feature\Api\AuthenticationTest::requests_without_token_are_rejected(). Metadata in doc-comments is deprecated and will no longer be supported in PHPUnit 12. Update your test code to use attributes instead.

   WARN  Metadata found in doc-comment for method Tests\Feature\Api\AuthenticationTest::requests_with_invalid_token_are_rejected(). Metadata in doc-comments is deprecated and will no longer be supported in PHPUnit 12. Update your test code to use attributes instead.

   WARN  Metadata found in doc-comment for method Tests\Feature\Api\AuthenticationTest::requests_with_valid_token_are_accepted(). Metadata in doc-comments is deprecated and will no longer be supported in PHPUnit 12. Update your test code to use attributes instead.

   WARN  Metadata found in doc-comment for method Tests\Feature\Api\AuthenticationTest::expired_tokens_are_rejected(). Metadata in doc-comments is deprecated and will no longer be supported in PHPUnit 12. Update your test code to use attributes instead.

   WARN  Metadata found in doc-comment for method Tests\Feature\Api\AuthenticationTest::token_cannot_be_passed_as_query_parameter_for_security(). Metadata in doc-comments is deprecated and will no longer be supported in PHPUnit 12. Update your test code to use attributes instead.

   WARN  Metadata found in doc-comment for method Tests\Feature\Api\AuthenticationTest::last_used_timestamp_is_updated(). Metadata in doc-comments is deprecated and will no longer be supported in PHPUnit 12. Update your test code to use attributes instead.

   WARN  Metadata found in doc-comment for method Tests\Feature\Api\LinkControllerTest::can_list_links(). Metadata in doc-comments is deprecated and will no longer be supported in PHPUnit 12. Update your test code to use attributes instead.

   WARN  Metadata found in doc-comment for method Tests\Feature\Api\LinkControllerTest::links_are_paginated(). Metadata in doc-comments is deprecated and will no longer be supported in PHPUnit 12. Update your test code to use attributes instead.

   WARN  Metadata found in doc-comment for method Tests\Feature\Api\LinkControllerTest::can_customize_per_page(). Metadata in doc-comments is deprecated and will no longer be supported in PHPUnit 12. Update your test code to use attributes instead.

   WARN  Metadata found in doc-comment for method Tests\Feature\Api\LinkControllerTest::per_page_is_capped_at_100(). Metadata in doc-comments is deprecated and will no longer be supported in PHPUnit 12. Update your test code to use attributes instead.

   WARN  Metadata found in doc-comment for method Tests\Feature\Api\LinkControllerTest::users_can_only_see_their_own_links(). Metadata in doc-comments is deprecated and will no longer be supported in PHPUnit 12. Update your test code to use attributes instead.

   WARN  Metadata found in doc-comment for method Tests\Feature\Api\LinkControllerTest::can_create_link(). Metadata in doc-comments is deprecated and will no longer be supported in PHPUnit 12. Update your test code to use attributes instead.

   WARN  Metadata found in doc-comment for method Tests\Feature\Api\LinkControllerTest::can_create_link_with_domain_id(). Metadata in doc-comments is deprecated and will no longer be supported in PHPUnit 12. Update your test code to use attributes instead.

   WARN  Metadata found in doc-comment for method Tests\Feature\Api\LinkControllerTest::cannot_create_link_with_inactive_domain(). Metadata in doc-comments is deprecated and will no longer be supported in PHPUnit 12. Update your test code to use attributes instead.

   WARN  Metadata found in doc-comment for method Tests\Feature\Api\LinkControllerTest::can_update_link_domain(). Metadata in doc-comments is deprecated and will no longer be supported in PHPUnit 12. Update your test code to use attributes instead.

   WARN  Metadata found in doc-comment for method Tests\Feature\Api\LinkControllerTest::can_create_link_with_custom_alias(). Metadata in doc-comments is deprecated and will no longer be supported in PHPUnit 12. Update your test code to use attributes instead.

   WARN  Metadata found in doc-comment for method Tests\Feature\Api\LinkControllerTest::url_is_required(). Metadata in doc-comments is deprecated and will no longer be supported in PHPUnit 12. Update your test code to use attributes instead.

   WARN  Metadata found in doc-comment for method Tests\Feature\Api\LinkControllerTest::url_must_be_valid(). Metadata in doc-comments is deprecated and will no longer be supported in PHPUnit 12. Update your test code to use attributes instead.

   WARN  Metadata found in doc-comment for method Tests\Feature\Api\LinkControllerTest::alias_must_be_unique(). Metadata in doc-comments is deprecated and will no longer be supported in PHPUnit 12. Update your test code to use attributes instead.

   WARN  Metadata found in doc-comment for method Tests\Feature\Api\LinkControllerTest::can_get_single_link_by_id(). Metadata in doc-comments is deprecated and will no longer be supported in PHPUnit 12. Update your test code to use attributes instead.

   WARN  Metadata found in doc-comment for method Tests\Feature\Api\LinkControllerTest::can_get_single_link_by_short_code(). Metadata in doc-comments is deprecated and will no longer be supported in PHPUnit 12. Update your test code to use attributes instead.

   WARN  Metadata found in doc-comment for method Tests\Feature\Api\LinkControllerTest::getting_nonexistent_link_returns_404(). Metadata in doc-comments is deprecated and will no longer be supported in PHPUnit 12. Update your test code to use attributes instead.

   WARN  Metadata found in doc-comment for method Tests\Feature\Api\LinkControllerTest::cannot_access_other_users_link(). Metadata in doc-comments is deprecated and will no longer be supported in PHPUnit 12. Update your test code to use attributes instead.

   WARN  Metadata found in doc-comment for method Tests\Feature\Api\LinkControllerTest::can_update_link(). Metadata in doc-comments is deprecated and will no longer be supported in PHPUnit 12. Update your test code to use attributes instead.

   WARN  Metadata found in doc-comment for method Tests\Feature\Api\LinkControllerTest::can_update_link_alias(). Metadata in doc-comments is deprecated and will no longer be supported in PHPUnit 12. Update your test code to use attributes instead.

   WARN  Metadata found in doc-comment for method Tests\Feature\Api\LinkControllerTest::updating_link_clears_old_cache(). Metadata in doc-comments is deprecated and will no longer be supported in PHPUnit 12. Update your test code to use attributes instead.

   WARN  Metadata found in doc-comment for method Tests\Feature\Api\LinkControllerTest::can_delete_link(). Metadata in doc-comments is deprecated and will no longer be supported in PHPUnit 12. Update your test code to use attributes instead.

   WARN  Metadata found in doc-comment for method Tests\Feature\Api\LinkControllerTest::deleting_link_clears_cache(). Metadata in doc-comments is deprecated and will no longer be supported in PHPUnit 12. Update your test code to use attributes instead.

   WARN  Metadata found in doc-comment for method Tests\Feature\Api\LinkControllerTest::cannot_delete_other_users_link(). Metadata in doc-comments is deprecated and will no longer be supported in PHPUnit 12. Update your test code to use attributes instead.

   WARN  Metadata found in doc-comment for method Tests\Feature\Api\LinkControllerTest::link_response_includes_clicks_count(). Metadata in doc-comments is deprecated and will no longer be supported in PHPUnit 12. Update your test code to use attributes instead.

   WARN  Metadata found in doc-comment for method Tests\Feature\Api\LinkControllerTest::link_response_includes_short_url(). Metadata in doc-comments is deprecated and will no longer be supported in PHPUnit 12. Update your test code to use attributes instead.

   WARN  Metadata found in doc-comment for method Tests\Feature\Api\LinkControllerTest::link_response_includes_domain_fields(). Metadata in doc-comments is deprecated and will no longer be supported in PHPUnit 12. Update your test code to use attributes instead.

   WARN  Metadata found in doc-comment for method Tests\Feature\Api\LinkControllerTest::list_links_includes_domain_info(). Metadata in doc-comments is deprecated and will no longer be supported in PHPUnit 12. Update your test code to use attributes instead.

   WARN  Metadata found in doc-comment for method Tests\Feature\Api\TokenControllerTest::can_list_tokens(). Metadata in doc-comments is deprecated and will no longer be supported in PHPUnit 12. Update your test code to use attributes instead.

   WARN  Metadata found in doc-comment for method Tests\Feature\Api\TokenControllerTest::tokens_list_excludes_token_value(). Metadata in doc-comments is deprecated and will no longer be supported in PHPUnit 12. Update your test code to use attributes instead.

   WARN  Metadata found in doc-comment for method Tests\Feature\Api\TokenControllerTest::user_can_only_see_their_own_tokens(). Metadata in doc-comments is deprecated and will no longer be supported in PHPUnit 12. Update your test code to use attributes instead.

   WARN  Metadata found in doc-comment for method Tests\Feature\Api\TokenControllerTest::can_create_token(). Metadata in doc-comments is deprecated and will no longer be supported in PHPUnit 12. Update your test code to use attributes instead.

   WARN  Metadata found in doc-comment for method Tests\Feature\Api\TokenControllerTest::token_is_64_characters(). Metadata in doc-comments is deprecated and will no longer be supported in PHPUnit 12. Update your test code to use attributes instead.

   WARN  Metadata found in doc-comment for method Tests\Feature\Api\TokenControllerTest::can_create_token_with_expiration(). Metadata in doc-comments is deprecated and will no longer be supported in PHPUnit 12. Update your test code to use attributes instead.

   WARN  Metadata found in doc-comment for method Tests\Feature\Api\TokenControllerTest::token_name_is_optional(). Metadata in doc-comments is deprecated and will no longer be supported in PHPUnit 12. Update your test code to use attributes instead.

   WARN  Metadata found in doc-comment for method Tests\Feature\Api\TokenControllerTest::expires_days_must_be_positive(). Metadata in doc-comments is deprecated and will no longer be supported in PHPUnit 12. Update your test code to use attributes instead.

   WARN  Metadata found in doc-comment for method Tests\Feature\Api\TokenControllerTest::expires_days_cannot_exceed_365(). Metadata in doc-comments is deprecated and will no longer be supported in PHPUnit 12. Update your test code to use attributes instead.

   WARN  Metadata found in doc-comment for method Tests\Feature\Api\TokenControllerTest::can_revoke_token(). Metadata in doc-comments is deprecated and will no longer be supported in PHPUnit 12. Update your test code to use attributes instead.

   WARN  Metadata found in doc-comment for method Tests\Feature\Api\TokenControllerTest::cannot_revoke_other_users_token(). Metadata in doc-comments is deprecated and will no longer be supported in PHPUnit 12. Update your test code to use attributes instead.

   WARN  Metadata found in doc-comment for method Tests\Feature\Api\TokenControllerTest::cannot_revoke_nonexistent_token(). Metadata in doc-comments is deprecated and will no longer be supported in PHPUnit 12. Update your test code to use attributes instead.

   WARN  Metadata found in doc-comment for method Tests\Feature\Api\TokenControllerTest::revoked_token_is_immediately_invalid(). Metadata in doc-comments is deprecated and will no longer be supported in PHPUnit 12. Update your test code to use attributes instead.

   WARN  Metadata found in doc-comment for method Tests\Feature\Api\TokenControllerTest::token_creation_is_rate_limited(). Metadata in doc-comments is deprecated and will no longer be supported in PHPUnit 12. Update your test code to use attributes instead.

   WARN  Metadata found in doc-comment for method Tests\Feature\LinkControllerTest::it_displays_links_index(). Metadata in doc-comments is deprecated and will no longer be supported in PHPUnit 12. Update your test code to use attributes instead.

   WARN  Metadata found in doc-comment for method Tests\Feature\LinkControllerTest::it_filters_links_by_status(). Metadata in doc-comments is deprecated and will no longer be supported in PHPUnit 12. Update your test code to use attributes instead.

   WARN  Metadata found in doc-comment for method Tests\Feature\LinkControllerTest::it_searches_links_by_short_code(). Metadata in doc-comments is deprecated and will no longer be supported in PHPUnit 12. Update your test code to use attributes instead.

   WARN  Metadata found in doc-comment for method Tests\Feature\LinkControllerTest::it_searches_links_by_destination_url(). Metadata in doc-comments is deprecated and will no longer be supported in PHPUnit 12. Update your test code to use attributes instead.

   WARN  Metadata found in doc-comment for method Tests\Feature\LinkControllerTest::it_shows_link_creation_form(). Metadata in doc-comments is deprecated and will no longer be supported in PHPUnit 12. Update your test code to use attributes instead.

   WARN  Metadata found in doc-comment for method Tests\Feature\LinkControllerTest::it_creates_new_link(). Metadata in doc-comments is deprecated and will no longer be supported in PHPUnit 12. Update your test code to use attributes instead.

   WARN  Metadata found in doc-comment for method Tests\Feature\LinkControllerTest::it_validates_destination_url(). Metadata in doc-comments is deprecated and will no longer be supported in PHPUnit 12. Update your test code to use attributes instead.

   WARN  Metadata found in doc-comment for method Tests\Feature\LinkControllerTest::it_prevents_shortening_alias_domains(). Metadata in doc-comments is deprecated and will no longer be supported in PHPUnit 12. Update your test code to use attributes instead.

   WARN  Metadata found in doc-comment for method Tests\Feature\LinkControllerTest::it_handles_custom_alias(). Metadata in doc-comments is deprecated and will no longer be supported in PHPUnit 12. Update your test code to use attributes instead.

   WARN  Metadata found in doc-comment for method Tests\Feature\LinkControllerTest::it_requires_password_for_private_links(). Metadata in doc-comments is deprecated and will no longer be supported in PHPUnit 12. Update your test code to use attributes instead.

   WARN  Metadata found in doc-comment for method Tests\Feature\LinkControllerTest::it_shows_link_details(). Metadata in doc-comments is deprecated and will no longer be supported in PHPUnit 12. Update your test code to use attributes instead.

   WARN  Metadata found in doc-comment for method Tests\Feature\LinkControllerTest::it_shows_link_analytics_by_period(). Metadata in doc-comments is deprecated and will no longer be supported in PHPUnit 12. Update your test code to use attributes instead.

   WARN  Metadata found in doc-comment for method Tests\Feature\LinkControllerTest::it_shows_edit_form_for_owned_link(). Metadata in doc-comments is deprecated and will no longer be supported in PHPUnit 12. Update your test code to use attributes instead.

   WARN  Metadata found in doc-comment for method Tests\Feature\LinkControllerTest::it_prevents_editing_other_users_links(). Metadata in doc-comments is deprecated and will no longer be supported in PHPUnit 12. Update your test code to use attributes instead.

   WARN  Metadata found in doc-comment for method Tests\Feature\LinkControllerTest::it_updates_link(). Metadata in doc-comments is deprecated and will no longer be supported in PHPUnit 12. Update your test code to use attributes instead.

   WARN  Metadata found in doc-comment for method Tests\Feature\LinkControllerTest::it_handles_admin_fields_for_admin_users(). Metadata in doc-comments is deprecated and will no longer be supported in PHPUnit 12. Update your test code to use attributes instead.

   WARN  Metadata found in doc-comment for method Tests\Feature\LinkControllerTest::it_busts_cache_when_destination_url_changes(). Metadata in doc-comments is deprecated and will no longer be supported in PHPUnit 12. Update your test code to use attributes instead.

   WARN  Metadata found in doc-comment for method Tests\Feature\LinkControllerTest::it_deletes_link(). Metadata in doc-comments is deprecated and will no longer be supported in PHPUnit 12. Update your test code to use attributes instead.

   WARN  Metadata found in doc-comment for method Tests\Feature\LinkControllerTest::it_clears_cache_on_deletion(). Metadata in doc-comments is deprecated and will no longer be supported in PHPUnit 12. Update your test code to use attributes instead.

   WARN  Metadata found in doc-comment for method Tests\Feature\LinkControllerTest::it_toggles_link_status(). Metadata in doc-comments is deprecated and will no longer be supported in PHPUnit 12. Update your test code to use attributes instead.

   WARN  Metadata found in doc-comment for method Tests\Feature\LinkControllerTest::it_updates_cache_when_activating_link(). Metadata in doc-comments is deprecated and will no longer be supported in PHPUnit 12. Update your test code to use attributes instead.

   WARN  Metadata found in doc-comment for method Tests\Feature\LinkControllerTest::it_clears_cache_when_deactivating_link(). Metadata in doc-comments is deprecated and will no longer be supported in PHPUnit 12. Update your test code to use attributes instead.

   WARN  Metadata found in doc-comment for method Tests\Feature\LinkControllerTest::it_paginates_links(). Metadata in doc-comments is deprecated and will no longer be supported in PHPUnit 12. Update your test code to use attributes instead.

   WARN  Metadata found in doc-comment for method Tests\Feature\LinkControllerTest::it_preserves_query_parameters_in_pagination(). Metadata in doc-comments is deprecated and will no longer be supported in PHPUnit 12. Update your test code to use attributes instead.

   WARN  Metadata found in doc-comment for method Tests\Feature\LinkControllerTest::it_formats_country_flags_in_analytics(). Metadata in doc-comments is deprecated and will no longer be supported in PHPUnit 12. Update your test code to use attributes instead.

   WARN  Metadata found in doc-comment for method Tests\Feature\LinkControllerTest::it_handles_analytics_with_no_data(). Metadata in doc-comments is deprecated and will no longer be supported in PHPUnit 12. Update your test code to use attributes instead.

   WARN  Metadata found in doc-comment for method Tests\Feature\LinkControllerTest::it_aggregates_analytics_from_multiple_days(). Metadata in doc-comments is deprecated and will no longer be supported in PHPUnit 12. Update your test code to use attributes instead.

   WARN  Metadata found in doc-comment for method Tests\Feature\LinkControllerTest::it_handles_domain_selection_in_creation(). Metadata in doc-comments is deprecated and will no longer be supported in PHPUnit 12. Update your test code to use attributes instead.

   WARN  Metadata found in doc-comment for method Tests\Feature\LinkControllerTest::it_creates_link_with_custom_domain(). Metadata in doc-comments is deprecated and will no longer be supported in PHPUnit 12. Update your test code to use attributes instead.

   WARN  Metadata found in doc-comment for method Tests\Feature\LinkControllerTest::it_validates_custom_alias_uniqueness(). Metadata in doc-comments is deprecated and will no longer be supported in PHPUnit 12. Update your test code to use attributes instead.

   WARN  Metadata found in doc-comment for method Tests\Feature\LinkControllerTest::it_validates_custom_alias_format(). Metadata in doc-comments is deprecated and will no longer be supported in PHPUnit 12. Update your test code to use attributes instead.

   WARN  Metadata found in doc-comment for method Tests\Feature\LinkControllerTest::it_handles_campaign_tag(). Metadata in doc-comments is deprecated and will no longer be supported in PHPUnit 12. Update your test code to use attributes instead.

   WARN  Metadata found in doc-comment for method Tests\Feature\LinkControllerTest::it_limits_campaign_tag_length(). Metadata in doc-comments is deprecated and will no longer be supported in PHPUnit 12. Update your test code to use attributes instead.

   WARN  Metadata found in doc-comment for method Tests\Feature\LinkControllerTest::it_shows_short_url_in_creation_response(). Metadata in doc-comments is deprecated and will no longer be supported in PHPUnit 12. Update your test code to use attributes instead.

   WARN  Metadata found in doc-comment for method Tests\Feature\RedirectControllerTest::it_redirects_valid_link(). Metadata in doc-comments is deprecated and will no longer be supported in PHPUnit 12. Update your test code to use attributes instead.

   WARN  Metadata found in doc-comment for method Tests\Feature\RedirectControllerTest::it_handles_custom_alias(). Metadata in doc-comments is deprecated and will no longer be supported in PHPUnit 12. Update your test code to use attributes instead.

   WARN  Metadata found in doc-comment for method Tests\Feature\RedirectControllerTest::it_shows_404_for_nonexistent_link(). Metadata in doc-comments is deprecated and will no longer be supported in PHPUnit 12. Update your test code to use attributes instead.

   WARN  Metadata found in doc-comment for method Tests\Feature\RedirectControllerTest::it_shows_410_for_expired_link(). Metadata in doc-comments is deprecated and will no longer be supported in PHPUnit 12. Update your test code to use attributes instead.

   WARN  Metadata found in doc-comment for method Tests\Feature\RedirectControllerTest::it_shows_404_for_inactive_link(). Metadata in doc-comments is deprecated and will no longer be supported in PHPUnit 12. Update your test code to use attributes instead.

   WARN  Metadata found in doc-comment for method Tests\Feature\RedirectControllerTest::it_handles_password_protected_links(). Metadata in doc-comments is deprecated and will no longer be supported in PHPUnit 12. Update your test code to use attributes instead.

   WARN  Metadata found in doc-comment for method Tests\Feature\RedirectControllerTest::it_handles_domain_specific_links(). Metadata in doc-comments is deprecated and will no longer be supported in PHPUnit 12. Update your test code to use attributes instead.

   WARN  Metadata found in doc-comment for method Tests\Feature\RedirectControllerTest::it_handles_links_without_domain_id(). Metadata in doc-comments is deprecated and will no longer be supported in PHPUnit 12. Update your test code to use attributes instead.

   WARN  Metadata found in doc-comment for method Tests\Feature\RedirectControllerTest::it_detects_social_crawlers(). Metadata in doc-comments is deprecated and will no longer be supported in PHPUnit 12. Update your test code to use attributes instead.

   WARN  Metadata found in doc-comment for method Tests\Feature\RedirectControllerTest::it_serves_og_page_for_social_crawlers(). Metadata in doc-comments is deprecated and will no longer be supported in PHPUnit 12. Update your test code to use attributes instead.

   WARN  Metadata found in doc-comment for method Tests\Feature\RedirectControllerTest::it_caches_redirect_pages(). Metadata in doc-comments is deprecated and will no longer be supported in PHPUnit 12. Update your test code to use attributes instead.

   WARN  Metadata found in doc-comment for method Tests\Feature\RedirectControllerTest::it_serves_cached_pages(). Metadata in doc-comments is deprecated and will no longer be supported in PHPUnit 12. Update your test code to use attributes instead.

   WARN  Metadata found in doc-comment for method Tests\Feature\RedirectControllerTest::it_respects_redirect_settings(). Metadata in doc-comments is deprecated and will no longer be supported in PHPUnit 12. Update your test code to use attributes instead.

   WARN  Metadata found in doc-comment for method Tests\Feature\RedirectControllerTest::it_displays_ads_on_redirect_page(). Metadata in doc-comments is deprecated and will no longer be supported in PHPUnit 12. Update your test code to use attributes instead.

   WARN  Metadata found in doc-comment for method Tests\Feature\RedirectControllerTest::it_respects_ad_override_settings(). Metadata in doc-comments is deprecated and will no longer be supported in PHPUnit 12. Update your test code to use attributes instead.

   WARN  Metadata found in doc-comment for method Tests\Feature\RedirectControllerTest::it_handles_promotions(). Metadata in doc-comments is deprecated and will no longer be supported in PHPUnit 12. Update your test code to use attributes instead.

   WARN  Metadata found in doc-comment for method Tests\Feature\RedirectControllerTest::it_handles_country_targeted_ads(). Metadata in doc-comments is deprecated and will no longer be supported in PHPUnit 12. Update your test code to use attributes instead.

   WARN  Metadata found in doc-comment for method Tests\Feature\RedirectControllerTest::it_prevents_duplicate_ad_views_in_session(). Metadata in doc-comments is deprecated and will no longer be supported in PHPUnit 12. Update your test code to use attributes instead.

   WARN  Metadata found in doc-comment for method Tests\Feature\RedirectControllerTest::it_handles_missing_og_tags_gracefully(). Metadata in doc-comments is deprecated and will no longer be supported in PHPUnit 12. Update your test code to use attributes instead.

   WARN  Metadata found in doc-comment for method Tests\Feature\RedirectControllerTest::it_logs_click_tracking(). Metadata in doc-comments is deprecated and will no longer be supported in PHPUnit 12. Update your test code to use attributes instead.

   WARN  Metadata found in doc-comment for method Tests\Feature\RedirectControllerTest::it_handles_edge_case_characters_in_short_code(). Metadata in doc-comments is deprecated and will no longer be supported in PHPUnit 12. Update your test code to use attributes instead.

   WARN  Metadata found in doc-comment for method Tests\Feature\RedirectControllerTest::it_handles_very_long_destination_urls(). Metadata in doc-comments is deprecated and will no longer be supported in PHPUnit 12. Update your test code to use attributes instead.

   WARN  Metadata found in doc-comment for method Tests\Feature\ReferralEdgeCasesTest::it_handles_self_referral_attempt(). Metadata in doc-comments is deprecated and will no longer be supported in PHPUnit 12. Update your test code to use attributes instead.

   WARN  Metadata found in doc-comment for method Tests\Feature\ReferralEdgeCasesTest::it_handles_circular_referral_prevention(). Metadata in doc-comments is deprecated and will no longer be supported in PHPUnit 12. Update your test code to use attributes instead.

   WARN  Metadata found in doc-comment for method Tests\Feature\ReferralEdgeCasesTest::it_handles_deleted_referrer_account(). Metadata in doc-comments is deprecated and will no longer be supported in PHPUnit 12. Update your test code to use attributes instead.

   WARN  Metadata found in doc-comment for method Tests\Feature\ReferralEdgeCasesTest::it_handles_referral_code_with_sql_injection_attempts(). Metadata in doc-comments is deprecated and will no longer be supported in PHPUnit 12. Update your test code to use attributes instead.

   WARN  Metadata found in doc-comment for method Tests\Feature\ReferralEdgeCasesTest::it_handles_referral_code_with_xss_attempts(). Metadata in doc-comments is deprecated and will no longer be supported in PHPUnit 12. Update your test code to use attributes instead.

   WARN  Metadata found in doc-comment for method Tests\Feature\ReferralEdgeCasesTest::it_handles_extremely_long_referral_code(). Metadata in doc-comments is deprecated and will no longer be supported in PHPUnit 12. Update your test code to use attributes instead.

   WARN  Metadata found in doc-comment for method Tests\Feature\ReferralEdgeCasesTest::it_handles_null_referral_commission_rate(). Metadata in doc-comments is deprecated and will no longer be supported in PHPUnit 12. Update your test code to use attributes instead.

   WARN  Metadata found in doc-comment for method Tests\Feature\ReferralEdgeCasesTest::it_handles_negative_commission_rate(). Metadata in doc-comments is deprecated and will no longer be supported in PHPUnit 12. Update your test code to use attributes instead.

   WARN  Metadata found in doc-comment for method Tests\Feature\ReferralEdgeCasesTest::it_handles_extremely_high_commission_rate(). Metadata in doc-comments is deprecated and will no longer be supported in PHPUnit 12. Update your test code to use attributes instead.

   WARN  Metadata found in doc-comment for method Tests\Feature\ReferralEdgeCasesTest::it_handles_referral_with_no_affiliate_account(). Metadata in doc-comments is deprecated and will no longer be supported in PHPUnit 12. Update your test code to use attributes instead.

   WARN  Metadata found in doc-comment for method Tests\Feature\ReferralEdgeCasesTest::it_handles_database_connection_errors(). Metadata in doc-comments is deprecated and will no longer be supported in PHPUnit 12. Update your test code to use attributes instead.

   WARN  Metadata found in doc-comment for method Tests\Feature\ReferralEdgeCasesTest::it_handles_concurrent_payout_requests(). Metadata in doc-comments is deprecated and will no longer be supported in PHPUnit 12. Update your test code to use attributes instead.

   WARN  Metadata found in doc-comment for method Tests\Feature\ReferralEdgeCasesTest::it_handles_referral_code_with_unicode_characters(). Metadata in doc-comments is deprecated and will no longer be supported in PHPUnit 12. Update your test code to use attributes instead.

   WARN  Metadata found in doc-comment for method Tests\Feature\ReferralEdgeCasesTest::it_handles_referral_code_with_spaces_only(). Metadata in doc-comments is deprecated and will no longer be supported in PHPUnit 12. Update your test code to use attributes instead.

   WARN  Metadata found in doc-comment for method Tests\Feature\ReferralPayoutTest::it_includes_referral_earnings_in_payout_request(). Metadata in doc-comments is deprecated and will no longer be supported in PHPUnit 12. Update your test code to use attributes instead.

   WARN  Metadata found in doc-comment for method Tests\Feature\ReferralPayoutTest::it_prevents_duplicate_payout_requests(). Metadata in doc-comments is deprecated and will no longer be supported in PHPUnit 12. Update your test code to use attributes instead.

   WARN  Metadata found in doc-comment for method Tests\Feature\ReferralPayoutTest::it_checks_minimum_payout_with_referral_earnings(). Metadata in doc-comments is deprecated and will no longer be supported in PHPUnit 12. Update your test code to use attributes instead.

   WARN  Metadata found in doc-comment for method Tests\Feature\ReferralPayoutTest::it_handles_payout_approval_with_referral_earnings(). Metadata in doc-comments is deprecated and will no longer be supported in PHPUnit 12. Update your test code to use attributes instead.

   WARN  Metadata found in doc-comment for method Tests\Feature\ReferralPayoutTest::it_calculates_total_pending_correctly(). Metadata in doc-comments is deprecated and will no longer be supported in PHPUnit 12. Update your test code to use attributes instead.

   WARN  Metadata found in doc-comment for method Tests\Feature\ReferralPayoutTest::it_handles_zero_referral_earnings(). Metadata in doc-comments is deprecated and will no longer be supported in PHPUnit 12. Update your test code to use attributes instead.

   WARN  Metadata found in doc-comment for method Tests\Feature\ReferralPayoutTest::it_handles_only_referral_earnings(). Metadata in doc-comments is deprecated and will no longer be supported in PHPUnit 12. Update your test code to use attributes instead.

   WARN  Metadata found in doc-comment for method Tests\Feature\ReferralPayoutTest::it_validates_payout_request_data(). Metadata in doc-comments is deprecated and will no longer be supported in PHPUnit 12. Update your test code to use attributes instead.

   WARN  Metadata found in doc-comment for method Tests\Feature\ReferralPayoutTest::it_requires_authentication_for_payout_request(). Metadata in doc-comments is deprecated and will no longer be supported in PHPUnit 12. Update your test code to use attributes instead.

   WARN  Metadata found in doc-comment for method Tests\Feature\ReferralPayoutTest::it_requires_affiliate_account_for_payout_request(). Metadata in doc-comments is deprecated and will no longer be supported in PHPUnit 12. Update your test code to use attributes instead.

   WARN  Metadata found in doc-comment for method Tests\Feature\ReferralRegistrationTest::it_can_register_with_valid_referral_code(). Metadata in doc-comments is deprecated and will no longer be supported in PHPUnit 12. Update your test code to use attributes instead.

   WARN  Metadata found in doc-comment for method Tests\Feature\ReferralRegistrationTest::it_can_register_without_referral_code(). Metadata in doc-comments is deprecated and will no longer be supported in PHPUnit 12. Update your test code to use attributes instead.

   WARN  Metadata found in doc-comment for method Tests\Feature\ReferralRegistrationTest::it_rejects_invalid_referral_code(). Metadata in doc-comments is deprecated and will no longer be supported in PHPUnit 12. Update your test code to use attributes instead.

   WARN  Metadata found in doc-comment for method Tests\Feature\ReferralRegistrationTest::it_rejects_inactive_referral_code(). Metadata in doc-comments is deprecated and will no longer be supported in PHPUnit 12. Update your test code to use attributes instead.

   WARN  Metadata found in doc-comment for method Tests\Feature\ReferralRegistrationTest::it_handles_referral_code_case_insensitively(). Metadata in doc-comments is deprecated and will no longer be supported in PHPUnit 12. Update your test code to use attributes instead.

   WARN  Metadata found in doc-comment for method Tests\Feature\ReferralRegistrationTest::it_trims_whitespace_from_referral_code(). Metadata in doc-comments is deprecated and will no longer be supported in PHPUnit 12. Update your test code to use attributes instead.

   WARN  Metadata found in doc-comment for method Tests\Feature\ReferralRegistrationTest::it_prevents_duplicate_email_with_referral_code(). Metadata in doc-comments is deprecated and will no longer be supported in PHPUnit 12. Update your test code to use attributes instead.

   WARN  Metadata found in doc-comment for method Tests\Feature\ReferralRegistrationTest::it_stores_referral_relationship_after_successful_registration(). Metadata in doc-comments is deprecated and will no longer be supported in PHPUnit 12. Update your test code to use attributes instead.

   WARN  Metadata found in doc-comment for method Tests\Feature\ReferralRegistrationTest::it_handles_empty_referral_code_gracefully(). Metadata in doc-comments is deprecated and will no longer be supported in PHPUnit 12. Update your test code to use attributes instead.

   WARN  Metadata found in doc-comment for method Tests\Feature\ReferralRegistrationTest::registration_page_loads_with_referral_code_parameter(). Metadata in doc-comments is deprecated and will no longer be supported in PHPUnit 12. Update your test code to use attributes instead.

   WARN  Metadata found in doc-comment for method Tests\Feature\ReferralRegistrationTest::it_validates_referral_code_length(). Metadata in doc-comments is deprecated and will no longer be supported in PHPUnit 12. Update your test code to use attributes instead.

   WARN  Metadata found in doc-comment for method Tests\Feature\ReferralRegistrationTest::it_handles_referral_code_with_special_characters(). Metadata in doc-comments is deprecated and will no longer be supported in PHPUnit 12. Update your test code to use attributes instead.

   PASS  Tests\Unit\ExampleTest
  Γ£ô that true is true

   PASS  Tests\Unit\Jobs\AnonymizeIpJobTest
  Γ£ô it anonymizes old ip hashes                                                                                                                                                   0.35s  
  Γ£ô it respects custom retention days                                                                                                                                             0.02s  
  Γ£ô it handles null ip hashes                                                                                                                                                     0.05s  
  Γ£ô it processes in chunks                                                                                                                                                        2.91s  
  Γ£ô it handles empty click table                                                                                                                                                  0.01s  
  Γ£ô it only anonymizes clicks older than cutoff                                                                                                                                   0.02s  

   PASS  Tests\Unit\Jobs\DeleteOldClicksJobTest
  Γ£ô it deletes old clicks based on default retention                                                                                                                              0.02s  
  Γ£ô it respects custom retention days from settings                                                                                                                               0.03s  
  Γ£ô it handles zero retention days                                                                                                                                                0.07s  
  Γ£ô it handles negative retention days                                                                                                                                            0.07s  
  Γ£ô it processes in chunks                                                                                                                                                        0.71s  
  Γ£ô it handles empty click table                                                                                                                                                  0.02s  
  Γ£ô it only deletes clicks older than cutoff                                                                                                                                      0.02s  
  Γ£ô it handles missing setting key                                                                                                                                                0.02s  
  Γ£ô it handles string retention days                                                                                                                                              0.03s  

   PASS  Tests\Unit\Jobs\FetchOgTagsJobTest
  Γ£ô it fetches og tags successfully                                                                                                                                               0.04s  
  Γ£ô it handles missing link gracefully                                                                                                                                            0.04s  
  Γ£ô it skips if og tags already exist                                                                                                                                             0.02s  
  Γ£ô it handles http failure                                                                                                                                                       0.01s  
  Γ£ô it handles timeout                                                                                                                                                            0.02s  
  Γ£ô it extracts meta tags with different formats                                                                                                                                  0.02s  
  Γ£ô it falls back to title tag                                                                                                                                                    0.01s  
  Γ£ô it truncates long content                                                                                                                                                     0.02s  
  Γ£ô it strips html tags from content                                                                                                                                              0.01s  
  Γ£ô it handles twitter image fallback                                                                                                                                             0.01s  
  Γ£ô it only updates empty fields                                                                                                                                                  0.02s  
  Γ£ô it handles malformed html                                                                                                                                                     0.01s  

   PASS  Tests\Unit\Jobs\LogClickJobTest
  Γ£ô it logs click successfully                                                                                                                                                    0.02s  
  Γ£ô it records to analytics summary                                                                                                                                               0.02s  
  Γ£ô it skips affiliate processing when feature disabled                                                                                                                           0.03s  
  Γ£ô it processes affiliate visit when enabled                                                                                                                                     0.08s  
  Γ£ô it handles missing link gracefully                                                                                                                                            0.03s  
  Γ£ô it handles inactive affiliate                                                                                                                                                 0.04s  
  Γ£ô it handles missing ip hash                                                                                                                                                    0.06s  
  Γ£ô it handles country not in tier                                                                                                                                                0.03s  
  Γ£ô it prevents duplicate ip visits                                                                                                                                               0.07s  
  Γ£ô it handles missing country code                                                                                                                                               0.07s  

   PASS  Tests\Unit\Jobs\SyncAffiliateEarningsJobTest
  Γ£ô it syncs all active affiliates                                                                                                                                                0.06s  
  Γ£ô it syncs specific affiliate                                                                                                                                                   0.05s  
  Γ£ô it handles inactive affiliates                                                                                                                                                0.07s  
  Γ£ô it handles visits without tier                                                                                                                                                0.07s  
  Γ£ô it handles inactive tiers                                                                                                                                                     0.11s  
  Γ£ô it handles paid earnings correctly                                                                                                                                            0.06s  
  Γ£ô it handles multiple tiers for same affiliate                                                                                                                                  0.10s  
  Γ£ô it handles missing affiliate gracefully                                                                                                                                       0.04s  
  Γ£ô it handles no visits                                                                                                                                                          0.04s  
  Γ£ô it rounds earnings correctly                                                                                                                                                  0.04s  

   FAIL  Tests\Unit\Jobs\SyncReferralCommissionsJobTest
  Γ¿» it processes referral commissions for active referrers                                                                                                                        0.10s  
  Γ¿» it uses configured commission rate                                                                                                                                            0.13s  
  Γ£ô it skips inactive referrers                                                                                                                                                   0.11s  
  Γ£ô it skips inactive referrals                                                                                                                                                   0.08s  
  Γ¿» it handles zero referral earnings                                                                                                                                             0.10s  
  Γ£ô it handles invalid commission rate                                                                                                                                            0.12s  
  Γ¿» it accumulates referral earnings                                                                                                                                              0.11s  
  Γ¿» it handles default date when not provided                                                                                                                                     0.10s  
  Γ¿» it does not duplicate commissions for same date                                                                                                                               0.11s  

   PASS  Tests\Unit\Models\AdTest
  Γ£ô it casts attributes correctly                                                                                                                                                 0.07s  
  Γ£ô it clears cache on creation                                                                                                                                                   0.04s  
  Γ£ô it clears cache on update                                                                                                                                                     0.04s  
  Γ£ô it clears cache on deletion                                                                                                                                                   0.03s  
  Γ£ô it gets cached active ads                                                                                                                                                     0.04s  
  Γ£ô it gets cached ad for placement                                                                                                                                               0.04s  
  Γ£ô it returns random ad for placement with multiple options                                                                                                                      0.05s  
  Γ£ô it filters active ads                                                                                                                                                         0.04s  
  Γ£ô it filters banner ads                                                                                                                                                         0.04s  
  Γ£ô it filters interstitial ads                                                                                                                                                   0.03s  
  Γ£ô it filters ads by country                                                                                                                                                     0.03s  
  Γ£ô it filters ads by placement                                                                                                                                                   0.04s  
  Γ£ô it filters redirect ads                                                                                                                                                       0.04s  
  Γ£ô it filters header ads                                                                                                                                                         0.04s  
  Γ£ô it filters footer ads                                                                                                                                                         0.03s  
  Γ£ô it filters sidebar ads                                                                                                                                                        0.03s  
  Γ£ô it filters left side ads                                                                                                                                                      0.04s  
  Γ£ô it filters right side ads                                                                                                                                                     0.04s  
  Γ£ô it filters before counter ads                                                                                                                                                 0.04s  
  Γ£ô it filters under counter ads                                                                                                                                                  0.05s  
  Γ£ô it filters above button ads                                                                                                                                                   0.04s  
  Γ£ô it filters under button ads                                                                                                                                                   0.04s  
  Γ£ô it filters popup ads                                                                                                                                                          0.03s  
  Γ£ô it handles fillable fields                                                                                                                                                    0.03s  
  Γ£ô it handles empty target countries                                                                                                                                             0.02s  
  Γ£ô it combines multiple scopes                                                                                                                                                   0.03s  
  Γ£ô it handles null target countries in country filter                                                                                                                            0.03s  

   FAIL  Tests\Unit\Models\AffiliateReferralTest
  Γ£ô it can get total earnings including referrals                                                                                                                                 0.07s  
  Γ£ô it can get total pending earnings including referrals                                                                                                                         0.04s  
  Γ£ô it can check payout eligibility with referrals                                                                                                                                0.04s  
  Γ£ô it can count referred affiliates                                                                                                                                              0.05s  
  Γ£ô it only counts active referred affiliates                                                                                                                                     0.04s  
  Γ£ô it has referred users relationship                                                                                                                                            0.03s  
  Γ¿» it has referral commissions as referrer relationship                                                                                                                          0.03s  
  Γ¿» it has referral commissions as referral relationship                                                                                                                          0.03s  
  Γ¿» referral earnings are cast to decimal                                                                                                                                         0.04s  
  Γ£ô referral fields are mass assignable                                                                                                                                           0.04s  

   PASS  Tests\Unit\Models\ClickTest
  Γ£ô it belongs to link                                                                                                                                                            0.04s  
  Γ£ô it filters clicks by link                                                                                                                                                     0.04s  
  Γ£ô it filters clicks by period                                                                                                                                                   0.04s  
  Γ£ô it filters clicks by country                                                                                                                                                  0.04s  
  Γ£ô it filters clicks by device type                                                                                                                                              0.04s  
  Γ£ô it filters clicks by referrer domain                                                                                                                                          0.04s  
  Γ£ô it handles null referrer in with referrer scope                                                                                                                               0.03s  
  Γ£ô it casts created at to datetime                                                                                                                                               0.04s  
  Γ£ô it handles fillable fields                                                                                                                                                    0.05s  
  Γ£ô it combines multiple scopes                                                                                                                                                   0.05s  
  Γ£ô it handles empty results in scopes                                                                                                                                            0.03s  
  Γ£ô it preserves timestamps                                                                                                                                                       0.03s  
  Γ£ô it handles case insensitive country codes                                                                                                                                     0.05s  
  Γ£ô it handles case insensitive device types                                                                                                                                      0.04s  

   PASS  Tests\Unit\Models\LinkTest
  Γ£ô it uses soft deletes                                                                                                                                                          0.06s  
  Γ£ô it hashes destination url on save                                                                                                                                             0.03s  
  Γ£ô it updates hash when url changes                                                                                                                                              0.04s  
  Γ£ô it hashes password for private links                                                                                                                                          0.04s  
  Γ£ô it removes password for public links                                                                                                                                          0.04s  
  Γ£ô it does not rehash password if unchanged                                                                                                                                      0.03s  
  Γ£ô it belongs to user                                                                                                                                                            0.03s  
  Γ£ô it belongs to domain                                                                                                                                                          0.02s  
  Γ£ô it has many clicks                                                                                                                                                            0.04s  
  Γ£ô it generates short url with default domain                                                                                                                                    0.05s  
  Γ£ô it generates short url with custom domain                                                                                                                                     0.04s  
  Γ£ô it generates short url with custom alias                                                                                                                                      0.05s  
  Γ£ô it adds https to domain without protocol                                                                                                                                      0.04s  
  Γ£ô it trims trailing slash from domain                                                                                                                                           0.03s  
  Γ£ô it filters active links                                                                                                                                                       0.05s  
  Γ£ô it filters links by user                                                                                                                                                      0.03s  
  Γ£ô it increments clicks count                                                                                                                                                    0.02s  
  Γ£ô it casts attributes correctly                                                                                                                                                 0.04s  
  Γ£ô it handles expiration in active scope                                                                                                                                         0.04s  
  Γ£ô it handles fillable fields                                                                                                                                                    0.04s  

   FAIL  Tests\Unit\Models\ReferralCommissionTest
  Γ£ô it can create referral commission                                                                                                                                             0.07s  
  Γ£ô it has referrer relationship                                                                                                                                                  0.07s  
  Γ£ô it has referral relationship                                                                                                                                                  0.05s  
  Γ£ô it can scope by date range                                                                                                                                                    0.05s  
  Γ£ô it can scope by referrer                                                                                                                                                      0.05s  
  Γ£ô it can scope by referral                                                                                                                                                      0.07s  
  Γ¿» monetary fields are cast to decimal                                                                                                                                           0.05s  
  Γ£ô commission date is cast to date                                                                                                                                               0.04s  
  Γ£ô all fields are mass assignable                                                                                                                                                0.06s  

   PASS  Tests\Unit\Models\UserReferralTest
  Γ£ô it has referred by relationship                                                                                                                                               0.05s  
  Γ£ô referred by relationship returns null when no referrer                                                                                                                        0.04s  
  Γ£ô it has referred users relationship                                                                                                                                            0.05s  
  Γ£ô referred users relationship returns empty when no referrals                                                                                                                   0.04s  
  Γ£ô it can have multiple referred users                                                                                                                                           0.04s  
  Γ£ô referred by affiliate id is mass assignable                                                                                                                                   0.06s  
  Γ£ô it can check if user was referred                                                                                                                                             0.04s  
  Γ£ô it can get referral chain depth                                                                                                                                               0.05s  
  Γ£ô it handles null referred by affiliate id gracefully                                                                                                                           0.05s  

   PASS  Tests\Unit\Models\UserTest
  Γ£ô it has many links                                                                                                                                                             0.04s  
  Γ£ô it has one affiliate                                                                                                                                                          0.03s  
  Γ£ô it can have no affiliate                                                                                                                                                      0.04s  
  Γ£ô it has many social accounts                                                                                                                                                   0.04s  
  Γ£ô it has many reviewed reports                                                                                                                                                  0.05s  
  Γ£ô it identifies admin users                                                                                                                                                     0.03s  
  Γ£ô it assigns valid roles                                                                                                                                                        0.04s  
  Γ£ô it rejects invalid roles                                                                                                                                                      0.03s  
  Γ£ô it checks user roles                                                                                                                                                          0.04s  
  Γ£ô it casts email verified at to datetime                                                                                                                                        0.04s  
  Γ£ô it hashes password automatically                                                                                                                                              0.03s  
  Γ£ô it handles fillable fields                                                                                                                                                    0.03s  
  Γ£ô it hides sensitive attributes                                                                                                                                                 0.03s  
  Γ£ô it uses notifications                                                                                                                                                         0.03s  
  Γ£ô it handles default role                                                                                                                                                       0.03s  
  Γ£ô it can be created without avatar                                                                                                                                              0.03s  
  Γ£ô it preserves email case                                                                                                                                                       0.03s  
  Γ£ô it handles null email verified at                                                                                                                                             0.04s  
  Γ£ô it updates role correctly                                                                                                                                                     0.04s  
  Γ£ô it handles role assignment with existing role                                                                                                                                 0.04s  
  Γ£ô it authenticates with correct password                                                                                                                                        0.05s  
  Γ£ô it does not authenticate with wrong password                                                                                                                                  0.04s  

   FAIL  Tests\Unit\Services\CaptchaServiceTest
  Γ£ô it returns false when settings table not exists                                                                                                                               0.06s  
  Γ£ô it returns false when captcha disabled                                                                                                                                        0.08s  
  Γ£ô it returns true when captcha enabled                                                                                                                                          0.11s  
  Γ£ô it returns default site key when not set                                                                                                                                      0.06s  
  Γ£ô it returns configured site key                                                                                                                                                0.08s  
  Γ£ô it returns true when captcha disabled during verification                                                                                                                     0.08s  
  Γ£ô it returns false when token empty                                                                                                                                             0.09s  
  Γ£ô it returns true when secret key missing                                                                                                                                       0.09s  
  Γ£ô it verifies valid token                                                                                                                                                       0.11s  
  Γ£ô it rejects invalid token                                                                                                                                                      0.04s  
  Γ£ô it handles http timeout                                                                                                                                                       0.04s  
  Γ¿» it handles http error                                                                                                                                                         0.10s  
  Γ£ô it sends correct request data                                                                                                                                                 0.15s  
  Γ¿» it handles malformed response                                                                                                                                                 0.12s  
  Γ£ô it handles missing success field                                                                                                                                              0.07s  
  Γ£ô it caches settings table existence check                                                                                                                                      0.04s  
  Γ£ô it handles boolean string values                                                                                                                                              0.07s  
  Γ¿» it logs verification errors                                                                                                                                                   0.13s  
  Γ£ô it handles empty secret key                                                                                                                                                   0.11s  

   PASS  Tests\Unit\Services\IndexNowServiceTest
  Γ£ô it returns enabled status                                                                                                                                                     0.09s  
  Γ£ô it returns host from config                                                                                                                                                   0.03s  
  Γ£ô it submits url to bing                                                                                                                                                        0.04s  
  Γ£ô it submits url to yandex                                                                                                                                                      0.04s  
  Γ£ô it submits url to custom host                                                                                                                                                 0.04s  
  Γ£ô it returns false when disabled                                                                                                                                                0.03s  
  Γ£ô it handles http success                                                                                                                                                       0.04s  
  Γ£ô it handles http accepted                                                                                                                                                      0.03s  
  Γ£ô it handles http error                                                                                                                                                         0.03s  
  Γ£ô it handles http timeout                                                                                                                                                       0.04s  
  Γ£ô it submits batch urls                                                                                                                                                         0.37s  
  Γ£ô it handles batch with failures                                                                                                                                                0.35s  
  Γ£ô it submits to all hosts                                                                                                                                                       0.05s  
  Γ£ô it generates correct key                                                                                                                                                      0.04s  
  Γ£ô it handles empty key                                                                                                                                                          0.06s  
  Γ£ô it builds correct payload                                                                                                                                                     0.05s  
  Γ£ô it adds rate limiting delay                                                                                                                                                   0.25s  
  Γ£ô it handles missing host gracefully                                                                                                                                            0.04s  

   PASS  Tests\Unit\Services\ShortCodeServiceTest
  Γ£ô it generates unique short codes                                                                                                                                               0.07s  
  Γ£ô it generates codes of default length                                                                                                                                          0.03s  
  Γ£ô it generates codes of custom length                                                                                                                                           0.04s  
  Γ£ô it uses valid characters only                                                                                                                                                 0.05s  
  Γ£ô it avoids existing short codes                                                                                                                                                0.06s  
  Γ£ô it avoids existing custom aliases                                                                                                                                             0.08s  
  Γ£ô it increases length on collision persistence                                                                                                                                  0.06s  
  Γ£ô it generates different codes on multiple calls                                                                                                                                0.04s  
  Γ£ô it handles high collision scenario                                                                                                                                            1.55s  
  Γ£ô it generates codes with mixed case                                                                                                                                            0.05s  
  Γ£ô it handles minimum length                                                                                                                                                     0.03s  
  Γ£ô it handles maximum length                                                                                                                                                     0.03s  
  Γ£ô it uses secure random generation                                                                                                                                              0.33s  
  Γ£ô it handles edge case with zero length                                                                                                                                         0.03s  
  Γ£ô it verifies existence check uses both fields                                                                                                                                  0.03s  

   PASS  Tests\Unit\Services\UrlValidationServiceTest
  Γ£ô it validates valid http urls                                                                                                                                                  0.04s  
  Γ£ô it rejects invalid urls                                                                                                                                                       0.03s  
  Γ£ô it rejects suspicious patterns                                                                                                                                                0.03s  
  Γ£ô it sanitizes urls                                                                                                                                                             0.03s  
  Γ£ô it provides specific validation errors                                                                                                                                        0.03s  
  Γ£ô it returns null for valid urls                                                                                                                                                0.02s  
  Γ£ô it blocks private ip ranges                                                                                                                                                   0.03s  
  Γ£ô it blocks loopback addresses                                                                                                                                                  0.03s  
  Γ£ô it allows public ip addresses                                                                                                                                                 0.02s  
  Γ£ô it handles case insensitive protocols                                                                                                                                         0.02s  
  Γ£ô it rejects case insensitive suspicious patterns                                                                                                                               0.02s  
  Γ£ô it handles unicode domains                                                                                                                                                    0.03s  
  Γ£ô it handles malformed urls gracefully                                                                                                                                          0.03s  
  Γ£ô it allows port numbers                                                                                                                                                        0.02s  
  Γ£ô it handles auth credentials                                                                                                                                                   0.03s  

   PASS  Tests\Unit\Services\XmlPingServiceTest
  Γ£ô it returns enabled status                                                                                                                                                     0.06s  
  Γ£ô it returns disabled results when service disabled                                                                                                                             0.05s  
  Γ£ô it pings google                                                                                                                                                               0.04s  
  Γ£ô it pings bing                                                                                                                                                                 0.04s  
  Γ£ô it pings yandex                                                                                                                                                               0.05s  
  Γ£ô it pings yahoo                                                                                                                                                                0.03s  
  Γ£ô it pings duckduckgo                                                                                                                                                           0.04s  
  Γ£ô it pings baidu                                                                                                                                                                0.04s  
  Γ£ô it handles naver service                                                                                                                                                      0.04s  
  Γ£ô it handles unknown service                                                                                                                                                    0.03s  
  Γ£ô it handles http success                                                                                                                                                       0.03s  
  Γ£ô it handles http failure                                                                                                                                                       0.04s  
  Γ£ô it handles http timeout                                                                                                                                                       0.03s  
  Γ£ô it pings multiple services                                                                                                                                                    0.04s  
  Γ£ô it respects configured services                                                                                                                                               0.03s  
  Γ£ô it handles default services when none configured                                                                                                                              0.04s  
  Γ£ô it gets sitemap url                                                                                                                                                           0.03s  
  Γ£ô it pings sitemap                                                                                                                                                              2.30s  
  Γ£ô it url encodes sitemap url                                                                                                                                                    0.04s  
  Γ£ô it handles special characters in url                                                                                                                                          0.05s  
  Γ£ô it handles timeout configuration                                                                                                                                              0.03s  
  Γ£ô it logs ping results                                                                                                                                                          0.02s  

   PASS  Tests\Unit\SettingTest
  Γ£ô get returns default when key not found                                                                                                                                        0.07s  
  Γ£ô get returns stored value                                                                                                                                                      0.08s  
  Γ£ô get returns cached value                                                                                                                                                      0.12s  
  Γ£ô set creates new setting                                                                                                                                                       0.09s  
  Γ£ô set updates existing setting                                                                                                                                                  0.12s  
  Γ£ô get group returns settings by group                                                                                                                                           0.14s  
  Γ£ô clear cache forgets cache key                                                                                                                                                 0.09s  
  Γ£ô get returns null by default                                                                                                                                                   0.06s  
  Γ£ô set handles json values                                                                                                                                                       0.07s  

   PASS  Tests\Feature\AdminPayoutTest
  Γ£ô admin can view payout list                                                                                                                                                    0.15s  
  Γ£ô admin can filter payouts by status                                                                                                                                            0.06s  
  Γ£ô non admin cannot access payouts                                                                                                                                               0.06s  
  Γ£ô admin can approve payout                                                                                                                                                      0.37s  
  Γ£ô admin can reject payout                                                                                                                                                       0.11s  
  Γ£ô admin can mark payout as paid                                                                                                                                                 0.08s  

   PASS  Tests\Feature\AdminUserTest
  Γ£ô admin can view user list                                                                                                                                                      0.08s  
  Γ£ô admin can create user                                                                                                                                                         0.07s  
  Γ£ô admin can update user                                                                                                                                                         0.07s  
  Γ£ô admin can ban user                                                                                                                                                            0.09s  
  Γ£ô admin can unban user                                                                                                                                                          0.05s  
  Γ£ô admin can delete user                                                                                                                                                         0.05s  
  Γ£ô non admin cannot access users                                                                                                                                                 0.05s  

   FAIL  Tests\Feature\AffiliateDashboardReferralTest
  Γ¿» it displays referral earnings on dashboard                                                                                                                                    0.07s  
  Γ¿» it displays referred users count                                                                                                                                              0.05s  
  Γ¿» it displays total earnings including referrals                                                                                                                                0.04s  
  Γ¿» it displays total pending including referrals                                                                                                                                 0.06s  
  Γ¿» it shows referral code in dashboard                                                                                                                                           0.04s  
  Γ¿» it handles affiliate without referrals                                                                                                                                        0.04s  
  Γ¿» it requires authentication for dashboard                                                                                                                                      0.03s  
  Γ¿» it requires affiliate account for dashboard                                                                                                                                   0.03s  
  Γ¿» it displays payout eligibility with referrals                                                                                                                                 0.02s  
  Γ¿» it displays multiple referred users                                                                                                                                           0.07s  
  Γ¿» it only counts active referred affiliates                                                                                                                                     0.06s  
  Γ¿» it passes payout methods to dashboard                                                                                                                                         0.04s  
  Γ¿» it passes minimum payout to dashboard                                                                                                                                         0.04s  

   PASS  Tests\Feature\Api\AffiliateControllerTest
  Γ£ô can get affiliate info when not enrolled                                                                                                                                      0.07s  
  Γ£ô can enroll in affiliate program                                                                                                                                               0.03s  
  Γ£ô cannot enroll twice                                                                                                                                                           0.04s  
  Γ£ô can get affiliate info when enrolled                                                                                                                                          0.06s  
  Γ£ô can get tiers                                                                                                                                                                 0.04s  
  Γ£ô can request payout                                                                                                                                                            0.06s  
  Γ£ô cannot request payout when not enrolled                                                                                                                                       0.05s  
  Γ£ô cannot request payout below minimum                                                                                                                                           0.05s  
  Γ£ô cannot request payout when pending exists                                                                                                                                     0.05s  
  Γ£ô can get payout history                                                                                                                                                        0.05s  
  Γ£ô cannot get payout history when not enrolled                                                                                                                                   0.04s  
  Γ£ô returns 403 when affiliate disabled                                                                                                                                           0.09s  
  Γ£ô requires authentication                                                                                                                                                       0.05s  

   PASS  Tests\Feature\Api\AliasDomainApiTest
  Γ£ô can get active domains                                                                                                                                                        0.06s  
  Γ£ô active domains response includes default                                                                                                                                      0.05s  
  Γ£ô active domains no auth required                                                                                                                                               0.04s  
  Γ£ô active domains returns domain fields                                                                                                                                          0.04s  
  Γ£ô inactive domains not included                                                                                                                                                 0.05s  
  Γ£ô empty domains returns empty array                                                                                                                                             0.05s  
  Γ£ô response matches expected format                                                                                                                                              0.04s  

   PASS  Tests\Feature\Api\AnalyticsControllerTest
  Γ£ô can get analytics for link                                                                                                                                                    0.06s  
  Γ£ô analytics can be accessed by short code                                                                                                                                       0.04s  
  Γ£ô nonexistent link returns 404                                                                                                                                                  0.04s  
  Γ£ô cannot access analytics for other users link                                                                                                                                  0.05s  
  Γ£ô summary includes correct click counts                                                                                                                                         0.07s  
  Γ£ô unique visitors is calculated correctly                                                                                                                                       0.05s  
  Γ£ô period filter works for today                                                                                                                                                 0.05s  
  Γ£ô period filter works for week                                                                                                                                                  0.05s  
  Γ£ô period filter works for month                                                                                                                                                 0.05s  
  Γ£ô invalid period returns validation error                                                                                                                                       0.06s  
  Γ£ô geography is grouped by country                                                                                                                                               0.06s  
  Γ£ô referrers show direct for null                                                                                                                                                0.05s  
  Γ£ô devices are categorized                                                                                                                                                       0.04s  
  Γ£ô browsers are limited to top 6                                                                                                                                                 0.06s  
  Γ£ô daily clicks returns time series                                                                                                                                              0.05s  

   PASS  Tests\Feature\Api\AuthenticationTest
  Γ£ô health endpoint returns ok                                                                                                                                                    0.08s  
  Γ£ô api info endpoint returns documentation                                                                                                                                       0.03s  
  Γ£ô requests without token are rejected                                                                                                                                           0.05s  
  Γ£ô requests with invalid token are rejected                                                                                                                                      0.04s  
  Γ£ô requests with valid token are accepted                                                                                                                                        0.05s  
  Γ£ô expired tokens are rejected                                                                                                                                                   0.03s  
  Γ£ô token cannot be passed as query parameter for security                                                                                                                        0.04s  
  Γ£ô last used timestamp is updated                                                                                                                                                0.04s  

   PASS  Tests\Feature\Api\LinkApiTest
  Γ£ô can list links                                                                                                                                                                0.05s  
  Γ£ô can create link                                                                                                                                                               0.06s  
  Γ£ô can create link with domain id                                                                                                                                                0.05s  
  Γ£ô cannot create link with inactive domain                                                                                                                                       0.05s  
  Γ£ô cannot create link with nonexistent domain                                                                                                                                    0.05s  
  Γ£ô can get single link                                                                                                                                                           0.04s  
  Γ£ô can update link                                                                                                                                                               0.04s  
  Γ£ô can update link domain                                                                                                                                                        0.04s  
  Γ£ô link response includes domain info                                                                                                                                            0.04s  
  Γ£ô can delete link                                                                                                                                                               0.06s  
  Γ£ô cannot access other users link                                                                                                                                                0.05s  
  Γ£ô url is required                                                                                                                                                               0.05s  
  Γ£ô requires authentication                                                                                                                                                       0.05s  

   PASS  Tests\Feature\Api\LinkControllerTest
  Γ£ô can list links                                                                                                                                                                0.05s  
  Γ£ô links are paginated                                                                                                                                                           0.07s  
  Γ£ô can customize per page                                                                                                                                                        0.05s  
  Γ£ô per page is capped at 100                                                                                                                                                     0.05s  
  Γ£ô users can only see their own links                                                                                                                                            0.05s  
  Γ£ô can create link                                                                                                                                                               0.05s  
  Γ£ô can create link with domain id                                                                                                                                                0.05s  
  Γ£ô cannot create link with inactive domain                                                                                                                                       0.04s  
  Γ£ô can update link domain                                                                                                                                                        0.07s  
  Γ£ô can create link with custom alias                                                                                                                                             0.04s  
  Γ£ô url is required                                                                                                                                                               0.05s  
  Γ£ô url must be valid                                                                                                                                                             0.04s  
  Γ£ô alias must be unique                                                                                                                                                          0.05s  
  Γ£ô can get single link by id                                                                                                                                                     0.04s  
  Γ£ô can get single link by short code                                                                                                                                             0.04s  
  Γ£ô getting nonexistent link returns 404                                                                                                                                          0.04s  
  Γ£ô cannot access other users link                                                                                                                                                0.04s  
  Γ£ô can update link                                                                                                                                                               0.05s  
  Γ£ô can update link alias                                                                                                                                                         0.05s  
  Γ£ô updating link clears old cache                                                                                                                                                0.06s  
  Γ£ô can delete link                                                                                                                                                               0.05s  
  Γ£ô deleting link clears cache                                                                                                                                                    0.06s  
  Γ£ô cannot delete other users link                                                                                                                                                0.05s  
  Γ£ô link response includes clicks count                                                                                                                                           0.05s  
  Γ£ô link response includes short url                                                                                                                                              0.05s  
  Γ£ô link response includes domain fields                                                                                                                                          0.05s  
  Γ£ô list links includes domain info                                                                                                                                               0.05s  

   PASS  Tests\Feature\Api\TokenControllerTest
  Γ£ô can list tokens                                                                                                                                                               0.06s  
  Γ£ô tokens list excludes token value                                                                                                                                              0.07s  
  Γ£ô user can only see their own tokens                                                                                                                                            0.06s  
  Γ£ô can create token                                                                                                                                                              0.06s  
  Γ£ô token is 64 characters                                                                                                                                                        0.05s  
  Γ£ô can create token with expiration                                                                                                                                              0.05s  
  Γ£ô token name is optional                                                                                                                                                        0.08s  
  Γ£ô expires days must be positive                                                                                                                                                 0.06s  
  Γ£ô expires days cannot exceed 365                                                                                                                                                0.05s  
  Γ£ô can revoke token                                                                                                                                                              0.05s  
  Γ£ô cannot revoke other users token                                                                                                                                               0.05s  
  Γ£ô cannot revoke nonexistent token                                                                                                                                               0.07s  
  Γ£ô revoked token is immediately invalid                                                                                                                                          0.07s  
  Γ£ô token creation is rate limited                                                                                                                                                0.05s  

   PASS  Tests\Feature\Auth\AuthenticationTest
  Γ£ô login screen can be rendered                                                                                                                                                  0.07s  
  Γ£ô users can authenticate using the login screen                                                                                                                                 0.07s  
  Γ£ô users can not authenticate with invalid password                                                                                                                              0.25s  
  Γ£ô users can logout                                                                                                                                                              0.05s  

   PASS  Tests\Feature\Auth\EmailVerificationTest
  Γ£ô email verification screen can be rendered                                                                                                                                     0.07s  
  Γ£ô email can be verified                                                                                                                                                         0.06s  
  Γ£ô email is not verified with invalid hash                                                                                                                                       0.10s  

   PASS  Tests\Feature\Auth\PasswordConfirmationTest
  Γ£ô confirm password screen can be rendered                                                                                                                                       0.07s  
  Γ£ô password can be confirmed                                                                                                                                                     0.07s  
  Γ£ô password is not confirmed with invalid password                                                                                                                               0.27s  

   PASS  Tests\Feature\Auth\PasswordResetTest
  Γ£ô reset password link screen can be rendered                                                                                                                                    0.05s  
  Γ£ô reset password link can be requested                                                                                                                                          0.25s  
  Γ£ô reset password screen can be rendered                                                                                                                                         0.27s  
  Γ£ô password can be reset with valid token                                                                                                                                        0.28s  

   PASS  Tests\Feature\Auth\PasswordUpdateTest
  Γ£ô password can be updated                                                                                                                                                       0.09s  
  Γ£ô correct password must be provided to update password                                                                                                                          0.06s  

   PASS  Tests\Feature\Auth\RegistrationTest
  Γ£ô registration screen can be rendered                                                                                                                                           0.06s  
  Γ£ô new users can register                                                                                                                                                        0.07s  

   FAIL  Tests\Feature\DynamicRateLimitTest
  Γ¿» rate limit headers are present                                                                                                                                                0.06s  
  Γ¿» rate limits multiple requests                                                                                                                                                 0.07s  
  Γ£ô rate limiting by ip for unauthenticated                                                                                                                                       0.07s  

   PASS  Tests\Feature\ExampleTest
  Γ£ô the application returns a successful response                                                                                                                                 0.08s  

   PASS  Tests\Feature\GuestLinkTest
  Γ£ô guest can shorten url                                                                                                                                                         0.62s  
  Γ£ô guest shorten requires url                                                                                                                                                    0.04s  
  Γ£ô guest shorten validates url format                                                                                                                                            0.07s  
  Γ£ô guest shorten returns existing link                                                                                                                                           0.06s  
  Γ£ô guest shorten rate limited                                                                                                                                                   15.42s  

   PASS  Tests\Feature\LinkControllerTest
  Γ£ô it displays links index                                                                                                                                                       0.07s  
  Γ£ô it filters links by status                                                                                                                                                    0.06s  
  Γ£ô it searches links by short code                                                                                                                                               0.06s  
  Γ£ô it searches links by destination url                                                                                                                                          0.08s  
  Γ£ô it shows link creation form                                                                                                                                                   0.06s  
  Γ£ô it creates new link                                                                                                                                                           0.71s  
  Γ£ô it validates destination url                                                                                                                                                  0.05s  
  Γ£ô it prevents shortening alias domains                                                                                                                                          0.05s  
  Γ£ô it handles custom alias                                                                                                                                                       0.48s  
  Γ£ô it requires password for private links                                                                                                                                        0.49s  
  Γ£ô it shows link details                                                                                                                                                         0.05s  
  Γ£ô it shows link analytics by period                                                                                                                                             0.07s  
  Γ£ô it shows edit form for owned link                                                                                                                                             0.05s  
  Γ£ô it prevents editing other users links                                                                                                                                         0.07s  
  Γ£ô it updates link                                                                                                                                                               0.05s  
  Γ£ô it handles admin fields for admin users                                                                                                                                       0.05s  
  Γ£ô it busts cache when destination url changes                                                                                                                                   0.04s  
  Γ£ô it deletes link                                                                                                                                                               0.05s  
  Γ£ô it clears cache on deletion                                                                                                                                                   0.04s  
  Γ£ô it toggles link status                                                                                                                                                        0.04s  
  Γ£ô it updates cache when activating link                                                                                                                                         0.05s  
  Γ£ô it clears cache when deactivating link                                                                                                                                        0.05s  
  Γ£ô it paginates links                                                                                                                                                            0.08s  
  Γ£ô it preserves query parameters in pagination                                                                                                                                   0.10s  
  Γ£ô it formats country flags in analytics                                                                                                                                         0.05s  
  Γ£ô it handles analytics with no data                                                                                                                                             0.05s  
  Γ£ô it aggregates analytics from multiple days                                                                                                                                    0.06s  
  Γ£ô it handles domain selection in creation                                                                                                                                       0.06s  
  Γ£ô it creates link with custom domain                                                                                                                                            0.40s  
  Γ£ô it validates custom alias uniqueness                                                                                                                                          0.04s  
  Γ£ô it validates custom alias format                                                                                                                                              0.05s  
  Γ£ô it handles campaign tag                                                                                                                                                       0.49s  
  Γ£ô it limits campaign tag length                                                                                                                                                 0.09s  
  Γ£ô it shows short url in creation response                                                                                                                                       0.55s  

   PASS  Tests\Feature\ProfileTest
  Γ£ô profile page is displayed                                                                                                                                                     0.11s  
  Γ£ô profile information can be updated                                                                                                                                            0.04s  
  Γ£ô email verification status is unchanged when the email address is unchanged                                                                                                    0.04s  
  Γ£ô user can delete their account                                                                                                                                                 0.05s  
  Γ£ô correct password must be provided to delete account                                                                                                                           0.04s  

   FAIL  Tests\Feature\RedirectControllerTest
  Γ£ô it redirects valid link                                                                                                                                                       0.73s  
  Γ£ô it handles custom alias                                                                                                                                                       0.19s  
  Γ£ô it shows 404 for nonexistent link                                                                                                                                             0.06s  
  Γ£ô it shows 410 for expired link                                                                                                                                                 0.06s  
  Γ£ô it shows 404 for inactive link                                                                                                                                                0.06s  
  Γ£ô it handles password protected links                                                                                                                                           0.22s  
  Γ£ô it handles domain specific links                                                                                                                                              0.05s  
  Γ£ô it handles links without domain id                                                                                                                                            0.21s  
  Γ£ô it detects social crawlers                                                                                                                                                    0.10s  
  Γ£ô it serves og page for social crawlers                                                                                                                                         0.08s  
  Γ£ô it caches redirect pages                                                                                                                                                      0.18s  
  Γ£ô it serves cached pages                                                                                                                                                        2.07s  
  Γ¿» it respects redirect settings                                                                                                                                                 0.77s  
  Γ£ô it displays ads on redirect page                                                                                                                                              0.17s  
  Γ£ô it respects ad override settings                                                                                                                                              0.06s  
  Γ£ô it handles promotions                                                                                                                                                         0.17s  
  Γ£ô it handles country targeted ads                                                                                                                                               0.07s  
  Γ£ô it prevents duplicate ad views in session                                                                                                                                     2.19s  
  Γ£ô it handles missing og tags gracefully                                                                                                                                         0.05s  
  Γ£ô it logs click tracking                                                                                                                                                        2.06s  
  Γ£ô it handles edge case characters in short code                                                                                                                                 2.07s  
  Γ£ô it handles very long destination urls                                                                                                                                         0.19s  

   PASS  Tests\Feature\RedirectTest
  Γ£ô redirect page loads for valid link                                                                                                                                            0.20s  
  Γ£ô redirect page shows 404 for invalid link                                                                                                                                      0.07s  
  Γ£ô redirect page shows 410 for expired link                                                                                                                                      0.05s  
  Γ£ô redirect page shows 404 for inactive link                                                                                                                                     0.05s  
  Γ£ô redirect uses settings countdown                                                                                                                                              0.57s  
  Γ£ô redirect uses settings mode                                                                                                                                                   0.69s  
  Γ£ô social crawler receives og tags                                                                                                                                               0.05s  

   FAIL  Tests\Feature\ReferralEdgeCasesTest
  Γ¿» it handles self referral attempt                                                                                                                                              0.08s  
  Γ£ô it handles circular referral prevention                                                                                                                                       0.09s  
  Γ£ô it handles deleted referrer account                                                                                                                                           0.07s  
  Γ¿» it handles referral code with sql injection attempts                                                                                                                          0.06s  
  Γ£ô it handles referral code with xss attempts                                                                                                                                    0.07s  
  Γ£ô it handles extremely long referral code                                                                                                                                       0.06s  
  Γ¿» it handles null referral commission rate                                                                                                                                      0.04s  
  Γ£ô it handles negative commission rate                                                                                                                                           0.07s  
  Γ£ô it handles extremely high commission rate                                                                                                                                     0.09s  
  Γ£ô it handles referral with no affiliate account                                                                                                                                 0.07s  
  Γ¿» it handles database connection errors                                                                                                                                         0.05s  
  Γ¿» it handles concurrent payout requests                                                                                                                                         0.06s  
  Γ£ô it handles referral code with unicode characters                                                                                                                              0.13s  
  Γ¿» it handles referral code with spaces only                                                                                                                                     0.05s  

   FAIL  Tests\Feature\ReferralPayoutTest
  Γ¿» it includes referral earnings in payout request                                                                                                                               0.06s  
  Γ¿» it prevents duplicate payout requests                                                                                                                                         0.03s  
  Γ¿» it checks minimum payout with referral earnings                                                                                                                               0.06s  
  Γ¿» it handles payout approval with referral earnings                                                                                                                             0.04s  
  Γ£ô it calculates total pending correctly                                                                                                                                         0.05s  
  Γ¿» it handles zero referral earnings                                                                                                                                             0.06s  
  Γ¿» it handles only referral earnings                                                                                                                                             0.09s  
  Γ¿» it validates payout request data                                                                                                                                              0.05s  
  Γ¿» it requires authentication for payout request                                                                                                                                 0.05s  
  Γ£ô it requires affiliate account for payout request                                                                                                                              0.05s  

   PASS  Tests\Feature\ReferralRegistrationTest
  Γ£ô it can register with valid referral code                                                                                                                                      0.08s  
  Γ£ô it can register without referral code                                                                                                                                         0.06s  
  Γ£ô it rejects invalid referral code                                                                                                                                              0.06s  
  Γ£ô it rejects inactive referral code                                                                                                                                             0.09s  
  Γ£ô it handles referral code case insensitively                                                                                                                                   0.07s  
  Γ£ô it trims whitespace from referral code                                                                                                                                        0.05s  
  Γ£ô it prevents duplicate email with referral code                                                                                                                                0.08s  
  Γ£ô it stores referral relationship after successful registration                                                                                                                 0.08s  
  Γ£ô it handles empty referral code gracefully                                                                                                                                     0.08s  
  Γ£ô registration page loads with referral code parameter                                                                                                                          0.04s  
  Γ£ô it validates referral code length                                                                                                                                             0.08s  
  Γ£ô it handles referral code with special characters                                                                                                                              0.06s  

   PASS  Tests\Feature\SimpleRateLimitTest
  Γ£ô middleware is called                                                                                                                                                          0.11s  
  Γ£ô route with manual middleware                                                                                                                                                  0.05s  
  Γ£ô rate limit exceeded                                                                                                                                                           0.05s  
  ΓöÇΓöÇΓöÇΓöÇΓöÇΓöÇΓöÇΓöÇΓöÇΓöÇΓöÇΓöÇΓöÇΓöÇΓöÇΓöÇΓöÇΓöÇΓöÇΓöÇΓöÇΓöÇΓöÇΓöÇΓöÇΓöÇΓöÇΓöÇΓöÇΓöÇΓöÇΓöÇΓöÇΓöÇΓöÇΓöÇΓöÇΓöÇΓöÇΓöÇΓöÇΓöÇΓöÇΓöÇΓöÇΓöÇΓöÇΓöÇΓöÇΓöÇΓöÇΓöÇΓöÇΓöÇΓöÇΓöÇΓöÇΓöÇΓöÇΓöÇΓöÇΓöÇΓöÇΓöÇΓöÇΓöÇΓöÇΓöÇΓöÇΓöÇΓöÇΓöÇΓöÇΓöÇΓöÇΓöÇΓöÇΓöÇΓöÇΓöÇΓöÇΓöÇΓöÇΓöÇΓöÇΓöÇΓöÇΓöÇΓöÇΓöÇΓöÇΓöÇΓöÇΓöÇΓöÇΓöÇΓöÇΓöÇΓöÇΓöÇΓöÇΓöÇΓöÇΓöÇΓöÇΓöÇΓöÇΓöÇΓöÇΓöÇΓöÇΓöÇΓöÇΓöÇΓöÇΓöÇΓöÇΓöÇΓöÇΓöÇΓöÇΓöÇΓöÇΓöÇΓöÇΓöÇΓöÇΓöÇΓöÇΓöÇΓöÇΓöÇΓöÇΓöÇΓöÇΓöÇΓöÇΓöÇΓöÇΓöÇΓöÇΓöÇΓöÇΓöÇΓöÇΓöÇΓöÇΓöÇΓöÇΓöÇΓöÇΓöÇΓöÇΓöÇΓöÇΓöÇΓöÇΓöÇΓöÇΓöÇΓöÇΓöÇΓöÇΓöÇΓöÇΓöÇΓöÇΓöÇΓöÇΓöÇΓöÇΓöÇΓöÇΓöÇΓöÇΓöÇΓöÇΓöÇΓöÇΓöÇΓöÇ  
   FAILED  Tests\Unit\Jobs\SyncReferralCommissionsJobTest > it processes referral commissions for active referrers                                              BadMethodCallException   
  Call to undefined method App\Models\Affiliate::affiliateVisits()

  at vendor\laravel\framework\src\Illuminate\Support\Traits\ForwardsCalls.php:67
     63Γûò      * @throws \BadMethodCallException
     64Γûò      */
     65Γûò     protected static function throwBadMethodCallException($method)
     66Γûò     {
  Γ₧£  67Γûò         throw new BadMethodCallException(sprintf(
     68Γûò             'Call to undefined method %s::%s()', static::class, $method
     69Γûò         ));
     70Γûò     }
     71Γûò }

  1   vendor\laravel\framework\src\Illuminate\Support\Traits\ForwardsCalls.php:67
  2   vendor\laravel\framework\src\Illuminate\Support\Traits\ForwardsCalls.php:36

  ΓöÇΓöÇΓöÇΓöÇΓöÇΓöÇΓöÇΓöÇΓöÇΓöÇΓöÇΓöÇΓöÇΓöÇΓöÇΓöÇΓöÇΓöÇΓöÇΓöÇΓöÇΓöÇΓöÇΓöÇΓöÇΓöÇΓöÇΓöÇΓöÇΓöÇΓöÇΓöÇΓöÇΓöÇΓöÇΓöÇΓöÇΓöÇΓöÇΓöÇΓöÇΓöÇΓöÇΓöÇΓöÇΓöÇΓöÇΓöÇΓöÇΓöÇΓöÇΓöÇΓöÇΓöÇΓöÇΓöÇΓöÇΓöÇΓöÇΓöÇΓöÇΓöÇΓöÇΓöÇΓöÇΓöÇΓöÇΓöÇΓöÇΓöÇΓöÇΓöÇΓöÇΓöÇΓöÇΓöÇΓöÇΓöÇΓöÇΓöÇΓöÇΓöÇΓöÇΓöÇΓöÇΓöÇΓöÇΓöÇΓöÇΓöÇΓöÇΓöÇΓöÇΓöÇΓöÇΓöÇΓöÇΓöÇΓöÇΓöÇΓöÇΓöÇΓöÇΓöÇΓöÇΓöÇΓöÇΓöÇΓöÇΓöÇΓöÇΓöÇΓöÇΓöÇΓöÇΓöÇΓöÇΓöÇΓöÇΓöÇΓöÇΓöÇΓöÇΓöÇΓöÇΓöÇΓöÇΓöÇΓöÇΓöÇΓöÇΓöÇΓöÇΓöÇΓöÇΓöÇΓöÇΓöÇΓöÇΓöÇΓöÇΓöÇΓöÇΓöÇΓöÇΓöÇΓöÇΓöÇΓöÇΓöÇΓöÇΓöÇΓöÇΓöÇΓöÇΓöÇΓöÇΓöÇΓöÇΓöÇΓöÇΓöÇΓöÇΓöÇΓöÇΓöÇΓöÇΓöÇΓöÇΓöÇΓöÇΓöÇΓöÇΓöÇΓöÇΓöÇΓöÇΓöÇΓöÇΓöÇΓöÇ  
   FAILED  Tests\Unit\Jobs\SyncReferralCommissionsJobTest > it uses configured commission rate                                                                  BadMethodCallException   
  Call to undefined method App\Models\Affiliate::affiliateVisits()

  at vendor\laravel\framework\src\Illuminate\Support\Traits\ForwardsCalls.php:67
     63Γûò      * @throws \BadMethodCallException
     64Γûò      */
     65Γûò     protected static function throwBadMethodCallException($method)
     66Γûò     {
  Γ₧£  67Γûò         throw new BadMethodCallException(sprintf(
     68Γûò             'Call to undefined method %s::%s()', static::class, $method
     69Γûò         ));
     70Γûò     }
     71Γûò }

  1   vendor\laravel\framework\src\Illuminate\Support\Traits\ForwardsCalls.php:67
  2   vendor\laravel\framework\src\Illuminate\Support\Traits\ForwardsCalls.php:36

  ΓöÇΓöÇΓöÇΓöÇΓöÇΓöÇΓöÇΓöÇΓöÇΓöÇΓöÇΓöÇΓöÇΓöÇΓöÇΓöÇΓöÇΓöÇΓöÇΓöÇΓöÇΓöÇΓöÇΓöÇΓöÇΓöÇΓöÇΓöÇΓöÇΓöÇΓöÇΓöÇΓöÇΓöÇΓöÇΓöÇΓöÇΓöÇΓöÇΓöÇΓöÇΓöÇΓöÇΓöÇΓöÇΓöÇΓöÇΓöÇΓöÇΓöÇΓöÇΓöÇΓöÇΓöÇΓöÇΓöÇΓöÇΓöÇΓöÇΓöÇΓöÇΓöÇΓöÇΓöÇΓöÇΓöÇΓöÇΓöÇΓöÇΓöÇΓöÇΓöÇΓöÇΓöÇΓöÇΓöÇΓöÇΓöÇΓöÇΓöÇΓöÇΓöÇΓöÇΓöÇΓöÇΓöÇΓöÇΓöÇΓöÇΓöÇΓöÇΓöÇΓöÇΓöÇΓöÇΓöÇΓöÇΓöÇΓöÇΓöÇΓöÇΓöÇΓöÇΓöÇΓöÇΓöÇΓöÇΓöÇΓöÇΓöÇΓöÇΓöÇΓöÇΓöÇΓöÇΓöÇΓöÇΓöÇΓöÇΓöÇΓöÇΓöÇΓöÇΓöÇΓöÇΓöÇΓöÇΓöÇΓöÇΓöÇΓöÇΓöÇΓöÇΓöÇΓöÇΓöÇΓöÇΓöÇΓöÇΓöÇΓöÇΓöÇΓöÇΓöÇΓöÇΓöÇΓöÇΓöÇΓöÇΓöÇΓöÇΓöÇΓöÇΓöÇΓöÇΓöÇΓöÇΓöÇΓöÇΓöÇΓöÇΓöÇΓöÇΓöÇΓöÇΓöÇΓöÇΓöÇΓöÇΓöÇΓöÇΓöÇΓöÇΓöÇΓöÇΓöÇΓöÇΓöÇΓöÇΓöÇΓöÇ  
   FAILED  Tests\Unit\Jobs\SyncReferralCommissionsJobTest > it handles zero referral earnings                                                                   BadMethodCallException   
  Call to undefined method App\Models\Affiliate::affiliateVisits()

  at vendor\laravel\framework\src\Illuminate\Support\Traits\ForwardsCalls.php:67
     63Γûò      * @throws \BadMethodCallException
     64Γûò      */
     65Γûò     protected static function throwBadMethodCallException($method)
     66Γûò     {
  Γ₧£  67Γûò         throw new BadMethodCallException(sprintf(
     68Γûò             'Call to undefined method %s::%s()', static::class, $method
     69Γûò         ));
     70Γûò     }
     71Γûò }

  1   vendor\laravel\framework\src\Illuminate\Support\Traits\ForwardsCalls.php:67
  2   vendor\laravel\framework\src\Illuminate\Support\Traits\ForwardsCalls.php:36

  ΓöÇΓöÇΓöÇΓöÇΓöÇΓöÇΓöÇΓöÇΓöÇΓöÇΓöÇΓöÇΓöÇΓöÇΓöÇΓöÇΓöÇΓöÇΓöÇΓöÇΓöÇΓöÇΓöÇΓöÇΓöÇΓöÇΓöÇΓöÇΓöÇΓöÇΓöÇΓöÇΓöÇΓöÇΓöÇΓöÇΓöÇΓöÇΓöÇΓöÇΓöÇΓöÇΓöÇΓöÇΓöÇΓöÇΓöÇΓöÇΓöÇΓöÇΓöÇΓöÇΓöÇΓöÇΓöÇΓöÇΓöÇΓöÇΓöÇΓöÇΓöÇΓöÇΓöÇΓöÇΓöÇΓöÇΓöÇΓöÇΓöÇΓöÇΓöÇΓöÇΓöÇΓöÇΓöÇΓöÇΓöÇΓöÇΓöÇΓöÇΓöÇΓöÇΓöÇΓöÇΓöÇΓöÇΓöÇΓöÇΓöÇΓöÇΓöÇΓöÇΓöÇΓöÇΓöÇΓöÇΓöÇΓöÇΓöÇΓöÇΓöÇΓöÇΓöÇΓöÇΓöÇΓöÇΓöÇΓöÇΓöÇΓöÇΓöÇΓöÇΓöÇΓöÇΓöÇΓöÇΓöÇΓöÇΓöÇΓöÇΓöÇΓöÇΓöÇΓöÇΓöÇΓöÇΓöÇΓöÇΓöÇΓöÇΓöÇΓöÇΓöÇΓöÇΓöÇΓöÇΓöÇΓöÇΓöÇΓöÇΓöÇΓöÇΓöÇΓöÇΓöÇΓöÇΓöÇΓöÇΓöÇΓöÇΓöÇΓöÇΓöÇΓöÇΓöÇΓöÇΓöÇΓöÇΓöÇΓöÇΓöÇΓöÇΓöÇΓöÇΓöÇΓöÇΓöÇΓöÇΓöÇΓöÇΓöÇΓöÇΓöÇΓöÇΓöÇΓöÇΓöÇΓöÇΓöÇΓöÇΓöÇ  
   FAILED  Tests\Unit\Jobs\SyncReferralCommissionsJobTest > it accumulates referral earnings                                                                    BadMethodCallException   
  Call to undefined method App\Models\Affiliate::affiliateVisits()

  at vendor\laravel\framework\src\Illuminate\Support\Traits\ForwardsCalls.php:67
     63Γûò      * @throws \BadMethodCallException
     64Γûò      */
     65Γûò     protected static function throwBadMethodCallException($method)
     66Γûò     {
  Γ₧£  67Γûò         throw new BadMethodCallException(sprintf(
     68Γûò             'Call to undefined method %s::%s()', static::class, $method
     69Γûò         ));
     70Γûò     }
     71Γûò }

  1   vendor\laravel\framework\src\Illuminate\Support\Traits\ForwardsCalls.php:67
  2   vendor\laravel\framework\src\Illuminate\Support\Traits\ForwardsCalls.php:36

  ΓöÇΓöÇΓöÇΓöÇΓöÇΓöÇΓöÇΓöÇΓöÇΓöÇΓöÇΓöÇΓöÇΓöÇΓöÇΓöÇΓöÇΓöÇΓöÇΓöÇΓöÇΓöÇΓöÇΓöÇΓöÇΓöÇΓöÇΓöÇΓöÇΓöÇΓöÇΓöÇΓöÇΓöÇΓöÇΓöÇΓöÇΓöÇΓöÇΓöÇΓöÇΓöÇΓöÇΓöÇΓöÇΓöÇΓöÇΓöÇΓöÇΓöÇΓöÇΓöÇΓöÇΓöÇΓöÇΓöÇΓöÇΓöÇΓöÇΓöÇΓöÇΓöÇΓöÇΓöÇΓöÇΓöÇΓöÇΓöÇΓöÇΓöÇΓöÇΓöÇΓöÇΓöÇΓöÇΓöÇΓöÇΓöÇΓöÇΓöÇΓöÇΓöÇΓöÇΓöÇΓöÇΓöÇΓöÇΓöÇΓöÇΓöÇΓöÇΓöÇΓöÇΓöÇΓöÇΓöÇΓöÇΓöÇΓöÇΓöÇΓöÇΓöÇΓöÇΓöÇΓöÇΓöÇΓöÇΓöÇΓöÇΓöÇΓöÇΓöÇΓöÇΓöÇΓöÇΓöÇΓöÇΓöÇΓöÇΓöÇΓöÇΓöÇΓöÇΓöÇΓöÇΓöÇΓöÇΓöÇΓöÇΓöÇΓöÇΓöÇΓöÇΓöÇΓöÇΓöÇΓöÇΓöÇΓöÇΓöÇΓöÇΓöÇΓöÇΓöÇΓöÇΓöÇΓöÇΓöÇΓöÇΓöÇΓöÇΓöÇΓöÇΓöÇΓöÇΓöÇΓöÇΓöÇΓöÇΓöÇΓöÇΓöÇΓöÇΓöÇΓöÇΓöÇΓöÇΓöÇΓöÇΓöÇΓöÇΓöÇΓöÇΓöÇΓöÇΓöÇΓöÇΓöÇΓöÇΓöÇΓöÇ  
   FAILED  Tests\Unit\Jobs\SyncReferralCommissionsJobTest > it handles default date when not provided                                                           BadMethodCallException   
  Call to undefined method App\Models\Affiliate::affiliateVisits()

  at vendor\laravel\framework\src\Illuminate\Support\Traits\ForwardsCalls.php:67
     63Γûò      * @throws \BadMethodCallException
     64Γûò      */
     65Γûò     protected static function throwBadMethodCallException($method)
     66Γûò     {
  Γ₧£  67Γûò         throw new BadMethodCallException(sprintf(
     68Γûò             'Call to undefined method %s::%s()', static::class, $method
     69Γûò         ));
     70Γûò     }
     71Γûò }

  1   vendor\laravel\framework\src\Illuminate\Support\Traits\ForwardsCalls.php:67
  2   vendor\laravel\framework\src\Illuminate\Support\Traits\ForwardsCalls.php:36

  ΓöÇΓöÇΓöÇΓöÇΓöÇΓöÇΓöÇΓöÇΓöÇΓöÇΓöÇΓöÇΓöÇΓöÇΓöÇΓöÇΓöÇΓöÇΓöÇΓöÇΓöÇΓöÇΓöÇΓöÇΓöÇΓöÇΓöÇΓöÇΓöÇΓöÇΓöÇΓöÇΓöÇΓöÇΓöÇΓöÇΓöÇΓöÇΓöÇΓöÇΓöÇΓöÇΓöÇΓöÇΓöÇΓöÇΓöÇΓöÇΓöÇΓöÇΓöÇΓöÇΓöÇΓöÇΓöÇΓöÇΓöÇΓöÇΓöÇΓöÇΓöÇΓöÇΓöÇΓöÇΓöÇΓöÇΓöÇΓöÇΓöÇΓöÇΓöÇΓöÇΓöÇΓöÇΓöÇΓöÇΓöÇΓöÇΓöÇΓöÇΓöÇΓöÇΓöÇΓöÇΓöÇΓöÇΓöÇΓöÇΓöÇΓöÇΓöÇΓöÇΓöÇΓöÇΓöÇΓöÇΓöÇΓöÇΓöÇΓöÇΓöÇΓöÇΓöÇΓöÇΓöÇΓöÇΓöÇΓöÇΓöÇΓöÇΓöÇΓöÇΓöÇΓöÇΓöÇΓöÇΓöÇΓöÇΓöÇΓöÇΓöÇΓöÇΓöÇΓöÇΓöÇΓöÇΓöÇΓöÇΓöÇΓöÇΓöÇΓöÇΓöÇΓöÇΓöÇΓöÇΓöÇΓöÇΓöÇΓöÇΓöÇΓöÇΓöÇΓöÇΓöÇΓöÇΓöÇΓöÇΓöÇΓöÇΓöÇΓöÇΓöÇΓöÇΓöÇΓöÇΓöÇΓöÇΓöÇΓöÇΓöÇΓöÇΓöÇΓöÇΓöÇΓöÇΓöÇΓöÇΓöÇΓöÇΓöÇΓöÇΓöÇΓöÇΓöÇΓöÇΓöÇΓöÇΓöÇΓöÇΓöÇ  
   FAILED  Tests\Unit\Jobs\SyncReferralCommissionsJobTest > it does not duplicate commissions for same date                                                     BadMethodCallException   
  Call to undefined method App\Models\Affiliate::affiliateVisits()

  at vendor\laravel\framework\src\Illuminate\Support\Traits\ForwardsCalls.php:67
     63Γûò      * @throws \BadMethodCallException
     64Γûò      */
     65Γûò     protected static function throwBadMethodCallException($method)
     66Γûò     {
  Γ₧£  67Γûò         throw new BadMethodCallException(sprintf(
     68Γûò             'Call to undefined method %s::%s()', static::class, $method
     69Γûò         ));
     70Γûò     }
     71Γûò }

  1   vendor\laravel\framework\src\Illuminate\Support\Traits\ForwardsCalls.php:67
  2   vendor\laravel\framework\src\Illuminate\Support\Traits\ForwardsCalls.php:36

  ΓöÇΓöÇΓöÇΓöÇΓöÇΓöÇΓöÇΓöÇΓöÇΓöÇΓöÇΓöÇΓöÇΓöÇΓöÇΓöÇΓöÇΓöÇΓöÇΓöÇΓöÇΓöÇΓöÇΓöÇΓöÇΓöÇΓöÇΓöÇΓöÇΓöÇΓöÇΓöÇΓöÇΓöÇΓöÇΓöÇΓöÇΓöÇΓöÇΓöÇΓöÇΓöÇΓöÇΓöÇΓöÇΓöÇΓöÇΓöÇΓöÇΓöÇΓöÇΓöÇΓöÇΓöÇΓöÇΓöÇΓöÇΓöÇΓöÇΓöÇΓöÇΓöÇΓöÇΓöÇΓöÇΓöÇΓöÇΓöÇΓöÇΓöÇΓöÇΓöÇΓöÇΓöÇΓöÇΓöÇΓöÇΓöÇΓöÇΓöÇΓöÇΓöÇΓöÇΓöÇΓöÇΓöÇΓöÇΓöÇΓöÇΓöÇΓöÇΓöÇΓöÇΓöÇΓöÇΓöÇΓöÇΓöÇΓöÇΓöÇΓöÇΓöÇΓöÇΓöÇΓöÇΓöÇΓöÇΓöÇΓöÇΓöÇΓöÇΓöÇΓöÇΓöÇΓöÇΓöÇΓöÇΓöÇΓöÇΓöÇΓöÇΓöÇΓöÇΓöÇΓöÇΓöÇΓöÇΓöÇΓöÇΓöÇΓöÇΓöÇΓöÇΓöÇΓöÇΓöÇΓöÇΓöÇΓöÇΓöÇΓöÇΓöÇΓöÇΓöÇΓöÇΓöÇΓöÇΓöÇΓöÇΓöÇΓöÇΓöÇΓöÇΓöÇΓöÇΓöÇΓöÇΓöÇΓöÇΓöÇΓöÇΓöÇΓöÇΓöÇΓöÇΓöÇΓöÇΓöÇΓöÇΓöÇΓöÇΓöÇΓöÇΓöÇΓöÇΓöÇΓöÇΓöÇΓöÇΓöÇΓöÇ  
   FAILED  Tests\Unit\Models\AffiliateReferralTest > it has referral commissions as referrer relationship                                                                        Error   
  Class "Database\Factories\ReferralCommissionFactory" not found

  at vendor\laravel\framework\src\Illuminate\Database\Eloquent\Factories\Factory.php:993
    989Γûò     public static function factoryForModel(string $modelName)
    990Γûò     {
    991Γûò         $factory = static::resolveFactoryName($modelName);
    992Γûò 
  Γ₧£ 993Γûò         return $factory::new();
    994Γûò     }
    995Γûò 
    996Γûò     /**
    997Γûò      * Specify the callback that should be invoked to guess factory names based on dynamic relationship names.

  1   vendor\laravel\framework\src\Illuminate\Database\Eloquent\Factories\Factory.php:993
  2   vendor\laravel\framework\src\Illuminate\Database\Eloquent\Factories\HasFactory.php:21

  ΓöÇΓöÇΓöÇΓöÇΓöÇΓöÇΓöÇΓöÇΓöÇΓöÇΓöÇΓöÇΓöÇΓöÇΓöÇΓöÇΓöÇΓöÇΓöÇΓöÇΓöÇΓöÇΓöÇΓöÇΓöÇΓöÇΓöÇΓöÇΓöÇΓöÇΓöÇΓöÇΓöÇΓöÇΓöÇΓöÇΓöÇΓöÇΓöÇΓöÇΓöÇΓöÇΓöÇΓöÇΓöÇΓöÇΓöÇΓöÇΓöÇΓöÇΓöÇΓöÇΓöÇΓöÇΓöÇΓöÇΓöÇΓöÇΓöÇΓöÇΓöÇΓöÇΓöÇΓöÇΓöÇΓöÇΓöÇΓöÇΓöÇΓöÇΓöÇΓöÇΓöÇΓöÇΓöÇΓöÇΓöÇΓöÇΓöÇΓöÇΓöÇΓöÇΓöÇΓöÇΓöÇΓöÇΓöÇΓöÇΓöÇΓöÇΓöÇΓöÇΓöÇΓöÇΓöÇΓöÇΓöÇΓöÇΓöÇΓöÇΓöÇΓöÇΓöÇΓöÇΓöÇΓöÇΓöÇΓöÇΓöÇΓöÇΓöÇΓöÇΓöÇΓöÇΓöÇΓöÇΓöÇΓöÇΓöÇΓöÇΓöÇΓöÇΓöÇΓöÇΓöÇΓöÇΓöÇΓöÇΓöÇΓöÇΓöÇΓöÇΓöÇΓöÇΓöÇΓöÇΓöÇΓöÇΓöÇΓöÇΓöÇΓöÇΓöÇΓöÇΓöÇΓöÇΓöÇΓöÇΓöÇΓöÇΓöÇΓöÇΓöÇΓöÇΓöÇΓöÇΓöÇΓöÇΓöÇΓöÇΓöÇΓöÇΓöÇΓöÇΓöÇΓöÇΓöÇΓöÇΓöÇΓöÇΓöÇΓöÇΓöÇΓöÇΓöÇΓöÇΓöÇΓöÇΓöÇΓöÇΓöÇ  
   FAILED  Tests\Unit\Models\AffiliateReferralTest > it has referral commissions as referral relationship                                                                        Error   
  Class "Database\Factories\ReferralCommissionFactory" not found

  at vendor\laravel\framework\src\Illuminate\Database\Eloquent\Factories\Factory.php:993
    989Γûò     public static function factoryForModel(string $modelName)
    990Γûò     {
    991Γûò         $factory = static::resolveFactoryName($modelName);
    992Γûò 
  Γ₧£ 993Γûò         return $factory::new();
    994Γûò     }
    995Γûò 
    996Γûò     /**
    997Γûò      * Specify the callback that should be invoked to guess factory names based on dynamic relationship names.

  1   vendor\laravel\framework\src\Illuminate\Database\Eloquent\Factories\Factory.php:993
  2   vendor\laravel\framework\src\Illuminate\Database\Eloquent\Factories\HasFactory.php:21

  ΓöÇΓöÇΓöÇΓöÇΓöÇΓöÇΓöÇΓöÇΓöÇΓöÇΓöÇΓöÇΓöÇΓöÇΓöÇΓöÇΓöÇΓöÇΓöÇΓöÇΓöÇΓöÇΓöÇΓöÇΓöÇΓöÇΓöÇΓöÇΓöÇΓöÇΓöÇΓöÇΓöÇΓöÇΓöÇΓöÇΓöÇΓöÇΓöÇΓöÇΓöÇΓöÇΓöÇΓöÇΓöÇΓöÇΓöÇΓöÇΓöÇΓöÇΓöÇΓöÇΓöÇΓöÇΓöÇΓöÇΓöÇΓöÇΓöÇΓöÇΓöÇΓöÇΓöÇΓöÇΓöÇΓöÇΓöÇΓöÇΓöÇΓöÇΓöÇΓöÇΓöÇΓöÇΓöÇΓöÇΓöÇΓöÇΓöÇΓöÇΓöÇΓöÇΓöÇΓöÇΓöÇΓöÇΓöÇΓöÇΓöÇΓöÇΓöÇΓöÇΓöÇΓöÇΓöÇΓöÇΓöÇΓöÇΓöÇΓöÇΓöÇΓöÇΓöÇΓöÇΓöÇΓöÇΓöÇΓöÇΓöÇΓöÇΓöÇΓöÇΓöÇΓöÇΓöÇΓöÇΓöÇΓöÇΓöÇΓöÇΓöÇΓöÇΓöÇΓöÇΓöÇΓöÇΓöÇΓöÇΓöÇΓöÇΓöÇΓöÇΓöÇΓöÇΓöÇΓöÇΓöÇΓöÇΓöÇΓöÇΓöÇΓöÇΓöÇΓöÇΓöÇΓöÇΓöÇΓöÇΓöÇΓöÇΓöÇΓöÇΓöÇΓöÇΓöÇΓöÇΓöÇΓöÇΓöÇΓöÇΓöÇΓöÇΓöÇΓöÇΓöÇΓöÇΓöÇΓöÇΓöÇΓöÇΓöÇΓöÇΓöÇΓöÇΓöÇΓöÇΓöÇΓöÇΓöÇΓöÇΓöÇ  
   FAILED  Tests\Unit\Models\AffiliateReferralTest > referral earnings are cast to decimal                                                                                               
  Failed asserting that '12.3456' is of type float.

  at tests\Unit\Models\AffiliateReferralTest.php:187
    183Γûò             'referral_pending_earnings' => '6.7890',
    184Γûò             'referral_paid_earnings' => '5.5566',
    185Γûò         ]);
    186Γûò 
  Γ₧£ 187Γûò         $this->assertIsFloat($affiliate->referral_earnings);
    188Γûò         $this->assertIsFloat($affiliate->referral_pending_earnings);
    189Γûò         $this->assertIsFloat($affiliate->referral_paid_earnings);
    190Γûò 
    191Γûò         $this->assertEquals(12.3456, $affiliate->referral_earnings);

  1   tests\Unit\Models\AffiliateReferralTest.php:187

  ΓöÇΓöÇΓöÇΓöÇΓöÇΓöÇΓöÇΓöÇΓöÇΓöÇΓöÇΓöÇΓöÇΓöÇΓöÇΓöÇΓöÇΓöÇΓöÇΓöÇΓöÇΓöÇΓöÇΓöÇΓöÇΓöÇΓöÇΓöÇΓöÇΓöÇΓöÇΓöÇΓöÇΓöÇΓöÇΓöÇΓöÇΓöÇΓöÇΓöÇΓöÇΓöÇΓöÇΓöÇΓöÇΓöÇΓöÇΓöÇΓöÇΓöÇΓöÇΓöÇΓöÇΓöÇΓöÇΓöÇΓöÇΓöÇΓöÇΓöÇΓöÇΓöÇΓöÇΓöÇΓöÇΓöÇΓöÇΓöÇΓöÇΓöÇΓöÇΓöÇΓöÇΓöÇΓöÇΓöÇΓöÇΓöÇΓöÇΓöÇΓöÇΓöÇΓöÇΓöÇΓöÇΓöÇΓöÇΓöÇΓöÇΓöÇΓöÇΓöÇΓöÇΓöÇΓöÇΓöÇΓöÇΓöÇΓöÇΓöÇΓöÇΓöÇΓöÇΓöÇΓöÇΓöÇΓöÇΓöÇΓöÇΓöÇΓöÇΓöÇΓöÇΓöÇΓöÇΓöÇΓöÇΓöÇΓöÇΓöÇΓöÇΓöÇΓöÇΓöÇΓöÇΓöÇΓöÇΓöÇΓöÇΓöÇΓöÇΓöÇΓöÇΓöÇΓöÇΓöÇΓöÇΓöÇΓöÇΓöÇΓöÇΓöÇΓöÇΓöÇΓöÇΓöÇΓöÇΓöÇΓöÇΓöÇΓöÇΓöÇΓöÇΓöÇΓöÇΓöÇΓöÇΓöÇΓöÇΓöÇΓöÇΓöÇΓöÇΓöÇΓöÇΓöÇΓöÇΓöÇΓöÇΓöÇΓöÇΓöÇΓöÇΓöÇΓöÇΓöÇΓöÇΓöÇΓöÇΓöÇΓöÇ  
   FAILED  Tests\Unit\Models\ReferralCommissionTest > monetary fields are cast to decimal                                                                                                
  Failed asserting that '123.4567' is of type float.

  at tests\Unit\Models\ReferralCommissionTest.php:218
    214Γûò             'commission_rate' => '1.5',
    215Γûò             'commission_date' => '2026-05-12',
    216Γûò         ]);
    217Γûò 
  Γ₧£ 218Γûò         $this->assertIsFloat($commission->referral_earnings);
    219Γûò         $this->assertIsFloat($commission->commission_amount);
    220Γûò         $this->assertIsFloat($commission->commission_rate);
    221Γûò         
    222Γûò         $this->assertEquals(123.4567, $commission->referral_earnings);

  1   tests\Unit\Models\ReferralCommissionTest.php:218

  ΓöÇΓöÇΓöÇΓöÇΓöÇΓöÇΓöÇΓöÇΓöÇΓöÇΓöÇΓöÇΓöÇΓöÇΓöÇΓöÇΓöÇΓöÇΓöÇΓöÇΓöÇΓöÇΓöÇΓöÇΓöÇΓöÇΓöÇΓöÇΓöÇΓöÇΓöÇΓöÇΓöÇΓöÇΓöÇΓöÇΓöÇΓöÇΓöÇΓöÇΓöÇΓöÇΓöÇΓöÇΓöÇΓöÇΓöÇΓöÇΓöÇΓöÇΓöÇΓöÇΓöÇΓöÇΓöÇΓöÇΓöÇΓöÇΓöÇΓöÇΓöÇΓöÇΓöÇΓöÇΓöÇΓöÇΓöÇΓöÇΓöÇΓöÇΓöÇΓöÇΓöÇΓöÇΓöÇΓöÇΓöÇΓöÇΓöÇΓöÇΓöÇΓöÇΓöÇΓöÇΓöÇΓöÇΓöÇΓöÇΓöÇΓöÇΓöÇΓöÇΓöÇΓöÇΓöÇΓöÇΓöÇΓöÇΓöÇΓöÇΓöÇΓöÇΓöÇΓöÇΓöÇΓöÇΓöÇΓöÇΓöÇΓöÇΓöÇΓöÇΓöÇΓöÇΓöÇΓöÇΓöÇΓöÇΓöÇΓöÇΓöÇΓöÇΓöÇΓöÇΓöÇΓöÇΓöÇΓöÇΓöÇΓöÇΓöÇΓöÇΓöÇΓöÇΓöÇΓöÇΓöÇΓöÇΓöÇΓöÇΓöÇΓöÇΓöÇΓöÇΓöÇΓöÇΓöÇΓöÇΓöÇΓöÇΓöÇΓöÇΓöÇΓöÇΓöÇΓöÇΓöÇΓöÇΓöÇΓöÇΓöÇΓöÇΓöÇΓöÇΓöÇΓöÇΓöÇΓöÇΓöÇΓöÇΓöÇΓöÇΓöÇΓöÇΓöÇΓöÇΓöÇΓöÇΓöÇΓöÇΓöÇ  
   FAILED  Tests\Unit\Services\CaptchaServiceTest > it handles http error                                                                                                                
  Failed asserting that false is true.

  at tests\Unit\Services\CaptchaServiceTest.php:151
    147Γûò         Http::fake([
    148Γûò             'https://www.google.com/recaptcha/api/siteverify' => Http::response('Server Error', 500),
    149Γûò         ]);
    150Γûò 
  Γ₧£ 151Γûò         $this->assertTrue($this->service->verify('error-token', '127.0.0.1'));
    152Γûò     }
    153Γûò 
    154Γûò     /**
    155Γûò      * @test

  1   tests\Unit\Services\CaptchaServiceTest.php:151

  ΓöÇΓöÇΓöÇΓöÇΓöÇΓöÇΓöÇΓöÇΓöÇΓöÇΓöÇΓöÇΓöÇΓöÇΓöÇΓöÇΓöÇΓöÇΓöÇΓöÇΓöÇΓöÇΓöÇΓöÇΓöÇΓöÇΓöÇΓöÇΓöÇΓöÇΓöÇΓöÇΓöÇΓöÇΓöÇΓöÇΓöÇΓöÇΓöÇΓöÇΓöÇΓöÇΓöÇΓöÇΓöÇΓöÇΓöÇΓöÇΓöÇΓöÇΓöÇΓöÇΓöÇΓöÇΓöÇΓöÇΓöÇΓöÇΓöÇΓöÇΓöÇΓöÇΓöÇΓöÇΓöÇΓöÇΓöÇΓöÇΓöÇΓöÇΓöÇΓöÇΓöÇΓöÇΓöÇΓöÇΓöÇΓöÇΓöÇΓöÇΓöÇΓöÇΓöÇΓöÇΓöÇΓöÇΓöÇΓöÇΓöÇΓöÇΓöÇΓöÇΓöÇΓöÇΓöÇΓöÇΓöÇΓöÇΓöÇΓöÇΓöÇΓöÇΓöÇΓöÇΓöÇΓöÇΓöÇΓöÇΓöÇΓöÇΓöÇΓöÇΓöÇΓöÇΓöÇΓöÇΓöÇΓöÇΓöÇΓöÇΓöÇΓöÇΓöÇΓöÇΓöÇΓöÇΓöÇΓöÇΓöÇΓöÇΓöÇΓöÇΓöÇΓöÇΓöÇΓöÇΓöÇΓöÇΓöÇΓöÇΓöÇΓöÇΓöÇΓöÇΓöÇΓöÇΓöÇΓöÇΓöÇΓöÇΓöÇΓöÇΓöÇΓöÇΓöÇΓöÇΓöÇΓöÇΓöÇΓöÇΓöÇΓöÇΓöÇΓöÇΓöÇΓöÇΓöÇΓöÇΓöÇΓöÇΓöÇΓöÇΓöÇΓöÇΓöÇΓöÇΓöÇΓöÇΓöÇΓöÇΓöÇ  
   FAILED  Tests\Unit\Services\CaptchaServiceTest > it handles malformed response                                                                                                        
  Failed asserting that false is true.

  at tests\Unit\Services\CaptchaServiceTest.php:183
    179Γûò         Http::fake([
    180Γûò             'https://www.google.com/recaptcha/api/siteverify' => Http::response('invalid json', 200),
    181Γûò         ]);
    182Γûò 
  Γ₧£ 183Γûò         $this->assertTrue($this->service->verify('malformed-token', '127.0.0.1'));
    184Γûò     }
    185Γûò 
    186Γûò     /**
    187Γûò      * @test

  1   tests\Unit\Services\CaptchaServiceTest.php:183

  ΓöÇΓöÇΓöÇΓöÇΓöÇΓöÇΓöÇΓöÇΓöÇΓöÇΓöÇΓöÇΓöÇΓöÇΓöÇΓöÇΓöÇΓöÇΓöÇΓöÇΓöÇΓöÇΓöÇΓöÇΓöÇΓöÇΓöÇΓöÇΓöÇΓöÇΓöÇΓöÇΓöÇΓöÇΓöÇΓöÇΓöÇΓöÇΓöÇΓöÇΓöÇΓöÇΓöÇΓöÇΓöÇΓöÇΓöÇΓöÇΓöÇΓöÇΓöÇΓöÇΓöÇΓöÇΓöÇΓöÇΓöÇΓöÇΓöÇΓöÇΓöÇΓöÇΓöÇΓöÇΓöÇΓöÇΓöÇΓöÇΓöÇΓöÇΓöÇΓöÇΓöÇΓöÇΓöÇΓöÇΓöÇΓöÇΓöÇΓöÇΓöÇΓöÇΓöÇΓöÇΓöÇΓöÇΓöÇΓöÇΓöÇΓöÇΓöÇΓöÇΓöÇΓöÇΓöÇΓöÇΓöÇΓöÇΓöÇΓöÇΓöÇΓöÇΓöÇΓöÇΓöÇΓöÇΓöÇΓöÇΓöÇΓöÇΓöÇΓöÇΓöÇΓöÇΓöÇΓöÇΓöÇΓöÇΓöÇΓöÇΓöÇΓöÇΓöÇΓöÇΓöÇΓöÇΓöÇΓöÇΓöÇΓöÇΓöÇΓöÇΓöÇΓöÇΓöÇΓöÇΓöÇΓöÇΓöÇΓöÇΓöÇΓöÇΓöÇΓöÇΓöÇΓöÇΓöÇΓöÇΓöÇΓöÇΓöÇΓöÇΓöÇΓöÇΓöÇΓöÇΓöÇΓöÇΓöÇΓöÇΓöÇΓöÇΓöÇΓöÇΓöÇΓöÇΓöÇΓöÇΓöÇΓöÇΓöÇΓöÇΓöÇΓöÇΓöÇΓöÇΓöÇΓöÇΓöÇΓöÇΓöÇ  
   FAILED  Tests\Unit\Services\CaptchaServiceTest > it logs verification errors                                                                                                          
  Failed asserting that false is true.

  at tests\Unit\Services\CaptchaServiceTest.php:224
    220Γûò             'https://www.google.com/recaptcha/api/siteverify' => Http::response('Server Error', 500),
    221Γûò         ]);
    222Γûò 
    223Γûò         // This should trigger the error logging
  Γ₧£ 224Γûò         $this->assertTrue($this->service->verify('error-token', '127.0.0.1'));
    225Γûò 
    226Γûò         // The test passes if no exception is thrown (error is logged silently)
    227Γûò         $this->assertTrue(true);
    228Γûò     }

  1   tests\Unit\Services\CaptchaServiceTest.php:224

  ΓöÇΓöÇΓöÇΓöÇΓöÇΓöÇΓöÇΓöÇΓöÇΓöÇΓöÇΓöÇΓöÇΓöÇΓöÇΓöÇΓöÇΓöÇΓöÇΓöÇΓöÇΓöÇΓöÇΓöÇΓöÇΓöÇΓöÇΓöÇΓöÇΓöÇΓöÇΓöÇΓöÇΓöÇΓöÇΓöÇΓöÇΓöÇΓöÇΓöÇΓöÇΓöÇΓöÇΓöÇΓöÇΓöÇΓöÇΓöÇΓöÇΓöÇΓöÇΓöÇΓöÇΓöÇΓöÇΓöÇΓöÇΓöÇΓöÇΓöÇΓöÇΓöÇΓöÇΓöÇΓöÇΓöÇΓöÇΓöÇΓöÇΓöÇΓöÇΓöÇΓöÇΓöÇΓöÇΓöÇΓöÇΓöÇΓöÇΓöÇΓöÇΓöÇΓöÇΓöÇΓöÇΓöÇΓöÇΓöÇΓöÇΓöÇΓöÇΓöÇΓöÇΓöÇΓöÇΓöÇΓöÇΓöÇΓöÇΓöÇΓöÇΓöÇΓöÇΓöÇΓöÇΓöÇΓöÇΓöÇΓöÇΓöÇΓöÇΓöÇΓöÇΓöÇΓöÇΓöÇΓöÇΓöÇΓöÇΓöÇΓöÇΓöÇΓöÇΓöÇΓöÇΓöÇΓöÇΓöÇΓöÇΓöÇΓöÇΓöÇΓöÇΓöÇΓöÇΓöÇΓöÇΓöÇΓöÇΓöÇΓöÇΓöÇΓöÇΓöÇΓöÇΓöÇΓöÇΓöÇΓöÇΓöÇΓöÇΓöÇΓöÇΓöÇΓöÇΓöÇΓöÇΓöÇΓöÇΓöÇΓöÇΓöÇΓöÇΓöÇΓöÇΓöÇΓöÇΓöÇΓöÇΓöÇΓöÇΓöÇΓöÇΓöÇΓöÇΓöÇΓöÇΓöÇΓöÇΓöÇΓöÇ  
   FAILED  Tests\Feature\AffiliateDashboardReferralTest > it displays referral earnings on dashboard                                                                                     
  Expected response status code [200] but received 404.
Failed asserting that 404 is identical to 200.

  at tests\Feature\AffiliateDashboardReferralTest.php:65
     61Γûò         $this->actingAs($this->referrerAffiliate->user);
     62Γûò         
     63Γûò         $response = $this->get('/affiliate/dashboard');
     64Γûò         
  Γ₧£  65Γûò         $response->assertStatus(200);
     66Γûò         $response->assertViewIs('affiliate.dashboard');
     67Γûò         
     68Γûò         // Check that referral earnings are passed to the view
     69Γûò         $affiliate = $response->viewData('affiliate');

  ΓöÇΓöÇΓöÇΓöÇΓöÇΓöÇΓöÇΓöÇΓöÇΓöÇΓöÇΓöÇΓöÇΓöÇΓöÇΓöÇΓöÇΓöÇΓöÇΓöÇΓöÇΓöÇΓöÇΓöÇΓöÇΓöÇΓöÇΓöÇΓöÇΓöÇΓöÇΓöÇΓöÇΓöÇΓöÇΓöÇΓöÇΓöÇΓöÇΓöÇΓöÇΓöÇΓöÇΓöÇΓöÇΓöÇΓöÇΓöÇΓöÇΓöÇΓöÇΓöÇΓöÇΓöÇΓöÇΓöÇΓöÇΓöÇΓöÇΓöÇΓöÇΓöÇΓöÇΓöÇΓöÇΓöÇΓöÇΓöÇΓöÇΓöÇΓöÇΓöÇΓöÇΓöÇΓöÇΓöÇΓöÇΓöÇΓöÇΓöÇΓöÇΓöÇΓöÇΓöÇΓöÇΓöÇΓöÇΓöÇΓöÇΓöÇΓöÇΓöÇΓöÇΓöÇΓöÇΓöÇΓöÇΓöÇΓöÇΓöÇΓöÇΓöÇΓöÇΓöÇΓöÇΓöÇΓöÇΓöÇΓöÇΓöÇΓöÇΓöÇΓöÇΓöÇΓöÇΓöÇΓöÇΓöÇΓöÇΓöÇΓöÇΓöÇΓöÇΓöÇΓöÇΓöÇΓöÇΓöÇΓöÇΓöÇΓöÇΓöÇΓöÇΓöÇΓöÇΓöÇΓöÇΓöÇΓöÇΓöÇΓöÇΓöÇΓöÇΓöÇΓöÇΓöÇΓöÇΓöÇΓöÇΓöÇΓöÇΓöÇΓöÇΓöÇΓöÇΓöÇΓöÇΓöÇΓöÇΓöÇΓöÇΓöÇΓöÇΓöÇΓöÇΓöÇΓöÇΓöÇΓöÇΓöÇΓöÇΓöÇΓöÇΓöÇΓöÇΓöÇΓöÇΓöÇΓöÇΓöÇΓöÇ  
   FAILED  Tests\Feature\AffiliateDashboardReferralTest > it displays referred users count                                                                                               
  Expected response status code [200] but received 404.
Failed asserting that 404 is identical to 200.

  at tests\Feature\AffiliateDashboardReferralTest.php:83
     79Γûò         $this->actingAs($this->referrerAffiliate->user);
     80Γûò         
     81Γûò         $response = $this->get('/affiliate/dashboard');
     82Γûò         
  Γ₧£  83Γûò         $response->assertStatus(200);
     84Γûò         
     85Γûò         $affiliate = $response->viewData('affiliate');
     86Γûò         $this->assertNotNull($affiliate);
     87Γûò

  ΓöÇΓöÇΓöÇΓöÇΓöÇΓöÇΓöÇΓöÇΓöÇΓöÇΓöÇΓöÇΓöÇΓöÇΓöÇΓöÇΓöÇΓöÇΓöÇΓöÇΓöÇΓöÇΓöÇΓöÇΓöÇΓöÇΓöÇΓöÇΓöÇΓöÇΓöÇΓöÇΓöÇΓöÇΓöÇΓöÇΓöÇΓöÇΓöÇΓöÇΓöÇΓöÇΓöÇΓöÇΓöÇΓöÇΓöÇΓöÇΓöÇΓöÇΓöÇΓöÇΓöÇΓöÇΓöÇΓöÇΓöÇΓöÇΓöÇΓöÇΓöÇΓöÇΓöÇΓöÇΓöÇΓöÇΓöÇΓöÇΓöÇΓöÇΓöÇΓöÇΓöÇΓöÇΓöÇΓöÇΓöÇΓöÇΓöÇΓöÇΓöÇΓöÇΓöÇΓöÇΓöÇΓöÇΓöÇΓöÇΓöÇΓöÇΓöÇΓöÇΓöÇΓöÇΓöÇΓöÇΓöÇΓöÇΓöÇΓöÇΓöÇΓöÇΓöÇΓöÇΓöÇΓöÇΓöÇΓöÇΓöÇΓöÇΓöÇΓöÇΓöÇΓöÇΓöÇΓöÇΓöÇΓöÇΓöÇΓöÇΓöÇΓöÇΓöÇΓöÇΓöÇΓöÇΓöÇΓöÇΓöÇΓöÇΓöÇΓöÇΓöÇΓöÇΓöÇΓöÇΓöÇΓöÇΓöÇΓöÇΓöÇΓöÇΓöÇΓöÇΓöÇΓöÇΓöÇΓöÇΓöÇΓöÇΓöÇΓöÇΓöÇΓöÇΓöÇΓöÇΓöÇΓöÇΓöÇΓöÇΓöÇΓöÇΓöÇΓöÇΓöÇΓöÇΓöÇΓöÇΓöÇΓöÇΓöÇΓöÇΓöÇΓöÇΓöÇΓöÇΓöÇΓöÇΓöÇΓöÇΓöÇ  
   FAILED  Tests\Feature\AffiliateDashboardReferralTest > it displays total earnings including referrals                                                                                 
  Expected response status code [200] but received 404.
Failed asserting that 404 is identical to 200.

  at tests\Feature\AffiliateDashboardReferralTest.php:100
     96Γûò         $this->actingAs($this->referrerAffiliate->user);
     97Γûò         
     98Γûò         $response = $this->get('/affiliate/dashboard');
     99Γûò         
  Γ₧£ 100Γûò         $response->assertStatus(200);
    101Γûò         
    102Γûò         $affiliate = $response->viewData('affiliate');
    103Γûò         $this->assertNotNull($affiliate);
    104Γûò

  ΓöÇΓöÇΓöÇΓöÇΓöÇΓöÇΓöÇΓöÇΓöÇΓöÇΓöÇΓöÇΓöÇΓöÇΓöÇΓöÇΓöÇΓöÇΓöÇΓöÇΓöÇΓöÇΓöÇΓöÇΓöÇΓöÇΓöÇΓöÇΓöÇΓöÇΓöÇΓöÇΓöÇΓöÇΓöÇΓöÇΓöÇΓöÇΓöÇΓöÇΓöÇΓöÇΓöÇΓöÇΓöÇΓöÇΓöÇΓöÇΓöÇΓöÇΓöÇΓöÇΓöÇΓöÇΓöÇΓöÇΓöÇΓöÇΓöÇΓöÇΓöÇΓöÇΓöÇΓöÇΓöÇΓöÇΓöÇΓöÇΓöÇΓöÇΓöÇΓöÇΓöÇΓöÇΓöÇΓöÇΓöÇΓöÇΓöÇΓöÇΓöÇΓöÇΓöÇΓöÇΓöÇΓöÇΓöÇΓöÇΓöÇΓöÇΓöÇΓöÇΓöÇΓöÇΓöÇΓöÇΓöÇΓöÇΓöÇΓöÇΓöÇΓöÇΓöÇΓöÇΓöÇΓöÇΓöÇΓöÇΓöÇΓöÇΓöÇΓöÇΓöÇΓöÇΓöÇΓöÇΓöÇΓöÇΓöÇΓöÇΓöÇΓöÇΓöÇΓöÇΓöÇΓöÇΓöÇΓöÇΓöÇΓöÇΓöÇΓöÇΓöÇΓöÇΓöÇΓöÇΓöÇΓöÇΓöÇΓöÇΓöÇΓöÇΓöÇΓöÇΓöÇΓöÇΓöÇΓöÇΓöÇΓöÇΓöÇΓöÇΓöÇΓöÇΓöÇΓöÇΓöÇΓöÇΓöÇΓöÇΓöÇΓöÇΓöÇΓöÇΓöÇΓöÇΓöÇΓöÇΓöÇΓöÇΓöÇΓöÇΓöÇΓöÇΓöÇΓöÇΓöÇΓöÇΓöÇΓöÇΓöÇ  
   FAILED  Tests\Feature\AffiliateDashboardReferralTest > it displays total pending including referrals                                                                                  
  Expected response status code [200] but received 404.
Failed asserting that 404 is identical to 200.

  at tests\Feature\AffiliateDashboardReferralTest.php:117
    113Γûò         $this->actingAs($this->referrerAffiliate->user);
    114Γûò         
    115Γûò         $response = $this->get('/affiliate/dashboard');
    116Γûò         
  Γ₧£ 117Γûò         $response->assertStatus(200);
    118Γûò         
    119Γûò         $affiliate = $response->viewData('affiliate');
    120Γûò         $this->assertNotNull($affiliate);
    121Γûò

  ΓöÇΓöÇΓöÇΓöÇΓöÇΓöÇΓöÇΓöÇΓöÇΓöÇΓöÇΓöÇΓöÇΓöÇΓöÇΓöÇΓöÇΓöÇΓöÇΓöÇΓöÇΓöÇΓöÇΓöÇΓöÇΓöÇΓöÇΓöÇΓöÇΓöÇΓöÇΓöÇΓöÇΓöÇΓöÇΓöÇΓöÇΓöÇΓöÇΓöÇΓöÇΓöÇΓöÇΓöÇΓöÇΓöÇΓöÇΓöÇΓöÇΓöÇΓöÇΓöÇΓöÇΓöÇΓöÇΓöÇΓöÇΓöÇΓöÇΓöÇΓöÇΓöÇΓöÇΓöÇΓöÇΓöÇΓöÇΓöÇΓöÇΓöÇΓöÇΓöÇΓöÇΓöÇΓöÇΓöÇΓöÇΓöÇΓöÇΓöÇΓöÇΓöÇΓöÇΓöÇΓöÇΓöÇΓöÇΓöÇΓöÇΓöÇΓöÇΓöÇΓöÇΓöÇΓöÇΓöÇΓöÇΓöÇΓöÇΓöÇΓöÇΓöÇΓöÇΓöÇΓöÇΓöÇΓöÇΓöÇΓöÇΓöÇΓöÇΓöÇΓöÇΓöÇΓöÇΓöÇΓöÇΓöÇΓöÇΓöÇΓöÇΓöÇΓöÇΓöÇΓöÇΓöÇΓöÇΓöÇΓöÇΓöÇΓöÇΓöÇΓöÇΓöÇΓöÇΓöÇΓöÇΓöÇΓöÇΓöÇΓöÇΓöÇΓöÇΓöÇΓöÇΓöÇΓöÇΓöÇΓöÇΓöÇΓöÇΓöÇΓöÇΓöÇΓöÇΓöÇΓöÇΓöÇΓöÇΓöÇΓöÇΓöÇΓöÇΓöÇΓöÇΓöÇΓöÇΓöÇΓöÇΓöÇΓöÇΓöÇΓöÇΓöÇΓöÇΓöÇΓöÇΓöÇΓöÇΓöÇΓöÇ  
   FAILED  Tests\Feature\AffiliateDashboardReferralTest > it shows referral code in dashboard                                                                                            
  Expected response status code [200] but received 404.
Failed asserting that 404 is identical to 200.

  at tests\Feature\AffiliateDashboardReferralTest.php:134
    130Γûò         $this->actingAs($this->referrerAffiliate->user);
    131Γûò         
    132Γûò         $response = $this->get('/affiliate/dashboard');
    133Γûò         
  Γ₧£ 134Γûò         $response->assertStatus(200);
    135Γûò         
    136Γûò         $affiliate = $response->viewData('affiliate');
    137Γûò         $this->assertNotNull($affiliate);
    138Γûò         $this->assertEquals('REFERRER123', $affiliate->referral_code);

  ΓöÇΓöÇΓöÇΓöÇΓöÇΓöÇΓöÇΓöÇΓöÇΓöÇΓöÇΓöÇΓöÇΓöÇΓöÇΓöÇΓöÇΓöÇΓöÇΓöÇΓöÇΓöÇΓöÇΓöÇΓöÇΓöÇΓöÇΓöÇΓöÇΓöÇΓöÇΓöÇΓöÇΓöÇΓöÇΓöÇΓöÇΓöÇΓöÇΓöÇΓöÇΓöÇΓöÇΓöÇΓöÇΓöÇΓöÇΓöÇΓöÇΓöÇΓöÇΓöÇΓöÇΓöÇΓöÇΓöÇΓöÇΓöÇΓöÇΓöÇΓöÇΓöÇΓöÇΓöÇΓöÇΓöÇΓöÇΓöÇΓöÇΓöÇΓöÇΓöÇΓöÇΓöÇΓöÇΓöÇΓöÇΓöÇΓöÇΓöÇΓöÇΓöÇΓöÇΓöÇΓöÇΓöÇΓöÇΓöÇΓöÇΓöÇΓöÇΓöÇΓöÇΓöÇΓöÇΓöÇΓöÇΓöÇΓöÇΓöÇΓöÇΓöÇΓöÇΓöÇΓöÇΓöÇΓöÇΓöÇΓöÇΓöÇΓöÇΓöÇΓöÇΓöÇΓöÇΓöÇΓöÇΓöÇΓöÇΓöÇΓöÇΓöÇΓöÇΓöÇΓöÇΓöÇΓöÇΓöÇΓöÇΓöÇΓöÇΓöÇΓöÇΓöÇΓöÇΓöÇΓöÇΓöÇΓöÇΓöÇΓöÇΓöÇΓöÇΓöÇΓöÇΓöÇΓöÇΓöÇΓöÇΓöÇΓöÇΓöÇΓöÇΓöÇΓöÇΓöÇΓöÇΓöÇΓöÇΓöÇΓöÇΓöÇΓöÇΓöÇΓöÇΓöÇΓöÇΓöÇΓöÇΓöÇΓöÇΓöÇΓöÇΓöÇΓöÇΓöÇΓöÇΓöÇΓöÇΓöÇΓöÇ  
   FAILED  Tests\Feature\AffiliateDashboardReferralTest > it handles affiliate without referrals                                                                                         
  Expected response status code [200] but received 404.
Failed asserting that 404 is identical to 200.

  at tests\Feature\AffiliateDashboardReferralTest.php:148
    144Γûò         $this->actingAs($this->referralAffiliate->user);
    145Γûò         
    146Γûò         $response = $this->get('/affiliate/dashboard');
    147Γûò         
  Γ₧£ 148Γûò         $response->assertStatus(200);
    149Γûò         
    150Γûò         $affiliate = $response->viewData('affiliate');
    151Γûò         $this->assertNotNull($affiliate);
    152Γûò

  ΓöÇΓöÇΓöÇΓöÇΓöÇΓöÇΓöÇΓöÇΓöÇΓöÇΓöÇΓöÇΓöÇΓöÇΓöÇΓöÇΓöÇΓöÇΓöÇΓöÇΓöÇΓöÇΓöÇΓöÇΓöÇΓöÇΓöÇΓöÇΓöÇΓöÇΓöÇΓöÇΓöÇΓöÇΓöÇΓöÇΓöÇΓöÇΓöÇΓöÇΓöÇΓöÇΓöÇΓöÇΓöÇΓöÇΓöÇΓöÇΓöÇΓöÇΓöÇΓöÇΓöÇΓöÇΓöÇΓöÇΓöÇΓöÇΓöÇΓöÇΓöÇΓöÇΓöÇΓöÇΓöÇΓöÇΓöÇΓöÇΓöÇΓöÇΓöÇΓöÇΓöÇΓöÇΓöÇΓöÇΓöÇΓöÇΓöÇΓöÇΓöÇΓöÇΓöÇΓöÇΓöÇΓöÇΓöÇΓöÇΓöÇΓöÇΓöÇΓöÇΓöÇΓöÇΓöÇΓöÇΓöÇΓöÇΓöÇΓöÇΓöÇΓöÇΓöÇΓöÇΓöÇΓöÇΓöÇΓöÇΓöÇΓöÇΓöÇΓöÇΓöÇΓöÇΓöÇΓöÇΓöÇΓöÇΓöÇΓöÇΓöÇΓöÇΓöÇΓöÇΓöÇΓöÇΓöÇΓöÇΓöÇΓöÇΓöÇΓöÇΓöÇΓöÇΓöÇΓöÇΓöÇΓöÇΓöÇΓöÇΓöÇΓöÇΓöÇΓöÇΓöÇΓöÇΓöÇΓöÇΓöÇΓöÇΓöÇΓöÇΓöÇΓöÇΓöÇΓöÇΓöÇΓöÇΓöÇΓöÇΓöÇΓöÇΓöÇΓöÇΓöÇΓöÇΓöÇΓöÇΓöÇΓöÇΓöÇΓöÇΓöÇΓöÇΓöÇΓöÇΓöÇΓöÇΓöÇΓöÇΓöÇ  
   FAILED  Tests\Feature\AffiliateDashboardReferralTest > it requires authentication for dashboard                                                                                       
  Expected response status code [201, 301, 302, 303, 307, 308] but received 404.
Failed asserting that false is true.

  at tests\Feature\AffiliateDashboardReferralTest.php:167
    163Γûò     public function it_requires_authentication_for_dashboard()
    164Γûò     {
    165Γûò         $response = $this->get('/affiliate/dashboard');
    166Γûò         
  Γ₧£ 167Γûò         $response->assertRedirect('/login');
    168Γûò     }
    169Γûò 
    170Γûò     /** @test */
    171Γûò     public function it_requires_affiliate_account_for_dashboard()

  ΓöÇΓöÇΓöÇΓöÇΓöÇΓöÇΓöÇΓöÇΓöÇΓöÇΓöÇΓöÇΓöÇΓöÇΓöÇΓöÇΓöÇΓöÇΓöÇΓöÇΓöÇΓöÇΓöÇΓöÇΓöÇΓöÇΓöÇΓöÇΓöÇΓöÇΓöÇΓöÇΓöÇΓöÇΓöÇΓöÇΓöÇΓöÇΓöÇΓöÇΓöÇΓöÇΓöÇΓöÇΓöÇΓöÇΓöÇΓöÇΓöÇΓöÇΓöÇΓöÇΓöÇΓöÇΓöÇΓöÇΓöÇΓöÇΓöÇΓöÇΓöÇΓöÇΓöÇΓöÇΓöÇΓöÇΓöÇΓöÇΓöÇΓöÇΓöÇΓöÇΓöÇΓöÇΓöÇΓöÇΓöÇΓöÇΓöÇΓöÇΓöÇΓöÇΓöÇΓöÇΓöÇΓöÇΓöÇΓöÇΓöÇΓöÇΓöÇΓöÇΓöÇΓöÇΓöÇΓöÇΓöÇΓöÇΓöÇΓöÇΓöÇΓöÇΓöÇΓöÇΓöÇΓöÇΓöÇΓöÇΓöÇΓöÇΓöÇΓöÇΓöÇΓöÇΓöÇΓöÇΓöÇΓöÇΓöÇΓöÇΓöÇΓöÇΓöÇΓöÇΓöÇΓöÇΓöÇΓöÇΓöÇΓöÇΓöÇΓöÇΓöÇΓöÇΓöÇΓöÇΓöÇΓöÇΓöÇΓöÇΓöÇΓöÇΓöÇΓöÇΓöÇΓöÇΓöÇΓöÇΓöÇΓöÇΓöÇΓöÇΓöÇΓöÇΓöÇΓöÇΓöÇΓöÇΓöÇΓöÇΓöÇΓöÇΓöÇΓöÇΓöÇΓöÇΓöÇΓöÇΓöÇΓöÇΓöÇΓöÇΓöÇΓöÇΓöÇΓöÇΓöÇΓöÇΓöÇΓöÇΓöÇ  
   FAILED  Tests\Feature\AffiliateDashboardReferralTest > it requires affiliate account for dashboard                                                                                    
  Expected response status code [201, 301, 302, 303, 307, 308] but received 404.
Failed asserting that false is true.

  at tests\Feature\AffiliateDashboardReferralTest.php:178
    174Γûò         $this->actingAs($user);
    175Γûò         
    176Γûò         $response = $this->get('/affiliate/dashboard');
    177Γûò         
  Γ₧£ 178Γûò         $response->assertRedirect('/affiliate/enroll');
    179Γûò     }
    180Γûò 
    181Γûò     /** @test */
    182Γûò     public function it_displays_payout_eligibility_with_referrals()

  ΓöÇΓöÇΓöÇΓöÇΓöÇΓöÇΓöÇΓöÇΓöÇΓöÇΓöÇΓöÇΓöÇΓöÇΓöÇΓöÇΓöÇΓöÇΓöÇΓöÇΓöÇΓöÇΓöÇΓöÇΓöÇΓöÇΓöÇΓöÇΓöÇΓöÇΓöÇΓöÇΓöÇΓöÇΓöÇΓöÇΓöÇΓöÇΓöÇΓöÇΓöÇΓöÇΓöÇΓöÇΓöÇΓöÇΓöÇΓöÇΓöÇΓöÇΓöÇΓöÇΓöÇΓöÇΓöÇΓöÇΓöÇΓöÇΓöÇΓöÇΓöÇΓöÇΓöÇΓöÇΓöÇΓöÇΓöÇΓöÇΓöÇΓöÇΓöÇΓöÇΓöÇΓöÇΓöÇΓöÇΓöÇΓöÇΓöÇΓöÇΓöÇΓöÇΓöÇΓöÇΓöÇΓöÇΓöÇΓöÇΓöÇΓöÇΓöÇΓöÇΓöÇΓöÇΓöÇΓöÇΓöÇΓöÇΓöÇΓöÇΓöÇΓöÇΓöÇΓöÇΓöÇΓöÇΓöÇΓöÇΓöÇΓöÇΓöÇΓöÇΓöÇΓöÇΓöÇΓöÇΓöÇΓöÇΓöÇΓöÇΓöÇΓöÇΓöÇΓöÇΓöÇΓöÇΓöÇΓöÇΓöÇΓöÇΓöÇΓöÇΓöÇΓöÇΓöÇΓöÇΓöÇΓöÇΓöÇΓöÇΓöÇΓöÇΓöÇΓöÇΓöÇΓöÇΓöÇΓöÇΓöÇΓöÇΓöÇΓöÇΓöÇΓöÇΓöÇΓöÇΓöÇΓöÇΓöÇΓöÇΓöÇΓöÇΓöÇΓöÇΓöÇΓöÇΓöÇΓöÇΓöÇΓöÇΓöÇΓöÇΓöÇΓöÇΓöÇΓöÇΓöÇΓöÇΓöÇΓöÇΓöÇ  
   FAILED  Tests\Feature\AffiliateDashboardReferralTest > it displays payout eligibility with referrals                                                                                  
  Expected response status code [200] but received 404.
Failed asserting that 404 is identical to 200.

  at tests\Feature\AffiliateDashboardReferralTest.php:188
    184Γûò         $this->actingAs($this->referrerAffiliate->user);
    185Γûò         
    186Γûò         $response = $this->get('/affiliate/dashboard');
    187Γûò         
  Γ₧£ 188Γûò         $response->assertStatus(200);
    189Γûò         
    190Γûò         $affiliate = $response->viewData('affiliate');
    191Γûò         $this->assertNotNull($affiliate);
    192Γûò

  ΓöÇΓöÇΓöÇΓöÇΓöÇΓöÇΓöÇΓöÇΓöÇΓöÇΓöÇΓöÇΓöÇΓöÇΓöÇΓöÇΓöÇΓöÇΓöÇΓöÇΓöÇΓöÇΓöÇΓöÇΓöÇΓöÇΓöÇΓöÇΓöÇΓöÇΓöÇΓöÇΓöÇΓöÇΓöÇΓöÇΓöÇΓöÇΓöÇΓöÇΓöÇΓöÇΓöÇΓöÇΓöÇΓöÇΓöÇΓöÇΓöÇΓöÇΓöÇΓöÇΓöÇΓöÇΓöÇΓöÇΓöÇΓöÇΓöÇΓöÇΓöÇΓöÇΓöÇΓöÇΓöÇΓöÇΓöÇΓöÇΓöÇΓöÇΓöÇΓöÇΓöÇΓöÇΓöÇΓöÇΓöÇΓöÇΓöÇΓöÇΓöÇΓöÇΓöÇΓöÇΓöÇΓöÇΓöÇΓöÇΓöÇΓöÇΓöÇΓöÇΓöÇΓöÇΓöÇΓöÇΓöÇΓöÇΓöÇΓöÇΓöÇΓöÇΓöÇΓöÇΓöÇΓöÇΓöÇΓöÇΓöÇΓöÇΓöÇΓöÇΓöÇΓöÇΓöÇΓöÇΓöÇΓöÇΓöÇΓöÇΓöÇΓöÇΓöÇΓöÇΓöÇΓöÇΓöÇΓöÇΓöÇΓöÇΓöÇΓöÇΓöÇΓöÇΓöÇΓöÇΓöÇΓöÇΓöÇΓöÇΓöÇΓöÇΓöÇΓöÇΓöÇΓöÇΓöÇΓöÇΓöÇΓöÇΓöÇΓöÇΓöÇΓöÇΓöÇΓöÇΓöÇΓöÇΓöÇΓöÇΓöÇΓöÇΓöÇΓöÇΓöÇΓöÇΓöÇΓöÇΓöÇΓöÇΓöÇΓöÇΓöÇΓöÇΓöÇΓöÇΓöÇΓöÇΓöÇΓöÇΓöÇ  
   FAILED  Tests\Feature\AffiliateDashboardReferralTest > it displays multiple referred users                                                                                            
  Expected response status code [200] but received 404.
Failed asserting that 404 is identical to 200.

  at tests\Feature\AffiliateDashboardReferralTest.php:233
    229Γûò         $this->actingAs($this->referrerAffiliate->user);
    230Γûò         
    231Γûò         $response = $this->get('/affiliate/dashboard');
    232Γûò         
  Γ₧£ 233Γûò         $response->assertStatus(200);
    234Γûò         
    235Γûò         $affiliate = $response->viewData('affiliate');
    236Γûò         $referredCount = $affiliate->getReferredAffiliatesCount();
    237Γûò         $this->assertEquals(3, $referredCount); // Original + 2 additional

  ΓöÇΓöÇΓöÇΓöÇΓöÇΓöÇΓöÇΓöÇΓöÇΓöÇΓöÇΓöÇΓöÇΓöÇΓöÇΓöÇΓöÇΓöÇΓöÇΓöÇΓöÇΓöÇΓöÇΓöÇΓöÇΓöÇΓöÇΓöÇΓöÇΓöÇΓöÇΓöÇΓöÇΓöÇΓöÇΓöÇΓöÇΓöÇΓöÇΓöÇΓöÇΓöÇΓöÇΓöÇΓöÇΓöÇΓöÇΓöÇΓöÇΓöÇΓöÇΓöÇΓöÇΓöÇΓöÇΓöÇΓöÇΓöÇΓöÇΓöÇΓöÇΓöÇΓöÇΓöÇΓöÇΓöÇΓöÇΓöÇΓöÇΓöÇΓöÇΓöÇΓöÇΓöÇΓöÇΓöÇΓöÇΓöÇΓöÇΓöÇΓöÇΓöÇΓöÇΓöÇΓöÇΓöÇΓöÇΓöÇΓöÇΓöÇΓöÇΓöÇΓöÇΓöÇΓöÇΓöÇΓöÇΓöÇΓöÇΓöÇΓöÇΓöÇΓöÇΓöÇΓöÇΓöÇΓöÇΓöÇΓöÇΓöÇΓöÇΓöÇΓöÇΓöÇΓöÇΓöÇΓöÇΓöÇΓöÇΓöÇΓöÇΓöÇΓöÇΓöÇΓöÇΓöÇΓöÇΓöÇΓöÇΓöÇΓöÇΓöÇΓöÇΓöÇΓöÇΓöÇΓöÇΓöÇΓöÇΓöÇΓöÇΓöÇΓöÇΓöÇΓöÇΓöÇΓöÇΓöÇΓöÇΓöÇΓöÇΓöÇΓöÇΓöÇΓöÇΓöÇΓöÇΓöÇΓöÇΓöÇΓöÇΓöÇΓöÇΓöÇΓöÇΓöÇΓöÇΓöÇΓöÇΓöÇΓöÇΓöÇΓöÇΓöÇΓöÇΓöÇΓöÇΓöÇΓöÇΓöÇΓöÇ  
   FAILED  Tests\Feature\AffiliateDashboardReferralTest > it only counts active referred affiliates                                                                                      
  Expected response status code [200] but received 404.
Failed asserting that 404 is identical to 200.

  at tests\Feature\AffiliateDashboardReferralTest.php:259
    255Γûò         $this->actingAs($this->referrerAffiliate->user);
    256Γûò         
    257Γûò         $response = $this->get('/affiliate/dashboard');
    258Γûò         
  Γ₧£ 259Γûò         $response->assertStatus(200);
    260Γûò         
    261Γûò         $affiliate = $response->viewData('affiliate');
    262Γûò         $referredCount = $affiliate->getReferredAffiliatesCount();
    263Γûò         $this->assertEquals(1, $referredCount); // Only the active one

  ΓöÇΓöÇΓöÇΓöÇΓöÇΓöÇΓöÇΓöÇΓöÇΓöÇΓöÇΓöÇΓöÇΓöÇΓöÇΓöÇΓöÇΓöÇΓöÇΓöÇΓöÇΓöÇΓöÇΓöÇΓöÇΓöÇΓöÇΓöÇΓöÇΓöÇΓöÇΓöÇΓöÇΓöÇΓöÇΓöÇΓöÇΓöÇΓöÇΓöÇΓöÇΓöÇΓöÇΓöÇΓöÇΓöÇΓöÇΓöÇΓöÇΓöÇΓöÇΓöÇΓöÇΓöÇΓöÇΓöÇΓöÇΓöÇΓöÇΓöÇΓöÇΓöÇΓöÇΓöÇΓöÇΓöÇΓöÇΓöÇΓöÇΓöÇΓöÇΓöÇΓöÇΓöÇΓöÇΓöÇΓöÇΓöÇΓöÇΓöÇΓöÇΓöÇΓöÇΓöÇΓöÇΓöÇΓöÇΓöÇΓöÇΓöÇΓöÇΓöÇΓöÇΓöÇΓöÇΓöÇΓöÇΓöÇΓöÇΓöÇΓöÇΓöÇΓöÇΓöÇΓöÇΓöÇΓöÇΓöÇΓöÇΓöÇΓöÇΓöÇΓöÇΓöÇΓöÇΓöÇΓöÇΓöÇΓöÇΓöÇΓöÇΓöÇΓöÇΓöÇΓöÇΓöÇΓöÇΓöÇΓöÇΓöÇΓöÇΓöÇΓöÇΓöÇΓöÇΓöÇΓöÇΓöÇΓöÇΓöÇΓöÇΓöÇΓöÇΓöÇΓöÇΓöÇΓöÇΓöÇΓöÇΓöÇΓöÇΓöÇΓöÇΓöÇΓöÇΓöÇΓöÇΓöÇΓöÇΓöÇΓöÇΓöÇΓöÇΓöÇΓöÇΓöÇΓöÇΓöÇΓöÇΓöÇΓöÇΓöÇΓöÇΓöÇΓöÇΓöÇΓöÇΓöÇΓöÇΓöÇΓöÇ  
   FAILED  Tests\Feature\AffiliateDashboardReferralTest > it passes payout methods to dashboard                                                                                          
  Expected response status code [200] but received 404.
Failed asserting that 404 is identical to 200.

  at tests\Feature\AffiliateDashboardReferralTest.php:273
    269Γûò         $this->actingAs($this->referrerAffiliate->user);
    270Γûò         
    271Γûò         $response = $this->get('/affiliate/dashboard');
    272Γûò         
  Γ₧£ 273Γûò         $response->assertStatus(200);
    274Γûò         
    275Γûò         // Check that payout methods are available
    276Γûò         $payoutMethods = $response->viewData('payoutMethods');
    277Γûò         $this->assertNotNull($payoutMethods);

  ΓöÇΓöÇΓöÇΓöÇΓöÇΓöÇΓöÇΓöÇΓöÇΓöÇΓöÇΓöÇΓöÇΓöÇΓöÇΓöÇΓöÇΓöÇΓöÇΓöÇΓöÇΓöÇΓöÇΓöÇΓöÇΓöÇΓöÇΓöÇΓöÇΓöÇΓöÇΓöÇΓöÇΓöÇΓöÇΓöÇΓöÇΓöÇΓöÇΓöÇΓöÇΓöÇΓöÇΓöÇΓöÇΓöÇΓöÇΓöÇΓöÇΓöÇΓöÇΓöÇΓöÇΓöÇΓöÇΓöÇΓöÇΓöÇΓöÇΓöÇΓöÇΓöÇΓöÇΓöÇΓöÇΓöÇΓöÇΓöÇΓöÇΓöÇΓöÇΓöÇΓöÇΓöÇΓöÇΓöÇΓöÇΓöÇΓöÇΓöÇΓöÇΓöÇΓöÇΓöÇΓöÇΓöÇΓöÇΓöÇΓöÇΓöÇΓöÇΓöÇΓöÇΓöÇΓöÇΓöÇΓöÇΓöÇΓöÇΓöÇΓöÇΓöÇΓöÇΓöÇΓöÇΓöÇΓöÇΓöÇΓöÇΓöÇΓöÇΓöÇΓöÇΓöÇΓöÇΓöÇΓöÇΓöÇΓöÇΓöÇΓöÇΓöÇΓöÇΓöÇΓöÇΓöÇΓöÇΓöÇΓöÇΓöÇΓöÇΓöÇΓöÇΓöÇΓöÇΓöÇΓöÇΓöÇΓöÇΓöÇΓöÇΓöÇΓöÇΓöÇΓöÇΓöÇΓöÇΓöÇΓöÇΓöÇΓöÇΓöÇΓöÇΓöÇΓöÇΓöÇΓöÇΓöÇΓöÇΓöÇΓöÇΓöÇΓöÇΓöÇΓöÇΓöÇΓöÇΓöÇΓöÇΓöÇΓöÇΓöÇΓöÇΓöÇΓöÇΓöÇΓöÇΓöÇΓöÇΓöÇΓöÇ  
   FAILED  Tests\Feature\AffiliateDashboardReferralTest > it passes minimum payout to dashboard                                                                                          
  Expected response status code [200] but received 404.
Failed asserting that 404 is identical to 200.

  at tests\Feature\AffiliateDashboardReferralTest.php:288
    284Γûò         $this->actingAs($this->referrerAffiliate->user);
    285Γûò         
    286Γûò         $response = $this->get('/affiliate/dashboard');
    287Γûò         
  Γ₧£ 288Γûò         $response->assertStatus(200);
    289Γûò         
    290Γûò         // Check that minimum payout is available
    291Γûò         $minPayout = $response->viewData('minPayout');
    292Γûò         $this->assertNotNull($minPayout);

  ΓöÇΓöÇΓöÇΓöÇΓöÇΓöÇΓöÇΓöÇΓöÇΓöÇΓöÇΓöÇΓöÇΓöÇΓöÇΓöÇΓöÇΓöÇΓöÇΓöÇΓöÇΓöÇΓöÇΓöÇΓöÇΓöÇΓöÇΓöÇΓöÇΓöÇΓöÇΓöÇΓöÇΓöÇΓöÇΓöÇΓöÇΓöÇΓöÇΓöÇΓöÇΓöÇΓöÇΓöÇΓöÇΓöÇΓöÇΓöÇΓöÇΓöÇΓöÇΓöÇΓöÇΓöÇΓöÇΓöÇΓöÇΓöÇΓöÇΓöÇΓöÇΓöÇΓöÇΓöÇΓöÇΓöÇΓöÇΓöÇΓöÇΓöÇΓöÇΓöÇΓöÇΓöÇΓöÇΓöÇΓöÇΓöÇΓöÇΓöÇΓöÇΓöÇΓöÇΓöÇΓöÇΓöÇΓöÇΓöÇΓöÇΓöÇΓöÇΓöÇΓöÇΓöÇΓöÇΓöÇΓöÇΓöÇΓöÇΓöÇΓöÇΓöÇΓöÇΓöÇΓöÇΓöÇΓöÇΓöÇΓöÇΓöÇΓöÇΓöÇΓöÇΓöÇΓöÇΓöÇΓöÇΓöÇΓöÇΓöÇΓöÇΓöÇΓöÇΓöÇΓöÇΓöÇΓöÇΓöÇΓöÇΓöÇΓöÇΓöÇΓöÇΓöÇΓöÇΓöÇΓöÇΓöÇΓöÇΓöÇΓöÇΓöÇΓöÇΓöÇΓöÇΓöÇΓöÇΓöÇΓöÇΓöÇΓöÇΓöÇΓöÇΓöÇΓöÇΓöÇΓöÇΓöÇΓöÇΓöÇΓöÇΓöÇΓöÇΓöÇΓöÇΓöÇΓöÇΓöÇΓöÇΓöÇΓöÇΓöÇΓöÇΓöÇΓöÇΓöÇΓöÇΓöÇΓöÇΓöÇΓöÇ  
   FAILED  Tests\Feature\DynamicRateLimitTest > rate limit headers are present                                                                                                           
  Expected response status code [200] but received 401.
Failed asserting that 401 is identical to 200.

  at tests\Feature\DynamicRateLimitTest.php:43
     39Γûò         $response->assertHeader('X-RateLimit-Remaining');
     40Γûò         $response->assertHeader('X-RateLimit-Reset');
     41Γûò 
     42Γûò         // Should be successful
  Γ₧£  43Γûò         $response->assertStatus(200);
     44Γûò     }
     45Γûò 
     46Γûò     /**
     47Γûò      * Test that rate limiting works for multiple requests.

  ΓöÇΓöÇΓöÇΓöÇΓöÇΓöÇΓöÇΓöÇΓöÇΓöÇΓöÇΓöÇΓöÇΓöÇΓöÇΓöÇΓöÇΓöÇΓöÇΓöÇΓöÇΓöÇΓöÇΓöÇΓöÇΓöÇΓöÇΓöÇΓöÇΓöÇΓöÇΓöÇΓöÇΓöÇΓöÇΓöÇΓöÇΓöÇΓöÇΓöÇΓöÇΓöÇΓöÇΓöÇΓöÇΓöÇΓöÇΓöÇΓöÇΓöÇΓöÇΓöÇΓöÇΓöÇΓöÇΓöÇΓöÇΓöÇΓöÇΓöÇΓöÇΓöÇΓöÇΓöÇΓöÇΓöÇΓöÇΓöÇΓöÇΓöÇΓöÇΓöÇΓöÇΓöÇΓöÇΓöÇΓöÇΓöÇΓöÇΓöÇΓöÇΓöÇΓöÇΓöÇΓöÇΓöÇΓöÇΓöÇΓöÇΓöÇΓöÇΓöÇΓöÇΓöÇΓöÇΓöÇΓöÇΓöÇΓöÇΓöÇΓöÇΓöÇΓöÇΓöÇΓöÇΓöÇΓöÇΓöÇΓöÇΓöÇΓöÇΓöÇΓöÇΓöÇΓöÇΓöÇΓöÇΓöÇΓöÇΓöÇΓöÇΓöÇΓöÇΓöÇΓöÇΓöÇΓöÇΓöÇΓöÇΓöÇΓöÇΓöÇΓöÇΓöÇΓöÇΓöÇΓöÇΓöÇΓöÇΓöÇΓöÇΓöÇΓöÇΓöÇΓöÇΓöÇΓöÇΓöÇΓöÇΓöÇΓöÇΓöÇΓöÇΓöÇΓöÇΓöÇΓöÇΓöÇΓöÇΓöÇΓöÇΓöÇΓöÇΓöÇΓöÇΓöÇΓöÇΓöÇΓöÇΓöÇΓöÇΓöÇΓöÇΓöÇΓöÇΓöÇΓöÇΓöÇΓöÇΓöÇΓöÇ  
   FAILED  Tests\Feature\DynamicRateLimitTest > rate limits multiple requests                                                                                                            
  Expected response status code [200] but received 401.
Failed asserting that 401 is identical to 200.

  at tests\Feature\DynamicRateLimitTest.php:57
     53Γûò             $response = $this->withHeaders([
     54Γûò                 'Authorization' => 'Bearer ' . $this->token,
     55Γûò             ])->get('/api/v1/user');
     56Γûò 
  Γ₧£  57Γûò             $response->assertStatus(200);
     58Γûò 
     59Γûò             // Remaining requests should decrease
     60Γûò             $remaining = $response->headers->get('X-RateLimit-Remaining');
     61Γûò             $this->assertLessThanOrEqual(100 - $i, (int) $remaining);

  ΓöÇΓöÇΓöÇΓöÇΓöÇΓöÇΓöÇΓöÇΓöÇΓöÇΓöÇΓöÇΓöÇΓöÇΓöÇΓöÇΓöÇΓöÇΓöÇΓöÇΓöÇΓöÇΓöÇΓöÇΓöÇΓöÇΓöÇΓöÇΓöÇΓöÇΓöÇΓöÇΓöÇΓöÇΓöÇΓöÇΓöÇΓöÇΓöÇΓöÇΓöÇΓöÇΓöÇΓöÇΓöÇΓöÇΓöÇΓöÇΓöÇΓöÇΓöÇΓöÇΓöÇΓöÇΓöÇΓöÇΓöÇΓöÇΓöÇΓöÇΓöÇΓöÇΓöÇΓöÇΓöÇΓöÇΓöÇΓöÇΓöÇΓöÇΓöÇΓöÇΓöÇΓöÇΓöÇΓöÇΓöÇΓöÇΓöÇΓöÇΓöÇΓöÇΓöÇΓöÇΓöÇΓöÇΓöÇΓöÇΓöÇΓöÇΓöÇΓöÇΓöÇΓöÇΓöÇΓöÇΓöÇΓöÇΓöÇΓöÇΓöÇΓöÇΓöÇΓöÇΓöÇΓöÇΓöÇΓöÇΓöÇΓöÇΓöÇΓöÇΓöÇΓöÇΓöÇΓöÇΓöÇΓöÇΓöÇΓöÇΓöÇΓöÇΓöÇΓöÇΓöÇΓöÇΓöÇΓöÇΓöÇΓöÇΓöÇΓöÇΓöÇΓöÇΓöÇΓöÇΓöÇΓöÇΓöÇΓöÇΓöÇΓöÇΓöÇΓöÇΓöÇΓöÇΓöÇΓöÇΓöÇΓöÇΓöÇΓöÇΓöÇΓöÇΓöÇΓöÇΓöÇΓöÇΓöÇΓöÇΓöÇΓöÇΓöÇΓöÇΓöÇΓöÇΓöÇΓöÇΓöÇΓöÇΓöÇΓöÇΓöÇΓöÇΓöÇΓöÇΓöÇΓöÇΓöÇΓöÇΓöÇ  
   FAILED  Tests\Feature\RedirectControllerTest > it respects redirect settings                                                                                                          
  Failed asserting that [captchaSiteKey] matches the expected value.
Failed asserting that two strings are equal.
--- Expected
+++ Actual
@@ @@
-'test-site-key'
+''

  at tests\Feature\RedirectControllerTest.php:307
    303Γûò         $response->assertStatus(200);
    304Γûò         $response->assertViewHas('countdown', 15);
    305Γûò         $response->assertViewHas('redirectMode', 'manual');
    306Γûò         $response->assertViewHas('redirectCaptcha', true);
  Γ₧£ 307Γûò         $response->assertViewHas('captchaSiteKey', 'test-site-key');
    308Γûò     }
    309Γûò 
    310Γûò     /**
    311Γûò      * @test

  ΓöÇΓöÇΓöÇΓöÇΓöÇΓöÇΓöÇΓöÇΓöÇΓöÇΓöÇΓöÇΓöÇΓöÇΓöÇΓöÇΓöÇΓöÇΓöÇΓöÇΓöÇΓöÇΓöÇΓöÇΓöÇΓöÇΓöÇΓöÇΓöÇΓöÇΓöÇΓöÇΓöÇΓöÇΓöÇΓöÇΓöÇΓöÇΓöÇΓöÇΓöÇΓöÇΓöÇΓöÇΓöÇΓöÇΓöÇΓöÇΓöÇΓöÇΓöÇΓöÇΓöÇΓöÇΓöÇΓöÇΓöÇΓöÇΓöÇΓöÇΓöÇΓöÇΓöÇΓöÇΓöÇΓöÇΓöÇΓöÇΓöÇΓöÇΓöÇΓöÇΓöÇΓöÇΓöÇΓöÇΓöÇΓöÇΓöÇΓöÇΓöÇΓöÇΓöÇΓöÇΓöÇΓöÇΓöÇΓöÇΓöÇΓöÇΓöÇΓöÇΓöÇΓöÇΓöÇΓöÇΓöÇΓöÇΓöÇΓöÇΓöÇΓöÇΓöÇΓöÇΓöÇΓöÇΓöÇΓöÇΓöÇΓöÇΓöÇΓöÇΓöÇΓöÇΓöÇΓöÇΓöÇΓöÇΓöÇΓöÇΓöÇΓöÇΓöÇΓöÇΓöÇΓöÇΓöÇΓöÇΓöÇΓöÇΓöÇΓöÇΓöÇΓöÇΓöÇΓöÇΓöÇΓöÇΓöÇΓöÇΓöÇΓöÇΓöÇΓöÇΓöÇΓöÇΓöÇΓöÇΓöÇΓöÇΓöÇΓöÇΓöÇΓöÇΓöÇΓöÇΓöÇΓöÇΓöÇΓöÇΓöÇΓöÇΓöÇΓöÇΓöÇΓöÇΓöÇΓöÇΓöÇΓöÇΓöÇΓöÇΓöÇΓöÇΓöÇΓöÇΓöÇΓöÇΓöÇΓöÇΓöÇ  
   FAILED  Tests\Feature\ReferralEdgeCasesTest > it handles self referral attempt                                                                                                        
  Session is missing expected key [errors].
Failed asserting that false is true.

  at tests\Feature\ReferralEdgeCasesTest.php:39
     35Γûò 
     36Γûò         $response = $this->post('/register', $userData);
     37Γûò 
     38Γûò         // Should fail because user doesn't exist yet when checking referral
  Γ₧£  39Γûò         $response->assertSessionHasErrors('referral_code');
     40Γûò     }
     41Γûò 
     42Γûò     /** @test */
     43Γûò     public function it_handles_circular_referral_prevention()

  ΓöÇΓöÇΓöÇΓöÇΓöÇΓöÇΓöÇΓöÇΓöÇΓöÇΓöÇΓöÇΓöÇΓöÇΓöÇΓöÇΓöÇΓöÇΓöÇΓöÇΓöÇΓöÇΓöÇΓöÇΓöÇΓöÇΓöÇΓöÇΓöÇΓöÇΓöÇΓöÇΓöÇΓöÇΓöÇΓöÇΓöÇΓöÇΓöÇΓöÇΓöÇΓöÇΓöÇΓöÇΓöÇΓöÇΓöÇΓöÇΓöÇΓöÇΓöÇΓöÇΓöÇΓöÇΓöÇΓöÇΓöÇΓöÇΓöÇΓöÇΓöÇΓöÇΓöÇΓöÇΓöÇΓöÇΓöÇΓöÇΓöÇΓöÇΓöÇΓöÇΓöÇΓöÇΓöÇΓöÇΓöÇΓöÇΓöÇΓöÇΓöÇΓöÇΓöÇΓöÇΓöÇΓöÇΓöÇΓöÇΓöÇΓöÇΓöÇΓöÇΓöÇΓöÇΓöÇΓöÇΓöÇΓöÇΓöÇΓöÇΓöÇΓöÇΓöÇΓöÇΓöÇΓöÇΓöÇΓöÇΓöÇΓöÇΓöÇΓöÇΓöÇΓöÇΓöÇΓöÇΓöÇΓöÇΓöÇΓöÇΓöÇΓöÇΓöÇΓöÇΓöÇΓöÇΓöÇΓöÇΓöÇΓöÇΓöÇΓöÇΓöÇΓöÇΓöÇΓöÇΓöÇΓöÇΓöÇΓöÇΓöÇΓöÇΓöÇΓöÇΓöÇΓöÇΓöÇΓöÇΓöÇΓöÇΓöÇΓöÇΓöÇΓöÇΓöÇΓöÇΓöÇΓöÇΓöÇΓöÇΓöÇΓöÇΓöÇΓöÇΓöÇΓöÇΓöÇΓöÇΓöÇΓöÇΓöÇΓöÇΓöÇΓöÇΓöÇΓöÇΓöÇΓöÇΓöÇΓöÇΓöÇ  
   FAILED  Tests\Feature\ReferralEdgeCasesTest > it handles referral code with sql injection attempts                                                                                    
  Failed asserting that a row in the table [users] matches the attributes {
    "email": "sql@example.com"
}.

The table is empty.

  at tests\Feature\ReferralEdgeCasesTest.php:123
    119Γûò         // Should fail validation
    120Γûò         $response->assertSessionHasErrors('referral_code');
    121Γûò         
    122Γûò         // Verify table still exists
  Γ₧£ 123Γûò         $this->assertDatabaseHas('users', ['email' => 'sql@example.com']);
    124Γûò         $this->assertDatabaseMissing('users', ['email' => 'sql@example.com']); // Should not be created
    125Γûò     }
    126Γûò 
    127Γûò     /** @test */

  ΓöÇΓöÇΓöÇΓöÇΓöÇΓöÇΓöÇΓöÇΓöÇΓöÇΓöÇΓöÇΓöÇΓöÇΓöÇΓöÇΓöÇΓöÇΓöÇΓöÇΓöÇΓöÇΓöÇΓöÇΓöÇΓöÇΓöÇΓöÇΓöÇΓöÇΓöÇΓöÇΓöÇΓöÇΓöÇΓöÇΓöÇΓöÇΓöÇΓöÇΓöÇΓöÇΓöÇΓöÇΓöÇΓöÇΓöÇΓöÇΓöÇΓöÇΓöÇΓöÇΓöÇΓöÇΓöÇΓöÇΓöÇΓöÇΓöÇΓöÇΓöÇΓöÇΓöÇΓöÇΓöÇΓöÇΓöÇΓöÇΓöÇΓöÇΓöÇΓöÇΓöÇΓöÇΓöÇΓöÇΓöÇΓöÇΓöÇΓöÇΓöÇΓöÇΓöÇΓöÇΓöÇΓöÇΓöÇΓöÇΓöÇΓöÇΓöÇΓöÇΓöÇΓöÇΓöÇΓöÇΓöÇΓöÇΓöÇΓöÇΓöÇΓöÇΓöÇΓöÇΓöÇΓöÇΓöÇΓöÇΓöÇΓöÇΓöÇΓöÇΓöÇΓöÇΓöÇΓöÇΓöÇΓöÇΓöÇΓöÇΓöÇΓöÇΓöÇΓöÇΓöÇΓöÇΓöÇΓöÇΓöÇΓöÇΓöÇΓöÇΓöÇΓöÇΓöÇΓöÇΓöÇΓöÇΓöÇΓöÇΓöÇΓöÇΓöÇΓöÇΓöÇΓöÇΓöÇΓöÇΓöÇΓöÇΓöÇΓöÇΓöÇΓöÇΓöÇΓöÇΓöÇΓöÇΓöÇΓöÇΓöÇΓöÇΓöÇΓöÇΓöÇΓöÇΓöÇΓöÇΓöÇΓöÇΓöÇΓöÇΓöÇΓöÇΓöÇΓöÇΓöÇΓöÇΓöÇΓöÇΓöÇ  
   FAILED  Tests\Feature\ReferralEdgeCasesTest > it handles null referral commission rate                                                                               QueryException   
  SQLSTATE[23000]: Integrity constraint violation: 19 NOT NULL constraint failed: settings.value (Connection: sqlite, Database: :memory:, SQL: insert into "settings" ("key", "value", "updated_at", "created_at") values (referral_commission_rate, ?, 2026-05-12 14:19:58, 2026-05-12 14:19:58))

  at vendor\laravel\framework\src\Illuminate\Database\Connection.php:838
    834Γûò             $exceptionType = $this->isUniqueConstraintError($e)
    835Γûò                 ? UniqueConstraintViolationException::class
    836Γûò                 : QueryException::class;
    837Γûò 
  Γ₧£ 838Γûò             throw new $exceptionType(
    839Γûò                 $this->getNameWithReadWriteType(),
    840Γûò                 $query,
    841Γûò                 $this->prepareBindings($bindings),
    842Γûò                 $e,

  1   vendor\laravel\framework\src\Illuminate\Database\Connection.php:838

  2   vendor\laravel\framework\src\Illuminate\Database\Connection.php:584
      NunoMaduro\Collision\Exceptions\TestException::("SQLSTATE[23000]: Integrity constraint violation: 19 NOT NULL constraint failed: settings.value")

  ΓöÇΓöÇΓöÇΓöÇΓöÇΓöÇΓöÇΓöÇΓöÇΓöÇΓöÇΓöÇΓöÇΓöÇΓöÇΓöÇΓöÇΓöÇΓöÇΓöÇΓöÇΓöÇΓöÇΓöÇΓöÇΓöÇΓöÇΓöÇΓöÇΓöÇΓöÇΓöÇΓöÇΓöÇΓöÇΓöÇΓöÇΓöÇΓöÇΓöÇΓöÇΓöÇΓöÇΓöÇΓöÇΓöÇΓöÇΓöÇΓöÇΓöÇΓöÇΓöÇΓöÇΓöÇΓöÇΓöÇΓöÇΓöÇΓöÇΓöÇΓöÇΓöÇΓöÇΓöÇΓöÇΓöÇΓöÇΓöÇΓöÇΓöÇΓöÇΓöÇΓöÇΓöÇΓöÇΓöÇΓöÇΓöÇΓöÇΓöÇΓöÇΓöÇΓöÇΓöÇΓöÇΓöÇΓöÇΓöÇΓöÇΓöÇΓöÇΓöÇΓöÇΓöÇΓöÇΓöÇΓöÇΓöÇΓöÇΓöÇΓöÇΓöÇΓöÇΓöÇΓöÇΓöÇΓöÇΓöÇΓöÇΓöÇΓöÇΓöÇΓöÇΓöÇΓöÇΓöÇΓöÇΓöÇΓöÇΓöÇΓöÇΓöÇΓöÇΓöÇΓöÇΓöÇΓöÇΓöÇΓöÇΓöÇΓöÇΓöÇΓöÇΓöÇΓöÇΓöÇΓöÇΓöÇΓöÇΓöÇΓöÇΓöÇΓöÇΓöÇΓöÇΓöÇΓöÇΓöÇΓöÇΓöÇΓöÇΓöÇΓöÇΓöÇΓöÇΓöÇΓöÇΓöÇΓöÇΓöÇΓöÇΓöÇΓöÇΓöÇΓöÇΓöÇΓöÇΓöÇΓöÇΓöÇΓöÇΓöÇΓöÇΓöÇΓöÇΓöÇΓöÇΓöÇΓöÇΓöÇΓöÇ  
   FAILED  Tests\Feature\ReferralEdgeCasesTest > it handles database connection errors                                                                                  QueryException   
  SQLSTATE[23000]: Integrity constraint violation: 19 FOREIGN KEY constraint failed (Connection: sqlite, Database: :memory:, SQL: update "users" set "referred_by_affiliate_id" = 99999, "updated_at" = 2026-05-12 14:19:58 where "id" = 2)

  at vendor\laravel\framework\src\Illuminate\Database\Connection.php:838
    834Γûò             $exceptionType = $this->isUniqueConstraintError($e)
    835Γûò                 ? UniqueConstraintViolationException::class
    836Γûò                 : QueryException::class;
    837Γûò 
  Γ₧£ 838Γûò             throw new $exceptionType(
    839Γûò                 $this->getNameWithReadWriteType(),
    840Γûò                 $query,
    841Γûò                 $this->prepareBindings($bindings),
    842Γûò                 $e,

  1   vendor\laravel\framework\src\Illuminate\Database\Connection.php:838

  2   vendor\laravel\framework\src\Illuminate\Database\Connection.php:609
      NunoMaduro\Collision\Exceptions\TestException::("SQLSTATE[23000]: Integrity constraint violation: 19 FOREIGN KEY constraint failed")

  ΓöÇΓöÇΓöÇΓöÇΓöÇΓöÇΓöÇΓöÇΓöÇΓöÇΓöÇΓöÇΓöÇΓöÇΓöÇΓöÇΓöÇΓöÇΓöÇΓöÇΓöÇΓöÇΓöÇΓöÇΓöÇΓöÇΓöÇΓöÇΓöÇΓöÇΓöÇΓöÇΓöÇΓöÇΓöÇΓöÇΓöÇΓöÇΓöÇΓöÇΓöÇΓöÇΓöÇΓöÇΓöÇΓöÇΓöÇΓöÇΓöÇΓöÇΓöÇΓöÇΓöÇΓöÇΓöÇΓöÇΓöÇΓöÇΓöÇΓöÇΓöÇΓöÇΓöÇΓöÇΓöÇΓöÇΓöÇΓöÇΓöÇΓöÇΓöÇΓöÇΓöÇΓöÇΓöÇΓöÇΓöÇΓöÇΓöÇΓöÇΓöÇΓöÇΓöÇΓöÇΓöÇΓöÇΓöÇΓöÇΓöÇΓöÇΓöÇΓöÇΓöÇΓöÇΓöÇΓöÇΓöÇΓöÇΓöÇΓöÇΓöÇΓöÇΓöÇΓöÇΓöÇΓöÇΓöÇΓöÇΓöÇΓöÇΓöÇΓöÇΓöÇΓöÇΓöÇΓöÇΓöÇΓöÇΓöÇΓöÇΓöÇΓöÇΓöÇΓöÇΓöÇΓöÇΓöÇΓöÇΓöÇΓöÇΓöÇΓöÇΓöÇΓöÇΓöÇΓöÇΓöÇΓöÇΓöÇΓöÇΓöÇΓöÇΓöÇΓöÇΓöÇΓöÇΓöÇΓöÇΓöÇΓöÇΓöÇΓöÇΓöÇΓöÇΓöÇΓöÇΓöÇΓöÇΓöÇΓöÇΓöÇΓöÇΓöÇΓöÇΓöÇΓöÇΓöÇΓöÇΓöÇΓöÇΓöÇΓöÇΓöÇΓöÇΓöÇΓöÇΓöÇΓöÇΓöÇΓöÇΓöÇ  
   FAILED  Tests\Feature\ReferralEdgeCasesTest > it handles concurrent payout requests                                                                                                   
  Expected response status code [201, 301, 302, 303, 307, 308] but received 404.
Failed asserting that false is true.

  at tests\Feature\ReferralEdgeCasesTest.php:341
    337Γûò         ];
    338Γûò 
    339Γûò         // First request should succeed
    340Γûò         $response1 = $this->post('/affiliate/payout/request', $payoutData);
  Γ₧£ 341Γûò         $response1->assertRedirect();
    342Γûò         
    343Γûò         // Second request should fail
    344Γûò         $response2 = $this->post('/affiliate/payout/request', $payoutData);
    345Γûò         $response2->assertSessionHasErrors('error');

  ΓöÇΓöÇΓöÇΓöÇΓöÇΓöÇΓöÇΓöÇΓöÇΓöÇΓöÇΓöÇΓöÇΓöÇΓöÇΓöÇΓöÇΓöÇΓöÇΓöÇΓöÇΓöÇΓöÇΓöÇΓöÇΓöÇΓöÇΓöÇΓöÇΓöÇΓöÇΓöÇΓöÇΓöÇΓöÇΓöÇΓöÇΓöÇΓöÇΓöÇΓöÇΓöÇΓöÇΓöÇΓöÇΓöÇΓöÇΓöÇΓöÇΓöÇΓöÇΓöÇΓöÇΓöÇΓöÇΓöÇΓöÇΓöÇΓöÇΓöÇΓöÇΓöÇΓöÇΓöÇΓöÇΓöÇΓöÇΓöÇΓöÇΓöÇΓöÇΓöÇΓöÇΓöÇΓöÇΓöÇΓöÇΓöÇΓöÇΓöÇΓöÇΓöÇΓöÇΓöÇΓöÇΓöÇΓöÇΓöÇΓöÇΓöÇΓöÇΓöÇΓöÇΓöÇΓöÇΓöÇΓöÇΓöÇΓöÇΓöÇΓöÇΓöÇΓöÇΓöÇΓöÇΓöÇΓöÇΓöÇΓöÇΓöÇΓöÇΓöÇΓöÇΓöÇΓöÇΓöÇΓöÇΓöÇΓöÇΓöÇΓöÇΓöÇΓöÇΓöÇΓöÇΓöÇΓöÇΓöÇΓöÇΓöÇΓöÇΓöÇΓöÇΓöÇΓöÇΓöÇΓöÇΓöÇΓöÇΓöÇΓöÇΓöÇΓöÇΓöÇΓöÇΓöÇΓöÇΓöÇΓöÇΓöÇΓöÇΓöÇΓöÇΓöÇΓöÇΓöÇΓöÇΓöÇΓöÇΓöÇΓöÇΓöÇΓöÇΓöÇΓöÇΓöÇΓöÇΓöÇΓöÇΓöÇΓöÇΓöÇΓöÇΓöÇΓöÇΓöÇΓöÇΓöÇΓöÇΓöÇΓöÇ  
   FAILED  Tests\Feature\ReferralEdgeCasesTest > it handles referral code with spaces only                                                                                               
  Session is missing expected key [errors].
Failed asserting that false is true.

  at tests\Feature\ReferralEdgeCasesTest.php:383
    379Γûò 
    380Γûò         $response = $this->post('/register', $userData);
    381Γûò 
    382Γûò         // Should fail validation
  Γ₧£ 383Γûò         $response->assertSessionHasErrors('referral_code');
    384Γûò     }
    385Γûò }
    386Γûò

  ΓöÇΓöÇΓöÇΓöÇΓöÇΓöÇΓöÇΓöÇΓöÇΓöÇΓöÇΓöÇΓöÇΓöÇΓöÇΓöÇΓöÇΓöÇΓöÇΓöÇΓöÇΓöÇΓöÇΓöÇΓöÇΓöÇΓöÇΓöÇΓöÇΓöÇΓöÇΓöÇΓöÇΓöÇΓöÇΓöÇΓöÇΓöÇΓöÇΓöÇΓöÇΓöÇΓöÇΓöÇΓöÇΓöÇΓöÇΓöÇΓöÇΓöÇΓöÇΓöÇΓöÇΓöÇΓöÇΓöÇΓöÇΓöÇΓöÇΓöÇΓöÇΓöÇΓöÇΓöÇΓöÇΓöÇΓöÇΓöÇΓöÇΓöÇΓöÇΓöÇΓöÇΓöÇΓöÇΓöÇΓöÇΓöÇΓöÇΓöÇΓöÇΓöÇΓöÇΓöÇΓöÇΓöÇΓöÇΓöÇΓöÇΓöÇΓöÇΓöÇΓöÇΓöÇΓöÇΓöÇΓöÇΓöÇΓöÇΓöÇΓöÇΓöÇΓöÇΓöÇΓöÇΓöÇΓöÇΓöÇΓöÇΓöÇΓöÇΓöÇΓöÇΓöÇΓöÇΓöÇΓöÇΓöÇΓöÇΓöÇΓöÇΓöÇΓöÇΓöÇΓöÇΓöÇΓöÇΓöÇΓöÇΓöÇΓöÇΓöÇΓöÇΓöÇΓöÇΓöÇΓöÇΓöÇΓöÇΓöÇΓöÇΓöÇΓöÇΓöÇΓöÇΓöÇΓöÇΓöÇΓöÇΓöÇΓöÇΓöÇΓöÇΓöÇΓöÇΓöÇΓöÇΓöÇΓöÇΓöÇΓöÇΓöÇΓöÇΓöÇΓöÇΓöÇΓöÇΓöÇΓöÇΓöÇΓöÇΓöÇΓöÇΓöÇΓöÇΓöÇΓöÇΓöÇΓöÇΓöÇΓöÇ  
   FAILED  Tests\Feature\ReferralPayoutTest > it includes referral earnings in payout request                                                                                            
  Expected response status code [201, 301, 302, 303, 307, 308] but received 404.
Failed asserting that false is true.

  at tests\Feature\ReferralPayoutTest.php:70
     66Γûò         ];
     67Γûò 
     68Γûò         $response = $this->post('/affiliate/payout/request', $payoutData);
     69Γûò 
  Γ₧£  70Γûò         $response->assertRedirect();
     71Γûò         
     72Γûò         // Check that payout was created with total amount including referrals
     73Γûò         $payout = Payout::where('affiliate_id', $this->referrerAffiliate->id)->first();
     74Γûò         $this->assertNotNull($payout);

  ΓöÇΓöÇΓöÇΓöÇΓöÇΓöÇΓöÇΓöÇΓöÇΓöÇΓöÇΓöÇΓöÇΓöÇΓöÇΓöÇΓöÇΓöÇΓöÇΓöÇΓöÇΓöÇΓöÇΓöÇΓöÇΓöÇΓöÇΓöÇΓöÇΓöÇΓöÇΓöÇΓöÇΓöÇΓöÇΓöÇΓöÇΓöÇΓöÇΓöÇΓöÇΓöÇΓöÇΓöÇΓöÇΓöÇΓöÇΓöÇΓöÇΓöÇΓöÇΓöÇΓöÇΓöÇΓöÇΓöÇΓöÇΓöÇΓöÇΓöÇΓöÇΓöÇΓöÇΓöÇΓöÇΓöÇΓöÇΓöÇΓöÇΓöÇΓöÇΓöÇΓöÇΓöÇΓöÇΓöÇΓöÇΓöÇΓöÇΓöÇΓöÇΓöÇΓöÇΓöÇΓöÇΓöÇΓöÇΓöÇΓöÇΓöÇΓöÇΓöÇΓöÇΓöÇΓöÇΓöÇΓöÇΓöÇΓöÇΓöÇΓöÇΓöÇΓöÇΓöÇΓöÇΓöÇΓöÇΓöÇΓöÇΓöÇΓöÇΓöÇΓöÇΓöÇΓöÇΓöÇΓöÇΓöÇΓöÇΓöÇΓöÇΓöÇΓöÇΓöÇΓöÇΓöÇΓöÇΓöÇΓöÇΓöÇΓöÇΓöÇΓöÇΓöÇΓöÇΓöÇΓöÇΓöÇΓöÇΓöÇΓöÇΓöÇΓöÇΓöÇΓöÇΓöÇΓöÇΓöÇΓöÇΓöÇΓöÇΓöÇΓöÇΓöÇΓöÇΓöÇΓöÇΓöÇΓöÇΓöÇΓöÇΓöÇΓöÇΓöÇΓöÇΓöÇΓöÇΓöÇΓöÇΓöÇΓöÇΓöÇΓöÇΓöÇΓöÇΓöÇΓöÇΓöÇΓöÇΓöÇΓöÇ  
   FAILED  Tests\Feature\ReferralPayoutTest > it prevents duplicate payout requests                                                                                     QueryException   
  SQLSTATE[23000]: Integrity constraint violation: 19 NOT NULL constraint failed: payouts.paypal_email (Connection: sqlite, Database: :memory:, SQL: insert into "payouts" ("affiliate_id", "amount", "status", "updated_at", "created_at") values (1, 45, pending, 2026-05-12 14:19:58, 2026-05-12 14:19:58))

  at vendor\laravel\framework\src\Illuminate\Database\Connection.php:838
    834Γûò             $exceptionType = $this->isUniqueConstraintError($e)
    835Γûò                 ? UniqueConstraintViolationException::class
    836Γûò                 : QueryException::class;
    837Γûò 
  Γ₧£ 838Γûò             throw new $exceptionType(
    839Γûò                 $this->getNameWithReadWriteType(),
    840Γûò                 $query,
    841Γûò                 $this->prepareBindings($bindings),
    842Γûò                 $e,

  1   vendor\laravel\framework\src\Illuminate\Database\Connection.php:838

  2   vendor\laravel\framework\src\Illuminate\Database\Connection.php:584
      NunoMaduro\Collision\Exceptions\TestException::("SQLSTATE[23000]: Integrity constraint violation: 19 NOT NULL constraint failed: payouts.paypal_email")

  ΓöÇΓöÇΓöÇΓöÇΓöÇΓöÇΓöÇΓöÇΓöÇΓöÇΓöÇΓöÇΓöÇΓöÇΓöÇΓöÇΓöÇΓöÇΓöÇΓöÇΓöÇΓöÇΓöÇΓöÇΓöÇΓöÇΓöÇΓöÇΓöÇΓöÇΓöÇΓöÇΓöÇΓöÇΓöÇΓöÇΓöÇΓöÇΓöÇΓöÇΓöÇΓöÇΓöÇΓöÇΓöÇΓöÇΓöÇΓöÇΓöÇΓöÇΓöÇΓöÇΓöÇΓöÇΓöÇΓöÇΓöÇΓöÇΓöÇΓöÇΓöÇΓöÇΓöÇΓöÇΓöÇΓöÇΓöÇΓöÇΓöÇΓöÇΓöÇΓöÇΓöÇΓöÇΓöÇΓöÇΓöÇΓöÇΓöÇΓöÇΓöÇΓöÇΓöÇΓöÇΓöÇΓöÇΓöÇΓöÇΓöÇΓöÇΓöÇΓöÇΓöÇΓöÇΓöÇΓöÇΓöÇΓöÇΓöÇΓöÇΓöÇΓöÇΓöÇΓöÇΓöÇΓöÇΓöÇΓöÇΓöÇΓöÇΓöÇΓöÇΓöÇΓöÇΓöÇΓöÇΓöÇΓöÇΓöÇΓöÇΓöÇΓöÇΓöÇΓöÇΓöÇΓöÇΓöÇΓöÇΓöÇΓöÇΓöÇΓöÇΓöÇΓöÇΓöÇΓöÇΓöÇΓöÇΓöÇΓöÇΓöÇΓöÇΓöÇΓöÇΓöÇΓöÇΓöÇΓöÇΓöÇΓöÇΓöÇΓöÇΓöÇΓöÇΓöÇΓöÇΓöÇΓöÇΓöÇΓöÇΓöÇΓöÇΓöÇΓöÇΓöÇΓöÇΓöÇΓöÇΓöÇΓöÇΓöÇΓöÇΓöÇΓöÇΓöÇΓöÇΓöÇΓöÇΓöÇΓöÇΓöÇ  
   FAILED  Tests\Feature\ReferralPayoutTest > it checks minimum payout with referral earnings                                                                                            
  Session is missing expected key [errors].
Failed asserting that false is true.

  at tests\Feature\ReferralPayoutTest.php:126
    122Γûò         ];
    123Γûò 
    124Γûò         $response = $this->post('/affiliate/payout/request', $payoutData);
    125Γûò 
  Γ₧£ 126Γûò         $response->assertSessionHasErrors('error');
    127Γûò         
    128Γûò         // No payout should be created
    129Γûò         $payout = Payout::where('affiliate_id', $this->referrerAffiliate->id)->first();
    130Γûò         $this->assertNull($payout);

  ΓöÇΓöÇΓöÇΓöÇΓöÇΓöÇΓöÇΓöÇΓöÇΓöÇΓöÇΓöÇΓöÇΓöÇΓöÇΓöÇΓöÇΓöÇΓöÇΓöÇΓöÇΓöÇΓöÇΓöÇΓöÇΓöÇΓöÇΓöÇΓöÇΓöÇΓöÇΓöÇΓöÇΓöÇΓöÇΓöÇΓöÇΓöÇΓöÇΓöÇΓöÇΓöÇΓöÇΓöÇΓöÇΓöÇΓöÇΓöÇΓöÇΓöÇΓöÇΓöÇΓöÇΓöÇΓöÇΓöÇΓöÇΓöÇΓöÇΓöÇΓöÇΓöÇΓöÇΓöÇΓöÇΓöÇΓöÇΓöÇΓöÇΓöÇΓöÇΓöÇΓöÇΓöÇΓöÇΓöÇΓöÇΓöÇΓöÇΓöÇΓöÇΓöÇΓöÇΓöÇΓöÇΓöÇΓöÇΓöÇΓöÇΓöÇΓöÇΓöÇΓöÇΓöÇΓöÇΓöÇΓöÇΓöÇΓöÇΓöÇΓöÇΓöÇΓöÇΓöÇΓöÇΓöÇΓöÇΓöÇΓöÇΓöÇΓöÇΓöÇΓöÇΓöÇΓöÇΓöÇΓöÇΓöÇΓöÇΓöÇΓöÇΓöÇΓöÇΓöÇΓöÇΓöÇΓöÇΓöÇΓöÇΓöÇΓöÇΓöÇΓöÇΓöÇΓöÇΓöÇΓöÇΓöÇΓöÇΓöÇΓöÇΓöÇΓöÇΓöÇΓöÇΓöÇΓöÇΓöÇΓöÇΓöÇΓöÇΓöÇΓöÇΓöÇΓöÇΓöÇΓöÇΓöÇΓöÇΓöÇΓöÇΓöÇΓöÇΓöÇΓöÇΓöÇΓöÇΓöÇΓöÇΓöÇΓöÇΓöÇΓöÇΓöÇΓöÇΓöÇΓöÇΓöÇΓöÇΓöÇΓöÇ  
   FAILED  Tests\Feature\ReferralPayoutTest > it handles payout approval with referral earnings                                                                         QueryException   
  SQLSTATE[23000]: Integrity constraint violation: 19 NOT NULL constraint failed: payouts.paypal_email (Connection: sqlite, Database: :memory:, SQL: insert into "payouts" ("affiliate_id", "amount", "status", "updated_at", "created_at") values (1, 45, pending, 2026-05-12 14:19:59, 2026-05-12 14:19:59))

  at vendor\laravel\framework\src\Illuminate\Database\Connection.php:838
    834Γûò             $exceptionType = $this->isUniqueConstraintError($e)
    835Γûò                 ? UniqueConstraintViolationException::class
    836Γûò                 : QueryException::class;
    837Γûò 
  Γ₧£ 838Γûò             throw new $exceptionType(
    839Γûò                 $this->getNameWithReadWriteType(),
    840Γûò                 $query,
    841Γûò                 $this->prepareBindings($bindings),
    842Γûò                 $e,

  1   vendor\laravel\framework\src\Illuminate\Database\Connection.php:838

  2   vendor\laravel\framework\src\Illuminate\Database\Connection.php:584
      NunoMaduro\Collision\Exceptions\TestException::("SQLSTATE[23000]: Integrity constraint violation: 19 NOT NULL constraint failed: payouts.paypal_email")

  ΓöÇΓöÇΓöÇΓöÇΓöÇΓöÇΓöÇΓöÇΓöÇΓöÇΓöÇΓöÇΓöÇΓöÇΓöÇΓöÇΓöÇΓöÇΓöÇΓöÇΓöÇΓöÇΓöÇΓöÇΓöÇΓöÇΓöÇΓöÇΓöÇΓöÇΓöÇΓöÇΓöÇΓöÇΓöÇΓöÇΓöÇΓöÇΓöÇΓöÇΓöÇΓöÇΓöÇΓöÇΓöÇΓöÇΓöÇΓöÇΓöÇΓöÇΓöÇΓöÇΓöÇΓöÇΓöÇΓöÇΓöÇΓöÇΓöÇΓöÇΓöÇΓöÇΓöÇΓöÇΓöÇΓöÇΓöÇΓöÇΓöÇΓöÇΓöÇΓöÇΓöÇΓöÇΓöÇΓöÇΓöÇΓöÇΓöÇΓöÇΓöÇΓöÇΓöÇΓöÇΓöÇΓöÇΓöÇΓöÇΓöÇΓöÇΓöÇΓöÇΓöÇΓöÇΓöÇΓöÇΓöÇΓöÇΓöÇΓöÇΓöÇΓöÇΓöÇΓöÇΓöÇΓöÇΓöÇΓöÇΓöÇΓöÇΓöÇΓöÇΓöÇΓöÇΓöÇΓöÇΓöÇΓöÇΓöÇΓöÇΓöÇΓöÇΓöÇΓöÇΓöÇΓöÇΓöÇΓöÇΓöÇΓöÇΓöÇΓöÇΓöÇΓöÇΓöÇΓöÇΓöÇΓöÇΓöÇΓöÇΓöÇΓöÇΓöÇΓöÇΓöÇΓöÇΓöÇΓöÇΓöÇΓöÇΓöÇΓöÇΓöÇΓöÇΓöÇΓöÇΓöÇΓöÇΓöÇΓöÇΓöÇΓöÇΓöÇΓöÇΓöÇΓöÇΓöÇΓöÇΓöÇΓöÇΓöÇΓöÇΓöÇΓöÇΓöÇΓöÇΓöÇΓöÇΓöÇΓöÇΓöÇ  
   FAILED  Tests\Feature\ReferralPayoutTest > it handles zero referral earnings                                                                                                          
  Expected response status code [201, 301, 302, 303, 307, 308] but received 404.
Failed asserting that false is true.

  at tests\Feature\ReferralPayoutTest.php:208
    204Γûò         ];
    205Γûò 
    206Γûò         $response = $this->post('/affiliate/payout/request', $payoutData);
    207Γûò 
  Γ₧£ 208Γûò         $response->assertRedirect();
    209Γûò         
    210Γûò         // Payout should only include direct earnings
    211Γûò         $payout = Payout::where('affiliate_id', $noReferralAffiliate->id)->first();
    212Γûò         $this->assertNotNull($payout);

  ΓöÇΓöÇΓöÇΓöÇΓöÇΓöÇΓöÇΓöÇΓöÇΓöÇΓöÇΓöÇΓöÇΓöÇΓöÇΓöÇΓöÇΓöÇΓöÇΓöÇΓöÇΓöÇΓöÇΓöÇΓöÇΓöÇΓöÇΓöÇΓöÇΓöÇΓöÇΓöÇΓöÇΓöÇΓöÇΓöÇΓöÇΓöÇΓöÇΓöÇΓöÇΓöÇΓöÇΓöÇΓöÇΓöÇΓöÇΓöÇΓöÇΓöÇΓöÇΓöÇΓöÇΓöÇΓöÇΓöÇΓöÇΓöÇΓöÇΓöÇΓöÇΓöÇΓöÇΓöÇΓöÇΓöÇΓöÇΓöÇΓöÇΓöÇΓöÇΓöÇΓöÇΓöÇΓöÇΓöÇΓöÇΓöÇΓöÇΓöÇΓöÇΓöÇΓöÇΓöÇΓöÇΓöÇΓöÇΓöÇΓöÇΓöÇΓöÇΓöÇΓöÇΓöÇΓöÇΓöÇΓöÇΓöÇΓöÇΓöÇΓöÇΓöÇΓöÇΓöÇΓöÇΓöÇΓöÇΓöÇΓöÇΓöÇΓöÇΓöÇΓöÇΓöÇΓöÇΓöÇΓöÇΓöÇΓöÇΓöÇΓöÇΓöÇΓöÇΓöÇΓöÇΓöÇΓöÇΓöÇΓöÇΓöÇΓöÇΓöÇΓöÇΓöÇΓöÇΓöÇΓöÇΓöÇΓöÇΓöÇΓöÇΓöÇΓöÇΓöÇΓöÇΓöÇΓöÇΓöÇΓöÇΓöÇΓöÇΓöÇΓöÇΓöÇΓöÇΓöÇΓöÇΓöÇΓöÇΓöÇΓöÇΓöÇΓöÇΓöÇΓöÇΓöÇΓöÇΓöÇΓöÇΓöÇΓöÇΓöÇΓöÇΓöÇΓöÇΓöÇΓöÇΓöÇΓöÇΓöÇΓöÇ  
   FAILED  Tests\Feature\ReferralPayoutTest > it handles only referral earnings                                                                                                          
  Expected response status code [201, 301, 302, 303, 307, 308] but received 404.
Failed asserting that false is true.

  at tests\Feature\ReferralPayoutTest.php:242
    238Γûò         ];
    239Γûò 
    240Γûò         $response = $this->post('/affiliate/payout/request', $payoutData);
    241Γûò 
  Γ₧£ 242Γûò         $response->assertRedirect();
    243Γûò         
    244Γûò         // Payout should only include referral earnings
    245Γûò         $payout = Payout::where('affiliate_id', $onlyReferralAffiliate->id)->first();
    246Γûò         $this->assertNotNull($payout);

  ΓöÇΓöÇΓöÇΓöÇΓöÇΓöÇΓöÇΓöÇΓöÇΓöÇΓöÇΓöÇΓöÇΓöÇΓöÇΓöÇΓöÇΓöÇΓöÇΓöÇΓöÇΓöÇΓöÇΓöÇΓöÇΓöÇΓöÇΓöÇΓöÇΓöÇΓöÇΓöÇΓöÇΓöÇΓöÇΓöÇΓöÇΓöÇΓöÇΓöÇΓöÇΓöÇΓöÇΓöÇΓöÇΓöÇΓöÇΓöÇΓöÇΓöÇΓöÇΓöÇΓöÇΓöÇΓöÇΓöÇΓöÇΓöÇΓöÇΓöÇΓöÇΓöÇΓöÇΓöÇΓöÇΓöÇΓöÇΓöÇΓöÇΓöÇΓöÇΓöÇΓöÇΓöÇΓöÇΓöÇΓöÇΓöÇΓöÇΓöÇΓöÇΓöÇΓöÇΓöÇΓöÇΓöÇΓöÇΓöÇΓöÇΓöÇΓöÇΓöÇΓöÇΓöÇΓöÇΓöÇΓöÇΓöÇΓöÇΓöÇΓöÇΓöÇΓöÇΓöÇΓöÇΓöÇΓöÇΓöÇΓöÇΓöÇΓöÇΓöÇΓöÇΓöÇΓöÇΓöÇΓöÇΓöÇΓöÇΓöÇΓöÇΓöÇΓöÇΓöÇΓöÇΓöÇΓöÇΓöÇΓöÇΓöÇΓöÇΓöÇΓöÇΓöÇΓöÇΓöÇΓöÇΓöÇΓöÇΓöÇΓöÇΓöÇΓöÇΓöÇΓöÇΓöÇΓöÇΓöÇΓöÇΓöÇΓöÇΓöÇΓöÇΓöÇΓöÇΓöÇΓöÇΓöÇΓöÇΓöÇΓöÇΓöÇΓöÇΓöÇΓöÇΓöÇΓöÇΓöÇΓöÇΓöÇΓöÇΓöÇΓöÇΓöÇΓöÇΓöÇΓöÇΓöÇΓöÇΓöÇΓöÇ  
   FAILED  Tests\Feature\ReferralPayoutTest > it validates payout request data                                                                                                           
  Session is missing expected key [errors].
Failed asserting that false is true.

  at tests\Feature\ReferralPayoutTest.php:259
    255Γûò         // Test missing payment method
    256Γûò         $response = $this->post('/affiliate/payout/request', [
    257Γûò             'payment_email' => 'paypal@example.com',
    258Γûò         ]);
  Γ₧£ 259Γûò         $response->assertSessionHasErrors('payment_method');
    260Γûò         
    261Γûò         // Test missing payment email
    262Γûò         $response = $this->post('/affiliate/payout/request', [
    263Γûò             'payment_method' => 'PayPal',

  ΓöÇΓöÇΓöÇΓöÇΓöÇΓöÇΓöÇΓöÇΓöÇΓöÇΓöÇΓöÇΓöÇΓöÇΓöÇΓöÇΓöÇΓöÇΓöÇΓöÇΓöÇΓöÇΓöÇΓöÇΓöÇΓöÇΓöÇΓöÇΓöÇΓöÇΓöÇΓöÇΓöÇΓöÇΓöÇΓöÇΓöÇΓöÇΓöÇΓöÇΓöÇΓöÇΓöÇΓöÇΓöÇΓöÇΓöÇΓöÇΓöÇΓöÇΓöÇΓöÇΓöÇΓöÇΓöÇΓöÇΓöÇΓöÇΓöÇΓöÇΓöÇΓöÇΓöÇΓöÇΓöÇΓöÇΓöÇΓöÇΓöÇΓöÇΓöÇΓöÇΓöÇΓöÇΓöÇΓöÇΓöÇΓöÇΓöÇΓöÇΓöÇΓöÇΓöÇΓöÇΓöÇΓöÇΓöÇΓöÇΓöÇΓöÇΓöÇΓöÇΓöÇΓöÇΓöÇΓöÇΓöÇΓöÇΓöÇΓöÇΓöÇΓöÇΓöÇΓöÇΓöÇΓöÇΓöÇΓöÇΓöÇΓöÇΓöÇΓöÇΓöÇΓöÇΓöÇΓöÇΓöÇΓöÇΓöÇΓöÇΓöÇΓöÇΓöÇΓöÇΓöÇΓöÇΓöÇΓöÇΓöÇΓöÇΓöÇΓöÇΓöÇΓöÇΓöÇΓöÇΓöÇΓöÇΓöÇΓöÇΓöÇΓöÇΓöÇΓöÇΓöÇΓöÇΓöÇΓöÇΓöÇΓöÇΓöÇΓöÇΓöÇΓöÇΓöÇΓöÇΓöÇΓöÇΓöÇΓöÇΓöÇΓöÇΓöÇΓöÇΓöÇΓöÇΓöÇΓöÇΓöÇΓöÇΓöÇΓöÇΓöÇΓöÇΓöÇΓöÇΓöÇΓöÇΓöÇΓöÇΓöÇ  
   FAILED  Tests\Feature\ReferralPayoutTest > it requires authentication for payout request                                                                                              
  Expected response status code [201, 301, 302, 303, 307, 308] but received 404.
Failed asserting that false is true.

  at tests\Feature\ReferralPayoutTest.php:285
    281Γûò         ];
    282Γûò 
    283Γûò         $response = $this->post('/affiliate/payout/request', $payoutData);
    284Γûò 
  Γ₧£ 285Γûò         $response->assertRedirect('/login');
    286Γûò     }
    287Γûò 
    288Γûò     /** @test */
    289Γûò     public function it_requires_affiliate_account_for_payout_request()


  Tests:    43 failed, 480 passed (7529 assertions)
  Duration: 68.41s

